################################################################################
#                                                                              #
#      IAR Universal Linker V4.60I/386                                         #
#                                                                              #
#           Link time     =  04/Dec/2011  15:19:37                             #
#           Target CPU    =  ARM                                               #
#           List file     =  D:\SVN\SieELF\SieELF\PasswordAlt\S7Cv47\List\IME_ #
#                            PINYIN.map                                        #
#           Output file 1 =  D:\SVN\SieELF\SieELF\PasswordAlt\S7Cv47\Exe\IME_P #
#                            INYIN.elf                                         #
#                            Format: elf, variant: -yas                        #
#           Command line  =  D:\SVN\SieELF\SieELF\PasswordAlt\S7Cv47\Obj\main. #
#                            r79                                               #
#                            -o                                                #
#                            D:\SVN\SieELF\SieELF\PasswordAlt\S7Cv47\Exe\IME_P #
#                            INYIN.elf                                         #
#                            -Felf -yas -l                                     #
#                            D:\SVN\SieELF\SieELF\PasswordAlt\S7Cv47\List\IME_ #
#                            PINYIN.map                                        #
#                            -xmsnio                                           #
#                            "-ID:\Program Files\IAR\Embedded Workbench 4.0 Ev #
#                            aluation\ARM\LIB\"                                #
#                            -f D:\SVN\SieELF\SieELF\PasswordAlt\S7Cv47.xcl    #
#                            (-carm -Z(CODE)DUMP=A152E390-FFFFFFFF             #
#                            -Z(CODE)CODE=A152E450-FFFFFFFF                    #
#                            -Z(CODE)ENTRY1=A04701A8-FFFFFFFF                  #
#                            -Z(CODE)DUMP1=A152E330-FFFFFFFF                   #
#                            -Z(CODE)ENTRY2=A045BB10-FFFFFFFF                  #
#                            -Z(CODE)DUMP2=A152E338-FFFFFFFF)                  #
#                                                                              #
#                        Copyright 1987-2007 IAR Systems. All rights reserved. #
################################################################################





                ****************************************
                *                                      *
                *           CROSS REFERENCE            *
                *                                      *
                ****************************************

                  There are no program entries.




                ****************************************
                *                                      *
                *              MODULE MAP              *
                *                                      *
                ****************************************


  DEFINED ABSOLUTE ENTRIES
    *************************************************************************

  FILE NAME : D:\SVN\SieELF\SieELF\PasswordAlt\S7Cv47\Obj\main.r79
  PROGRAM MODULE, NAME : main

  SEGMENTS IN THE MODULE
  ======================
DUMP
  Relative segment, address: A152E390 - A152E399 (0xa bytes), align: 2
  Segment part 0. ROOT.
    -------------------------------------------------------------------------
CODE
  Relative segment, address: A152E450 - A152E8E7 (0x498 bytes), align: 2
  Segment part 1. ROOT.       Intra module refs:   Segment part 0




                ****************************************
                *                                      *
                *            MODULE SUMMARY            *
                *                                      *
                ****************************************

Module   CODE
------   ----
        (Rel)
main    1 186
------  -----
Total:  1 186


                ****************************************
                *                                      *
                *              CALL GRAPH              *
                *                                      *
                ****************************************

No call graph information available


                ****************************************
                *                                      *
                *      SEGMENTS IN ADDRESS ORDER       *
                *                                      *
                ****************************************


SEGMENT              SPACE    START ADDRESS   END ADDRESS     SIZE  TYPE  ALIGN
=======              =====    =============   ===========     ====  ====  =====
DUMP                               A152E390 - A152E399           A   rel    2
CODE                               A152E450 - A152E8E7         498   rel    2

                ****************************************
                *                                      *
                *        END OF CROSS REFERENCE        *
                *                                      *
                ****************************************

 1 186 bytes of CODE memory

Errors: none
Warnings: none

