################################################################################
#                                                                              #
#      IAR Universal Linker V4.60I/386                                         #
#                                                                              #
#           Link time     =  14/Feb/2012  14:13:22                             #
#           Target CPU    =  ARM                                               #
#           List file     =  D:\SVN\SieELF\SieELF\cbn_SRC\Timeman\Release\List #
#                            \TimeMan.map                                      #
#           Output file 1 =  D:\SVN\SieELF\SieELF\cbn_SRC\Timeman\Release\Exe\ #
#                            TimeMan.elf                                       #
#                            Format: elf, variant: -ynpraw                     #
#           Command line  =  D:\SVN\SieELF\SieELF\cbn_SRC\Timeman\Release\Obj\ #
#                            FUNC.r79                                          #
#                            D:\SVN\SieELF\SieELF\cbn_SRC\Timeman\Release\Obj\ #
#                            Timer.r79                                         #
#                            -o                                                #
#                            D:\SVN\SieELF\SieELF\cbn_SRC\Timeman\Release\Exe\ #
#                            TimeMan.elf                                       #
#                            -Felf -l                                          #
#                            D:\SVN\SieELF\SieELF\cbn_SRC\Timeman\Release\List #
#                            \TimeMan.map                                      #
#                            -xmsnio -f                                        #
#                            D:\SVN\SieELF\SieELF\cbn_SRC\Timeman\test.xcl     #
#                            (-carm -V(CODE)CODE_AREA,12                       #
#                            -V(DATA)DATA_AREA,12                              #
#                            -Z(CODE_AREA)ELFBEGIN,DATA_ID,START,CODE,DATA_C,I #
#                            NITTAB,DATA_Z,DATA_N,CONFIG_C,DIFUNCT,HEAP,ICODE= #
#                            0-FFFFFFFF                                        #
#                            -Z(DATA_AREA)DATA_I=0-FFFFFFFF) -ynpraw -s main   #
#                                                                              #
#                        Copyright 1987-2007 IAR Systems. All rights reserved. #
################################################################################





                ****************************************
                *                                      *
                *           CROSS REFERENCE            *
                *                                      *
                ****************************************

       Program entry at : CODE_AREA 00000220  Relocatable, from module : Timer




                ****************************************
                *                                      *
                *            RUNTIME MODEL             *
                *                                      *
                ****************************************

  StackAlign4  = USED
  __cpu_mode   = __pcs__interwork
  __data_model = absolute
  __endian     = little
  __rt_version = 6



                ****************************************
                *                                      *
                *              MODULE MAP              *
                *                                      *
                ****************************************


  DEFINED ABSOLUTE ENTRIES
    *************************************************************************

  DEFINED ABSOLUTE ENTRIES
    *************************************************************************

  FILE NAME : D:\SVN\SieELF\SieELF\cbn_SRC\Timeman\Release\Obj\FUNC.r79
  PROGRAM MODULE, NAME : FUNC

  SEGMENTS IN THE MODULE
  ======================
ELFBEGIN
  Relative segment, address: CODE_AREA 00000000, align: 0
  Segment part 0. ROOT.
           ENTRY                   ADDRESS         REF BY
           =====                   =======         ======
           ELF_BEGIN               00000000        Killer (Timer)
    -------------------------------------------------------------------------
CODE
  Relative segment, address: CODE_AREA 00000000 - 00000003 (0x4 bytes), align: 2
  Segment part 1. ROOT.
           ENTRY                   ADDRESS         REF BY
           =====                   =======         ======
           kill_data               00000000 

    *************************************************************************

  FILE NAME : D:\SVN\SieELF\SieELF\cbn_SRC\Timeman\Release\Obj\Timer.r79
  PROGRAM MODULE, NAME : Timer

  SEGMENTS IN THE MODULE
  ======================
DATA_Z
  Relative segment, address: CODE_AREA 0000071C - 0000072B (0x10 bytes), align: 2
  Segment part 4.             Intra module refs:   Check
           ENTRY                   ADDRESS         REF BY
           =====                   =======         ======
           mytmr                   0000071C 
    -------------------------------------------------------------------------
DATA_Z
  Relative segment, address: CODE_AREA 0000073C - 0000073C (0x1 bytes), align: 0
  Segment part 5.             Intra module refs:   Check
           ENTRY                   ADDRESS         REF BY
           =====                   =======         ======
           first                   0000073C 
    -------------------------------------------------------------------------
DATA_Z
  Relative segment, address: CODE_AREA 0000072C - 0000072F (0x4 bytes), align: 2
  Segment part 6.             Intra module refs:   Segment part 18
                                                   loadini
           ENTRY                   ADDRESS         REF BY
           =====                   =======         ======
           lnk                     0000072C 
    -------------------------------------------------------------------------
DATA_Z
  Relative segment, address: CODE_AREA 00000730 - 00000733 (0x4 bytes), align: 2
  Segment part 7.             Intra module refs:   Check
                                                   everymin
                                                   loadini
           ENTRY                   ADDRESS         REF BY
           =====                   =======         ======
           maxtask                 00000730 
    -------------------------------------------------------------------------
DATA_Z
  Relative segment, address: CODE_AREA 00000734 - 00000737 (0x4 bytes), align: 2
  Segment part 8.             Intra module refs:   Segment part 15
                                                   everymin
                                                   loadini
           ENTRY                   ADDRESS         REF BY
           =====                   =======         ======
           task                    00000734 
    -------------------------------------------------------------------------
DATA_Z
  Relative segment, address: CODE_AREA 00000738 - 0000073B (0x4 bytes), align: 2
  Segment part 9.             Intra module refs:   everymin
                                                   loadini
           ENTRY                   ADDRESS         REF BY
           =====                   =======         ======
           mask                    00000738 
    -------------------------------------------------------------------------
CODE
  Relative segment, address: CODE_AREA 00000004 - 000000FF (0xfc bytes), align: 2
  Segment part 10.            Intra module refs:   Check
           ENTRY                   ADDRESS         REF BY
           =====                   =======         ======
           everymin                00000004 
               stack 1 = 00000000 ( 00000020 )
    -------------------------------------------------------------------------
CODE
  Segment part 11. NOT NEEDED.
    -------------------------------------------------------------------------
CODE
  Relative segment, address: CODE_AREA 00000100 - 000001D7 (0xd8 bytes), align: 2
  Segment part 12.            Intra module refs:   main
           ENTRY                   ADDRESS         REF BY
           =====                   =======         ======
           Check                   00000100 
               stack 1 = 00000000 ( 00000018 )
    -------------------------------------------------------------------------
CODE
  Segment part 13. NOT NEEDED.
    -------------------------------------------------------------------------
CODE
  Relative segment, address: CODE_AREA 000001D8 - 0000021B (0x44 bytes), align: 2
  Segment part 14.            Intra module refs:   main
           ENTRY                   ADDRESS         REF BY
           =====                   =======         ======
           Killer                  000001D8 
               stack 1 = 00000000 ( 00000004 )
    -------------------------------------------------------------------------
CODE
  Relative segment, address: CODE_AREA 0000021C - 0000021F (0x4 bytes), align: 2
  Segment part 15.            Intra module refs:   Check
                                                   Killer
    -------------------------------------------------------------------------
CODE
  Segment part 16. NOT NEEDED.
    -------------------------------------------------------------------------
CODE
  Relative segment, address: CODE_AREA 00000220 - 00000347 (0x128 bytes), align: 2
  Segment part 17.
           ENTRY                   ADDRESS         REF BY
           =====                   =======         ======
           main                    00000220        Absolute parts (?ABS_ENTRY_MOD)
               stack 1 = 00000000 ( 00000018 )
    -------------------------------------------------------------------------
CODE
  Relative segment, address: CODE_AREA 00000348 - 0000034B (0x4 bytes), align: 2
  Segment part 18.            Intra module refs:   Killer
                                                   main
    -------------------------------------------------------------------------
CODE
  Segment part 19. NOT NEEDED.Intra module refs:   Check
    -------------------------------------------------------------------------
CODE
  Segment part 20. NOT NEEDED.Intra module refs:   main
    -------------------------------------------------------------------------
CODE
  Relative segment, address: CODE_AREA 0000034C - 000006F3 (0x3a8 bytes), align: 2
  Segment part 21.            Intra module refs:   main
           ENTRY                   ADDRESS         REF BY
           =====                   =======         ======
           loadini                 0000034C 
               stack 1 = 00000000 ( 00000020 )
    -------------------------------------------------------------------------
CSTACK
  Segment part 1. NOT NEEDED.
    -------------------------------------------------------------------------
INITTAB
  Relative segment, address: CODE_AREA 00000710 - 0000071B (0xc bytes), align: 2
  Segment part 22. ROOT.
           ENTRY                   ADDRESS         REF BY
           =====                   =======         ======
           ?init?tab?DATA_Z        00000710 
    -------------------------------------------------------------------------
DATA_C
  Segment part 2. NOT NEEDED.
    -------------------------------------------------------------------------
DATA_C
  Relative segment, address: CODE_AREA 000006F4 - 0000070F (0x1c bytes), align: 2
  Segment part 3.             Intra module refs:   main




                ****************************************
                *                                      *
                *            MODULE SUMMARY            *
                *                                      *
                ****************************************

Module   CODE
------   ----
        (Rel)
FUNC        4
Timer   1 849
------  -----
Total:  1 853


                ****************************************
                *                                      *
                *              CALL GRAPH              *
                *                                      *
                ****************************************

  ->Sub-tree of type: Indirectly called function tree that does not make
                    : indirect calls (Is not an interrupt and is not flagged
                    : as not overlayable)
                             CSTACK
    | Stack used (prev) :  00000000
  01  Check
      | Stack used (prev) :  00000000
      | + function block  :  00000018
  <-Sub-tree of type: Indirectly called function tree that does not make
                    : indirect calls (Is not an interrupt and is not flagged
                    : as not overlayable)
    | Stack used          :  00000018


  ->Sub-tree of type: Indirectly called function tree that does not make
                    : indirect calls (Is not an interrupt and is not flagged
                    : as not overlayable)
                             CSTACK
    | Stack used (prev) :  00000000
  01  Killer
      | Stack used (prev) :  00000000
      | + function block  :  00000004
  <-Sub-tree of type: Indirectly called function tree that does not make
                    : indirect calls (Is not an interrupt and is not flagged
                    : as not overlayable)
    | Stack used          :  00000004


  ->Sub-tree of type: Function tree
                             CSTACK
    | Stack used (prev) :  00000018
  01  everymin
      | Stack used (prev) :  00000018
      | + function block  :  00000020
  <-Sub-tree of type: Function tree
    | Stack used          :  00000038


  ->Sub-tree of type: Function tree
                             CSTACK
    | Stack used (prev) :  00000038
  01  main
      | Stack used (prev) :  00000038
      | + function block  :  00000018
  <-Sub-tree of type: Function tree
    | Stack used          :  00000050


  ->Sub-tree of type: Function tree
                             CSTACK
    | Stack used (prev) :  00000050
  01  loadini
      | Stack used (prev) :  00000050
      | + function block  :  00000020
  <-Sub-tree of type: Function tree
    | Stack used          :  00000070




                ****************************************
                *                                      *
                *      SEGMENTS IN ADDRESS ORDER       *
                *                                      *
                ****************************************


SEGMENT              SPACE    START ADDRESS   END ADDRESS     SIZE  TYPE  ALIGN
=======              =====    =============   ===========     ====  ====  =====
DATA_ID              CODE_AREA           00000000                     dse    0
START                CODE_AREA           00000000                     dse    0
ELFBEGIN             CODE_AREA           00000000                     rel    0
CODE                 CODE_AREA      00000000 - 000006F3         6F4   rel    2
DATA_C               CODE_AREA      000006F4 - 0000070F          1C   rel    2
INITTAB              CODE_AREA      00000710 - 0000071B           C   rel    2
DATA_Z               CODE_AREA      0000071C - 0000073C          21   rel    2

                ****************************************
                *                                      *
                *        END OF CROSS REFERENCE        *
                *                                      *
                ****************************************

 1 853 bytes of CODE memory

Errors: none
Warnings: none

