Error[e46]: Undefined external "memcpy" referred in Main ( G:\Arm\SieELF\cbn_SRC\MP3Player\Release\Obj\Main.r79 )
Error[e46]: Undefined external "memset" referred in Main ( G:\Arm\SieELF\cbn_SRC\MP3Player\Release\Obj\Main.r79 )
################################################################################
#                                                                              #
#      IAR Universal Linker V4.60I/386                                         #
#                                                                              #
#           Link time     =  13/Aug/2008  23:00:39                             #
#           Target CPU    =  ARM                                               #
#           List file     =  G:\Arm\SieELF\cbn_SRC\MP3Player\Release\List\MP3. #
#                            map                                               #
#           Output file 1 =  G:\Arm\SieELF\cbn_SRC\MP3Player\Release\Exe\MP3.e #
#                            lf                                                #
#                            Format: elf, variant: -ynpra                      #
#           Command line  =  G:\Arm\SieELF\cbn_SRC\MP3Player\Release\Obj\Main. #
#                            r79                                               #
#                            G:\Arm\SieELF\cbn_SRC\MP3Player\Release\Obj\bitst #
#                            ream.r79                                          #
#                            G:\Arm\SieELF\cbn_SRC\MP3Player\Release\Obj\buffe #
#                            rs.r79                                            #
#                            G:\Arm\SieELF\cbn_SRC\MP3Player\Release\Obj\dct32 #
#                            .r79                                              #
#                            G:\Arm\SieELF\cbn_SRC\MP3Player\Release\Obj\dequa #
#                            nt.r79                                            #
#                            G:\Arm\SieELF\cbn_SRC\MP3Player\Release\Obj\dqcha #
#                            n.r79                                             #
#                            G:\Arm\SieELF\cbn_SRC\MP3Player\Release\Obj\func. #
#                            r79                                               #
#                            G:\Arm\SieELF\cbn_SRC\MP3Player\Release\Obj\huffm #
#                            an.r79                                            #
#                            G:\Arm\SieELF\cbn_SRC\MP3Player\Release\Obj\hufft #
#                            abs.r79                                           #
#                            G:\Arm\SieELF\cbn_SRC\MP3Player\Release\Obj\imdct #
#                            .r79                                              #
#                            G:\Arm\SieELF\cbn_SRC\MP3Player\Release\Obj\mp3ta #
#                            bs.r79                                            #
#                            G:\Arm\SieELF\cbn_SRC\MP3Player\Release\Obj\polyp #
#                            hase.r79                                          #
#                            G:\Arm\SieELF\cbn_SRC\MP3Player\Release\Obj\scalf #
#                            act.r79                                           #
#                            G:\Arm\SieELF\cbn_SRC\MP3Player\Release\Obj\stpro #
#                            c.r79                                             #
#                            G:\Arm\SieELF\cbn_SRC\MP3Player\Release\Obj\subba #
#                            nd.r79                                            #
#                            G:\Arm\SieELF\cbn_SRC\MP3Player\Release\Obj\trigt #
#                            abs.r79                                           #
#                            G:\Arm\SieELF\cbn_SRC\MP3Player\div.r79 -o        #
#                            G:\Arm\SieELF\cbn_SRC\MP3Player\Release\Exe\MP3.e #
#                            lf                                                #
#                            -Felf -l                                          #
#                            G:\Arm\SieELF\cbn_SRC\MP3Player\Release\List\MP3. #
#                            map                                               #
#                            -xmsnio -f                                        #
#                            G:\Arm\SieELF\cbn_SRC\MP3Player\test.xcl (-carm   #
#                            -V(CODE)CODE_AREA,12 -V(DATA)DATA_AREA,12         #
#                            -Z(CODE_AREA)ELFBEGIN,DATA_ID,START,CODE,DATA_C,I #
#                            NITTAB,DATA_Z,DATA_N,CONFIG_C=0-FFFFFFFF          #
#                            -Z(DATA_AREA)DATA_I=0-FFFFFFFF) -ynpra -s main    #
#                                                                              #
#                        Copyright 1987-2007 IAR Systems. All rights reserved. #
################################################################################





                ****************************************
                *                                      *
                *           CROSS REFERENCE            *
                *                                      *
                ****************************************

       Program entry at : CODE_AREA 00002A74  Relocatable, from module : Main




                ****************************************
                *                                      *
                *            RUNTIME MODEL             *
                *                                      *
                ****************************************

  StackAlign4  = USED
  __cpu_mode   = __pcs__interwork
  __data_model = absolute
  __endian     = little
  __rt_version = 6



                ****************************************
                *                                      *
                *              MODULE MAP              *
                *                                      *
                ****************************************


  DEFINED ABSOLUTE ENTRIES
    *************************************************************************

  DEFINED ABSOLUTE ENTRIES
    *************************************************************************

  FILE NAME : G:\Arm\SieELF\cbn_SRC\MP3Player\Release\Obj\Main.r79
  PROGRAM MODULE, NAME : Main

  SEGMENTS IN THE MODULE
  ======================
DATA_Z
  Relative segment, address: CODE_AREA 0000B5D8 - 0000B5DB (0x4 bytes), align: 2
  Segment part 19.            Intra module refs:   randint
           ENTRY                   ADDRESS         REF BY
           =====                   =======         ======
           randseed                0000B5D8 
    -------------------------------------------------------------------------
CODE
  Segment part 29. NOT NEEDED.
    -------------------------------------------------------------------------
CODE
  Relative segment, address: CODE_AREA 00000494 - 000004D3 (0x40 bytes), align: 2
  Segment part 30.            Intra module refs:   ControlKeys
                                                   PB
           ENTRY                   ADDRESS         REF BY
           =====                   =======         ======
           randint                 00000494 
               stack 1 = 00000000 ( 00000008 )
    -------------------------------------------------------------------------
CODE
  Segment part 31. NOT NEEDED.
    -------------------------------------------------------------------------
CODE
  Segment part 32. NOT NEEDED.
           ENTRY                   ADDRESS         REF BY
           =====                   =======         ======
           MP3InitDecoder          
               not allocated function
    -------------------------------------------------------------------------
CODE
  Segment part 33. NOT NEEDED.
    -------------------------------------------------------------------------
CODE
  Segment part 34. NOT NEEDED.
           ENTRY                   ADDRESS         REF BY
           =====                   =======         ======
           MP3FreeDecoder          
               not allocated function
    -------------------------------------------------------------------------
CODE
  Segment part 35. NOT NEEDED.
    -------------------------------------------------------------------------
CODE
  Relative segment, address: CODE_AREA 000004D4 - 0000051B (0x48 bytes), align: 2
  Segment part 36.            Intra module refs:   GetSound
                                                   MP3Decode
                                                   Mp3Init
           ENTRY                   ADDRESS         REF BY
           =====                   =======         ======
           MP3FindSyncWord         000004D4 
    -------------------------------------------------------------------------
CODE
  Segment part 37. NOT NEEDED.
    -------------------------------------------------------------------------
CODE
  Relative segment, address: CODE_AREA 0000051C - 000005C3 (0xa8 bytes), align: 2
  Segment part 38.            Intra module refs:   Mp3Init
           ENTRY                   ADDRESS         REF BY
           =====                   =======         ======
           MP3GetLastFrameInfo     0000051C 
               stack 1 = 00000000 ( 0000000C )
    -------------------------------------------------------------------------
CODE
  Segment part 39. NOT NEEDED.
    -------------------------------------------------------------------------
CODE
  Segment part 40. NOT NEEDED.
           ENTRY                   ADDRESS         REF BY
           =====                   =======         ======
           MP3GetNextFrameInfo     
               not allocated function
    -------------------------------------------------------------------------
CODE
  Segment part 41. NOT NEEDED.
    -------------------------------------------------------------------------
CODE
  Relative segment, address: CODE_AREA 000005C4 - 00000603 (0x40 bytes), align: 2
  Segment part 42.            Intra module refs:   MP3Decode
           LOCAL                   ADDRESS         
           =====                   =======         
           MP3ClearBadFrame        000005C4 
    -------------------------------------------------------------------------
CODE
  Segment part 43. NOT NEEDED.
    -------------------------------------------------------------------------
CODE
  Relative segment, address: CODE_AREA 00000604 - 00000AAB (0x4a8 bytes), align: 2
  Segment part 44.            Intra module refs:   GetSound
                                                   Mp3Init
           ENTRY                   ADDRESS         REF BY
           =====                   =======         ======
           MP3Decode               00000604 
               stack 1 = 00000000 ( 00000038 )
    -------------------------------------------------------------------------
CODE
  Segment part 45. NOT NEEDED.
    -------------------------------------------------------------------------
DATA_Z
  Segment part 20. NOT NEEDED.
           ENTRY                   ADDRESS         REF BY
           =====                   =======         ======
           framesize               
    -------------------------------------------------------------------------
CODE
  Relative segment, address: CODE_AREA 00000AAC - 00000B1B (0x70 bytes), align: 2
  Segment part 46.            Intra module refs:   GetSound
                                                   Mp3Init
           ENTRY                   ADDRESS         REF BY
           =====                   =======         ======
           ReadMp3File             00000AAC 
               stack 1 = 00000000 ( 0000000C )
    -------------------------------------------------------------------------
CODE
  Segment part 47. NOT NEEDED.
    -------------------------------------------------------------------------
CODE
  Relative segment, address: CODE_AREA 00000B1C - 00000B63 (0x48 bytes), align: 2
  Segment part 48.            Intra module refs:   AudioStop
                                                   PB
           ENTRY                   ADDRESS         REF BY
           =====                   =======         ======
           FreeMp3                 00000B1C 
               stack 1 = 00000000 ( 00000008 )
    -------------------------------------------------------------------------
CODE
  Segment part 49. NOT NEEDED.
    -------------------------------------------------------------------------
CODE
  Relative segment, address: CODE_AREA 00000B64 - 00000C9B (0x138 bytes), align: 2
  Segment part 50.            Intra module refs:   FillBuffer
                                                   FillBuffer1
                                                   FillBuffer2
                                                   RipToFile
           ENTRY                   ADDRESS         REF BY
           =====                   =======         ======
           GetSound                00000B64 
               stack 1 = 00000000 ( 00000020 )
    -------------------------------------------------------------------------
CODE
  Relative segment, address: CODE_AREA 00000C9C - 00000C9F (0x4 bytes), align: 2
  Segment part 51.            Intra module refs:   GetSound
    -------------------------------------------------------------------------
CODE
  Segment part 52. NOT NEEDED.
    -------------------------------------------------------------------------
CODE
  Relative segment, address: CODE_AREA 00000CA0 - 00000E23 (0x184 bytes), align: 2
  Segment part 53.            Intra module refs:   ControlKeys
                                                   PB
                                                   PlaylistOnKey
                                                   RipToFile
                                                   onstart
           ENTRY                   ADDRESS         REF BY
           =====                   =======         ======
           Mp3Init                 00000CA0 
               stack 1 = 00000000 ( 0000001C )
    -------------------------------------------------------------------------
CODE
  Segment part 54. NOT NEEDED.
    -------------------------------------------------------------------------
CODE
  Relative segment, address: CODE_AREA 00000E24 - 0000102B (0x208 bytes), align: 2
  Segment part 55.            Intra module refs:   FillBuffer
                                                   FillBuffer1
                                                   FillBuffer2
                                                   RipToFile
           ENTRY                   ADDRESS         REF BY
           =====                   =======         ======
           ImaCodeBlock            00000E24 
               stack 1 = 00000000 ( 00000028 )
    -------------------------------------------------------------------------
CODE
  Segment part 56. NOT NEEDED.
    -------------------------------------------------------------------------
CODE
  Segment part 57. NOT NEEDED.
           ENTRY                   ADDRESS         REF BY
           =====                   =======         ======
           SetLoop                 
               not allocated function
    -------------------------------------------------------------------------
CODE
  Segment part 58. NOT NEEDED.
    -------------------------------------------------------------------------
CODE
  Segment part 59. NOT NEEDED.
           ENTRY                   ADDRESS         REF BY
           =====                   =======         ======
           ZeroCounter             
               not allocated function
    -------------------------------------------------------------------------
CODE
  Segment part 60. NOT NEEDED.
    -------------------------------------------------------------------------
CODE
  Segment part 61. NOT NEEDED.
           ENTRY                   ADDRESS         REF BY
           =====                   =======         ======
           GetBuffEnd              
               not allocated function
    -------------------------------------------------------------------------
CODE
  Segment part 62. NOT NEEDED.
    -------------------------------------------------------------------------
CODE
  Segment part 63. NOT NEEDED.
           ENTRY                   ADDRESS         REF BY
           =====                   =======         ======
           GetBuffPos              
               not allocated function
    -------------------------------------------------------------------------
CODE
  Segment part 64. NOT NEEDED.
    -------------------------------------------------------------------------
CODE
  Segment part 65. NOT NEEDED.
    -------------------------------------------------------------------------
CODE
  Relative segment, address: CODE_AREA 0000102C - 000011BF (0x194 bytes), align: 2
  Segment part 66.            Intra module refs:   RipKeys
           ENTRY                   ADDRESS         REF BY
           =====                   =======         ======
           RipToFile               0000102C 
               stack 1 = 00000000 ( 00000028 )
    -------------------------------------------------------------------------
CODE
  Segment part 67. NOT NEEDED.
    -------------------------------------------------------------------------
CODE
  Relative segment, address: CODE_AREA 000011C0 - 00001243 (0x84 bytes), align: 2
  Segment part 68.            Intra module refs:   AudioStart
           ENTRY                   ADDRESS         REF BY
           =====                   =======         ======
           FillBuffer              000011C0 
               stack 1 = 00000000 ( 00000014 )
    -------------------------------------------------------------------------
CODE
  Segment part 69. NOT NEEDED.
    -------------------------------------------------------------------------
CODE
  Relative segment, address: CODE_AREA 00001244 - 000012FB (0xb8 bytes), align: 2
  Segment part 70.            Intra module refs:   PB
           ENTRY                   ADDRESS         REF BY
           =====                   =======         ======
           FillBuffer1             00001244 
               stack 1 = 00000000 ( 00000010 )
    -------------------------------------------------------------------------
CODE
  Segment part 71. NOT NEEDED.
    -------------------------------------------------------------------------
CODE
  Relative segment, address: CODE_AREA 000012FC - 000013AB (0xb0 bytes), align: 2
  Segment part 72.            Intra module refs:   PB
           ENTRY                   ADDRESS         REF BY
           =====                   =======         ======
           FillBuffer2             000012FC 
               stack 1 = 00000000 ( 00000010 )
    -------------------------------------------------------------------------
CODE
  Segment part 73. NOT NEEDED.
    -------------------------------------------------------------------------
CODE
  Relative segment, address: CODE_AREA 000013AC - 00001407 (0x5c bytes), align: 2
  Segment part 74.            Intra module refs:   onstart
           ENTRY                   ADDRESS         REF BY
           =====                   =======         ======
           AudioInit               000013AC 
               stack 1 = 00000000 ( 0000000C )
    -------------------------------------------------------------------------
CODE
  Segment part 75. NOT NEEDED.
    -------------------------------------------------------------------------
CODE
  Relative segment, address: CODE_AREA 00001408 - 0000147F (0x78 bytes), align: 2
  Segment part 76.            Intra module refs:   ControlKeys
                                                   PlaylistOnKey
                                                   onstart
           ENTRY                   ADDRESS         REF BY
           =====                   =======         ======
           AudioStart              00001408 
               stack 1 = 00000000 ( 00000010 )
    -------------------------------------------------------------------------
CODE
  Segment part 77. NOT NEEDED.
    -------------------------------------------------------------------------
CODE
  Relative segment, address: CODE_AREA 00001480 - 000014CB (0x4c bytes), align: 2
  Segment part 78.            Intra module refs:   PB
           ENTRY                   ADDRESS         REF BY
           =====                   =======         ======
           AudioStop               00001480 
               stack 1 = 00000000 ( 00000014 )
    -------------------------------------------------------------------------
CODE
  Segment part 79. NOT NEEDED.
    -------------------------------------------------------------------------
CODE
  Relative segment, address: CODE_AREA 000014CC - 0000150B (0x40 bytes), align: 2
  Segment part 80.            Intra module refs:   onClose
           ENTRY                   ADDRESS         REF BY
           =====                   =======         ======
           AudioTerminate          000014CC 
               stack 1 = 00000000 ( 00000010 )
    -------------------------------------------------------------------------
CODE
  Segment part 81. NOT NEEDED.
    -------------------------------------------------------------------------
CODE
  Relative segment, address: CODE_AREA 0000150C - 00001523 (0x18 bytes), align: 2
  Segment part 82.            Intra module refs:   PB
           ENTRY                   ADDRESS         REF BY
           =====                   =======         ======
           BuffPos                 0000150C 
    -------------------------------------------------------------------------
CODE
  Segment part 83. NOT NEEDED.
    -------------------------------------------------------------------------
CODE
  Relative segment, address: CODE_AREA 00001524 - 0000170B (0x1e8 bytes), align: 2
  Segment part 84.            Intra module refs:   Segment part 85
           ENTRY                   ADDRESS         REF BY
           =====                   =======         ======
           PB                      00001524 
               stack 1 = 00000000 ( 00000024 )
    -------------------------------------------------------------------------
CODE
  Relative segment, address: CODE_AREA 0000170C - 0000170F (0x4 bytes), align: 2
  Segment part 85.            Intra module refs:   AudioStart
                                                   PB
    -------------------------------------------------------------------------
CODE
  Segment part 86. NOT NEEDED.
    -------------------------------------------------------------------------
CODE
  Relative segment, address: CODE_AREA 00001710 - 0000174F (0x40 bytes), align: 2
  Segment part 87.            Intra module refs:   EnumFolder
                                                   ShowAbout
                                                   ShowFilesMenu
                                                   ShowMainMenu
                                                   ShowPlaylist
           ENTRY                   ADDRESS         REF BY
           =====                   =======         ======
           AddMenuItem             00001710 
               stack 1 = 00000000 ( 0000000C )
    -------------------------------------------------------------------------
CODE
  Segment part 88. NOT NEEDED.
    -------------------------------------------------------------------------
CODE
  Relative segment, address: CODE_AREA 00001750 - 00001923 (0x1d4 bytes), align: 2
  Segment part 89.            Intra module refs:   OnRedraw
           ENTRY                   ADDRESS         REF BY
           =====                   =======         ======
           DrawMenu                00001750 
               stack 1 = 00000000 ( 0000004C )
    -------------------------------------------------------------------------
CODE
  Segment part 90. NOT NEEDED.
    -------------------------------------------------------------------------
CODE
  Relative segment, address: CODE_AREA 00001924 - 00001943 (0x20 bytes), align: 2
  Segment part 91.            Intra module refs:   EnumFolder
                                                   MenuInit
                                                   ShowAbout
                                                   ShowFilesMenu
                                                   ShowMainMenu
                                                   ShowPlaylist
           ENTRY                   ADDRESS         REF BY
           =====                   =======         ======
           ClearMenu               00001924 
    -------------------------------------------------------------------------
CODE
  Relative segment, address: CODE_AREA 00001944 - 00001947 (0x4 bytes), align: 2
  Segment part 92.            Intra module refs:   AddMenuItem
                                                   AudioInit
                                                   AudioStart
                                                   AudioStop
                                                   AudioTerminate
                                                   BuffPos
                                                   ClearMenu
                                                   DrawMenu
                                                   FillBuffer
                                                   FillBuffer1
                                                   FillBuffer2
                                                   FreeMp3
                                                   GetSound
                                                   Mp3Init
                                                   ReadMp3File
                                                   RipToFile
    -------------------------------------------------------------------------
CODE
  Segment part 93. NOT NEEDED.
    -------------------------------------------------------------------------
CODE
  Relative segment, address: CODE_AREA 00001948 - 00001963 (0x1c bytes), align: 2
  Segment part 94.            Intra module refs:   onstart
           ENTRY                   ADDRESS         REF BY
           =====                   =======         ======
           MenuInit                00001948 
               stack 1 = 00000000 ( 00000004 )
    -------------------------------------------------------------------------
CODE
  Segment part 95. NOT NEEDED.
    -------------------------------------------------------------------------
CODE
  Segment part 96. NOT NEEDED.
           ENTRY                   ADDRESS         REF BY
           =====                   =======         ======
           MenuFree                
               not allocated function
    -------------------------------------------------------------------------
CODE
  Segment part 97. NOT NEEDED.
    -------------------------------------------------------------------------
CODE
  Segment part 98. NOT NEEDED.
           ENTRY                   ADDRESS         REF BY
           =====                   =======         ======
           MenuTerminate           
               not allocated function
    -------------------------------------------------------------------------
CODE
  Relative segment, address: CODE_AREA 00001964 - 00001967 (0x4 bytes), align: 2
  Segment part 99.            Intra module refs:   MenuInit
    -------------------------------------------------------------------------
CODE
  Segment part 100. NOT NEEDED.
    -------------------------------------------------------------------------
CODE
  Relative segment, address: CODE_AREA 00001968 - 000019C7 (0x60 bytes), align: 2
  Segment part 101.           Intra module refs:   OnKey
           ENTRY                   ADDRESS         REF BY
           =====                   =======         ======
           MenuOnKey               00001968 
               stack 1 = 00000000 ( 00000004 )
    -------------------------------------------------------------------------
CODE
  Segment part 102. NOT NEEDED.
    -------------------------------------------------------------------------
CODE
  Relative segment, address: CODE_AREA 000019C8 - 000019E7 (0x20 bytes), align: 2
  Segment part 103.           Intra module refs:   ShowAbout
           ENTRY                   ADDRESS         REF BY
           =====                   =======         ======
           AboutOnKey              000019C8 
    -------------------------------------------------------------------------
CODE
  Segment part 104. NOT NEEDED.
    -------------------------------------------------------------------------
CODE
  Relative segment, address: CODE_AREA 000019E8 - 00001A43 (0x5c bytes), align: 2
  Segment part 105.           Intra module refs:   MainMenuOnKey
           ENTRY                   ADDRESS         REF BY
           =====                   =======         ======
           ShowAbout               000019E8 
               stack 1 = 00000000 ( 0000000C )
    -------------------------------------------------------------------------
CODE
  Segment part 106. NOT NEEDED.
    -------------------------------------------------------------------------
CODE
  Relative segment, address: CODE_AREA 00001A44 - 00001B27 (0xe4 bytes), align: 2
  Segment part 107.           Intra module refs:   ShowPlaylist
           ENTRY                   ADDRESS         REF BY
           =====                   =======         ======
           PlaylistOnKey           00001A44 
               stack 1 = 00000000 ( 00000010 )
    -------------------------------------------------------------------------
CODE
  Relative segment, address: CODE_AREA 00001B28 - 00001B2B (0x4 bytes), align: 2
  Segment part 108.           Intra module refs:   PB
                                                   PlaylistOnKey
    -------------------------------------------------------------------------
CODE
  Segment part 109. NOT NEEDED.
    -------------------------------------------------------------------------
CODE
  Relative segment, address: CODE_AREA 00001B2C - 00001BDB (0xb0 bytes), align: 2
  Segment part 110.           Intra module refs:   MainMenuOnKey
                                                   PlaylistOnKey
           ENTRY                   ADDRESS         REF BY
           =====                   =======         ======
           ShowPlaylist            00001B2C 
               stack 1 = 00000000 ( 0000000C )
    -------------------------------------------------------------------------
CODE
  Segment part 111. NOT NEEDED.
    -------------------------------------------------------------------------
DATA_I
  Relative segment, address: DATA_AREA 00000000 - 000002EB (0x2ec bytes), align: 2
  Segment part 17.            Intra module refs:   AboutOnKey
                                                   Segment part 108
                                                   Segment part 141
                                                   Segment part 144
                                                   Segment part 177
                                                   Segment part 92
                                                   Segment part 99
           ENTRY                   ADDRESS         REF BY
           =====                   =======         ======
           ButtonsText             00000080 
           ItemTypes               00000084 
           MP3Buf                  00000030 
           MP3Bufpos               00000034 
           MP3DEC                  00000038 
           MenuActive              0000029C 
           MenuItems               0000007C 
           MenuOnKeySub            00000284 
           NumOfItems              0000029B 
           Paused                  00000299 
           PlayMp3                 0000028F 
           PlayTime                00000078 
           Playing                 00000298 
           RipLen                  00000292 
           Ripping                 00000293 
           Selected                0000029D 
           ShowCursor              0000029E 
           SoftVol                 0000029A 
           Volume                  00000294 
           WB                      00000074 
           WavHdr                  000002A0 
           WaveParams              00000068 
           Wavebuf                 0000004C 
           buffer                  00000064 
           bytesLeft               00000040 
           channels                00000291 
           curfilerand             00000002 
           curpath                 00000288 
           currbuf                 00000295 
           currentfile             00000000 
           endoffile               00000290 
           err                     00000048 
           filename                00000024 
           files                   00000028 
           framebuf                00000050 
           framepos                00000058 
           fromplaylist            0000028C 
           ima1                    0000006C 
           loop                    0000028E 
           mp3FrameInfo            00000008 
           mp3handle               0000003C 
           newfile                 00000004 
           numfiles                0000028D 
           offcount                00000296 
           offset                  00000044 
           randomplay              00000297 
           samplepos               00000054 
           samplerate              00000060 
           samplesize              0000005C 
           showfilename            0000002C 
           timer                   000002DC 
           wave                    00000070 
    -------------------------------------------------------------------------
DATA_I
  Relative segment, address: DATA_AREA 000002EC - 00000493 (0x1a8 bytes), align: 2
  Segment part 21.            Intra module refs:   ImaCodeBlock
           ENTRY                   ADDRESS         REF BY
           =====                   =======         ======
           ima_step                000002EC 
    -------------------------------------------------------------------------
CODE
  Relative segment, address: CODE_AREA 00001BDC - 00001C4B (0x70 bytes), align: 2
  Segment part 112.           Intra module refs:   EnumFolder
                                                   MainMenuOnKey
           ENTRY                   ADDRESS         REF BY
           =====                   =======         ======
           ShowFilesMenu           00001BDC 
               stack 1 = 00000000 ( 00000008 )
    -------------------------------------------------------------------------
CODE
  Segment part 113. NOT NEEDED.
    -------------------------------------------------------------------------
CODE
  Relative segment, address: CODE_AREA 00001C4C - 00001C7B (0x30 bytes), align: 2
  Segment part 114.           Intra module refs:   EnumFolder
           ENTRY                   ADDRESS         REF BY
           =====                   =======         ======
           IsFile                  00001C4C 
    -------------------------------------------------------------------------
CODE
  Segment part 115. NOT NEEDED.
    -------------------------------------------------------------------------
CODE
  Relative segment, address: CODE_AREA 00001C7C - 00001CE7 (0x6c bytes), align: 2
  Segment part 116.           Intra module refs:   FilesMenuOnKey
           ENTRY                   ADDRESS         REF BY
           =====                   =======         ======
           IsMP3                   00001C7C 
    -------------------------------------------------------------------------
CODE
  Segment part 117. NOT NEEDED.
    -------------------------------------------------------------------------
CODE
  Relative segment, address: CODE_AREA 00001CE8 - 00001E77 (0x190 bytes), align: 2
  Segment part 118.           Intra module refs:   FilesMenuOnKey
           ENTRY                   ADDRESS         REF BY
           =====                   =======         ======
           EnumFolder              00001CE8 
               stack 1 = 00000000 ( 0000001C )
    -------------------------------------------------------------------------
CODE
  Segment part 119. NOT NEEDED.
    -------------------------------------------------------------------------
CODE
  Relative segment, address: CODE_AREA 00001E78 - 00001F6F (0xf8 bytes), align: 2
  Segment part 120.           Intra module refs:   ShowFilesMenu
           ENTRY                   ADDRESS         REF BY
           =====                   =======         ======
           FilesMenuOnKey          00001E78 
               stack 1 = 00000000 ( 00000014 )
    -------------------------------------------------------------------------
CODE
  Relative segment, address: CODE_AREA 00001F70 - 00001F73 (0x4 bytes), align: 2
  Segment part 121.           Intra module refs:   EnumFolder
                                                   FilesMenuOnKey
    -------------------------------------------------------------------------
CODE
  Segment part 122. NOT NEEDED.
    -------------------------------------------------------------------------
CODE
  Relative segment, address: CODE_AREA 00001F74 - 00002063 (0xf0 bytes), align: 2
  Segment part 123.           Intra module refs:   ShowMainMenu
           ENTRY                   ADDRESS         REF BY
           =====                   =======         ======
           MainMenuOnKey           00001F74 
               stack 1 = 00000000 ( 0000000C )
    -------------------------------------------------------------------------
CODE
  Segment part 124. NOT NEEDED.
    -------------------------------------------------------------------------
CODE
  Relative segment, address: CODE_AREA 00002064 - 0000211F (0xbc bytes), align: 2
  Segment part 125.           Intra module refs:   ControlKeys
                                                   FilesMenuOnKey
                                                   MainMenuOnKey
                                                   PlaylistOnKey
           ENTRY                   ADDRESS         REF BY
           =====                   =======         ======
           ShowMainMenu            00002064 
               stack 1 = 00000000 ( 0000000C )
    -------------------------------------------------------------------------
CODE
  Segment part 126. NOT NEEDED.
    -------------------------------------------------------------------------
DATA_Z
  Relative segment, address: CODE_AREA 0000B5DC - 0000B6F3 (0x118 bytes), align: 2
  Segment part 25.            Intra module refs:   MAINCSM
           ENTRY                   ADDRESS         REF BY
           =====                   =======         ======
           maincsm_name_body       0000B5DC 
    -------------------------------------------------------------------------
DATA_Z
  Relative segment, address: CODE_AREA 0000B6F4 - 0000B6F7 (0x4 bytes), align: 2
  Segment part 26.            Intra module refs:   main
           ENTRY                   ADDRESS         REF BY
           =====                   =======         ======
           MAINCSM_ID              0000B6F4 
    -------------------------------------------------------------------------
DATA_Z
  Relative segment, address: CODE_AREA 0000B6F8 - 0000B6FB (0x4 bytes), align: 2
  Segment part 27.            Intra module refs:   maincsm_oncreate
           ENTRY                   ADDRESS         REF BY
           =====                   =======         ======
           MAINGUI_ID              0000B6F8 
    -------------------------------------------------------------------------
CODE
  Relative segment, address: CODE_AREA 00002120 - 00002143 (0x24 bytes), align: 2
  Segment part 127.           Intra module refs:   ControlKeys
                                                   PB
                                                   PlaylistOnKey
                                                   onstart
           ENTRY                   ADDRESS         REF BY
           =====                   =======         ======
           UpdateShowName          00002120 
               stack 1 = 00000000 ( 00000008 )
    -------------------------------------------------------------------------
CODE
  Segment part 128. NOT NEEDED.
    -------------------------------------------------------------------------
CODE
  Relative segment, address: CODE_AREA 00002144 - 0000261B (0x4d8 bytes), align: 2
  Segment part 129.           Intra module refs:   Segment part 28
           ENTRY                   ADDRESS         REF BY
           =====                   =======         ======
           OnRedraw                00002144 
               stack 1 = 00000000 ( 00000044 )
    -------------------------------------------------------------------------
CODE
  Relative segment, address: CODE_AREA 0000261C - 0000261F (0x4 bytes), align: 2
  Segment part 130.           Intra module refs:   OnRedraw
    -------------------------------------------------------------------------
CODE
  Segment part 131. NOT NEEDED.
    -------------------------------------------------------------------------
CODE
  Relative segment, address: CODE_AREA 00002620 - 0000262B (0xc bytes), align: 2
  Segment part 132.           Intra module refs:   Segment part 28
           ENTRY                   ADDRESS         REF BY
           =====                   =======         ======
           onCreate                00002620 
    -------------------------------------------------------------------------
CODE
  Segment part 133. NOT NEEDED.
    -------------------------------------------------------------------------
CODE
  Relative segment, address: CODE_AREA 0000262C - 0000267B (0x50 bytes), align: 2
  Segment part 134.           Intra module refs:   Segment part 28
           ENTRY                   ADDRESS         REF BY
           =====                   =======         ======
           onClose                 0000262C 
               stack 1 = 00000000 ( 0000000C )
    -------------------------------------------------------------------------
CODE
  Segment part 135. NOT NEEDED.
    -------------------------------------------------------------------------
CODE
  Relative segment, address: CODE_AREA 0000267C - 00002687 (0xc bytes), align: 2
  Segment part 136.           Intra module refs:   Segment part 28
           ENTRY                   ADDRESS         REF BY
           =====                   =======         ======
           onFocus                 0000267C 
    -------------------------------------------------------------------------
CODE
  Segment part 137. NOT NEEDED.
    -------------------------------------------------------------------------
CODE
  Relative segment, address: CODE_AREA 00002688 - 0000269B (0x14 bytes), align: 2
  Segment part 138.           Intra module refs:   Segment part 28
           ENTRY                   ADDRESS         REF BY
           =====                   =======         ======
           onUnfocus               00002688 
    -------------------------------------------------------------------------
CODE
  Segment part 139. NOT NEEDED.
    -------------------------------------------------------------------------
CODE
  Relative segment, address: CODE_AREA 0000269C - 0000271B (0x80 bytes), align: 2
  Segment part 140.           Intra module refs:   OnKey
           ENTRY                   ADDRESS         REF BY
           =====                   =======         ======
           RipKeys                 0000269C 
               stack 1 = 00000000 ( 00000004 )
    -------------------------------------------------------------------------
CODE
  Relative segment, address: CODE_AREA 0000271C - 0000271F (0x4 bytes), align: 2
  Segment part 141.           Intra module refs:   EnumFolder
                                                   FilesMenuOnKey
                                                   MainMenuOnKey
                                                   MenuOnKey
                                                   OnRedraw
                                                   RipKeys
                                                   ShowAbout
                                                   ShowFilesMenu
                                                   ShowMainMenu
                                                   ShowPlaylist
                                                   UpdateShowName
                                                   onClose
    -------------------------------------------------------------------------
CODE
  Segment part 142. NOT NEEDED.
    -------------------------------------------------------------------------
CODE
  Relative segment, address: CODE_AREA 00002720 - 000028DF (0x1c0 bytes), align: 2
  Segment part 143.           Intra module refs:   OnKey
           ENTRY                   ADDRESS         REF BY
           =====                   =======         ======
           ControlKeys             00002720 
               stack 1 = 00000000 ( 00000018 )
    -------------------------------------------------------------------------
CODE
  Relative segment, address: CODE_AREA 000028E0 - 000028E3 (0x4 bytes), align: 2
  Segment part 144.           Intra module refs:   ControlKeys
    -------------------------------------------------------------------------
CODE
  Segment part 145. NOT NEEDED.
    -------------------------------------------------------------------------
CODE
  Relative segment, address: CODE_AREA 000028E4 - 0000299F (0xbc bytes), align: 2
  Segment part 146.           Intra module refs:   Segment part 28
           ENTRY                   ADDRESS         REF BY
           =====                   =======         ======
           OnKey                   000028E4 
               stack 1 = 00000000 ( 00000008 )
    -------------------------------------------------------------------------
CODE
  Segment part 147. NOT NEEDED.
    -------------------------------------------------------------------------
CODE
  Segment part 148. NOT NEEDED.
           ENTRY                   ADDRESS         REF BY
           =====                   =======         ======
           method7                 
               not allocated function
    -------------------------------------------------------------------------
CODE
  Segment part 149. NOT NEEDED.
    -------------------------------------------------------------------------
CODE
  Relative segment, address: CODE_AREA 000029A0 - 000029A7 (0x8 bytes), align: 2
  Segment part 150.           Intra module refs:   Segment part 28
           ENTRY                   ADDRESS         REF BY
           =====                   =======         ======
           method8                 000029A0 
    -------------------------------------------------------------------------
CODE
  Segment part 151. NOT NEEDED.
    -------------------------------------------------------------------------
CODE
  Relative segment, address: CODE_AREA 000029A8 - 000029AF (0x8 bytes), align: 2
  Segment part 152.           Intra module refs:   Segment part 28
           ENTRY                   ADDRESS         REF BY
           =====                   =======         ======
           method9                 000029A8 
    -------------------------------------------------------------------------
CODE
  Segment part 153. NOT NEEDED.
    -------------------------------------------------------------------------
CODE
  Relative segment, address: CODE_AREA 000029B0 - 00002A1F (0x70 bytes), align: 2
  Segment part 154.           Intra module refs:   MAINCSM
           ENTRY                   ADDRESS         REF BY
           =====                   =======         ======
           maincsm_oncreate        000029B0 
               stack 1 = 00000000 ( 0000000C )
    -------------------------------------------------------------------------
CODE
  Segment part 155. NOT NEEDED.
    -------------------------------------------------------------------------
CODE
  Relative segment, address: CODE_AREA 00002A20 - 00002A3B (0x1c bytes), align: 2
  Segment part 156.           Intra module refs:   Segment part 165
           ENTRY                   ADDRESS         REF BY
           =====                   =======         ======
           ElfKiller               00002A20 
               stack 1 = 00000000 ( 00000004 )
    -------------------------------------------------------------------------
CODE
  Segment part 157. NOT NEEDED.
    -------------------------------------------------------------------------
CODE
  Relative segment, address: CODE_AREA 00002A3C - 00002A4B (0x10 bytes), align: 2
  Segment part 158.           Intra module refs:   MAINCSM
           ENTRY                   ADDRESS         REF BY
           =====                   =======         ======
           maincsm_onclose         00002A3C 
               stack 1 = 00000000 ( 00000004 )
    -------------------------------------------------------------------------
CODE
  Segment part 159. NOT NEEDED.
    -------------------------------------------------------------------------
CODE
  Relative segment, address: CODE_AREA 00002A4C - 00002A73 (0x28 bytes), align: 2
  Segment part 160.           Intra module refs:   MAINCSM
           ENTRY                   ADDRESS         REF BY
           =====                   =======         ======
           maincsm_onmessage       00002A4C 
    -------------------------------------------------------------------------
CODE
  Segment part 161. NOT NEEDED.
    -------------------------------------------------------------------------
DATA_C
  Segment part 2. NOT NEEDED.
    -------------------------------------------------------------------------
DATA_C
  Relative segment, address: CODE_AREA 00007F98 - 00007FEB (0x54 bytes), align: 2
  Segment part 3.             Intra module refs:   Segment part 121
                                                   ShowFilesMenu
    -------------------------------------------------------------------------
DATA_C
  Segment part 4. NOT NEEDED.
    -------------------------------------------------------------------------
DATA_C
  Segment part 5. NOT NEEDED.
    -------------------------------------------------------------------------
DATA_C
  Segment part 6. NOT NEEDED.
    -------------------------------------------------------------------------
DATA_C
  Relative segment, address: CODE_AREA 00007FEC - 0000807F (0x94 bytes), align: 2
  Segment part 7.             Intra module refs:   ShowMainMenu
    -------------------------------------------------------------------------
DATA_C
  Relative segment, address: CODE_AREA 00008080 - 000080D7 (0x58 bytes), align: 2
  Segment part 8.             Intra module refs:   ShowAbout
    -------------------------------------------------------------------------
DATA_C
  Segment part 9. NOT NEEDED.
    -------------------------------------------------------------------------
DATA_C
  Relative segment, address: CODE_AREA 000080D8 - 000080EF (0x18 bytes), align: 2
  Segment part 10.            Intra module refs:   Segment part 170
    -------------------------------------------------------------------------
DATA_C
  Relative segment, address: CODE_AREA 000080F0 - 00008127 (0x38 bytes), align: 2
  Segment part 11.            Intra module refs:   main
           ENTRY                   ADDRESS         REF BY
           =====                   =======         ======
           MAINCSM                 000080FC 
    -------------------------------------------------------------------------
DATA_C
  Relative segment, address: CODE_AREA 00008128 - 0000819B (0x74 bytes), align: 2
  Segment part 12.            Intra module refs:   OnRedraw
    -------------------------------------------------------------------------
DATA_C
  Relative segment, address: CODE_AREA 0000819C - 000081AF (0x14 bytes), align: 2
  Segment part 13.            Intra module refs:   ShowPlaylist
    -------------------------------------------------------------------------
DATA_C
  Segment part 14. NOT NEEDED.
    -------------------------------------------------------------------------
DATA_C
  Segment part 15. NOT NEEDED.
    -------------------------------------------------------------------------
DATA_C
  Relative segment, address: CODE_AREA 000081B0 - 000081B7 (0x8 bytes), align: 2
  Segment part 16.            Intra module refs:   RipToFile
    -------------------------------------------------------------------------
DATA_C
  Segment part 23. NOT NEEDED.
           ENTRY                   ADDRESS         REF BY
           =====                   =======         ======
           BUFFERSIZE              
    -------------------------------------------------------------------------
DATA_C
  Relative segment, address: CODE_AREA 000081B8 - 000081BB (0x4 bytes), align: 2
  Segment part 24.            Intra module refs:   MAINCSM
           ENTRY                   ADDRESS         REF BY
           =====                   =======         ======
           minus11                 000081B8 
    -------------------------------------------------------------------------
DATA_C
  Relative segment, address: CODE_AREA 000081BC - 000081EF (0x34 bytes), align: 2
  Segment part 28.            Intra module refs:   maincsm_oncreate
           ENTRY                   ADDRESS         REF BY
           =====                   =======         ======
           Canvas                  000081E8 
           gui_methods             000081BC 
    -------------------------------------------------------------------------
CODE
  Segment part 162. NOT NEEDED.
           ENTRY                   ADDRESS         REF BY
           =====                   =======         ======
           UpdateCSMname           
               not allocated function
    -------------------------------------------------------------------------
CODE
  Segment part 163. NOT NEEDED.
    -------------------------------------------------------------------------
CODE
  Relative segment, address: CODE_AREA 00002A74 - 00002AD3 (0x60 bytes), align: 2
  Segment part 164.
           ENTRY                   ADDRESS         REF BY
           =====                   =======         ======
           main                    00002A74        Absolute parts (?ABS_ENTRY_MOD)
               stack 1 = 00000000 ( 00000038 )
    -------------------------------------------------------------------------
CODE
  Relative segment, address: CODE_AREA 00002AD4 - 00002AD7 (0x4 bytes), align: 2
  Segment part 165.           Intra module refs:   main
                                                   maincsm_onclose
    -------------------------------------------------------------------------
CODE
  Segment part 166. NOT NEEDED.
    -------------------------------------------------------------------------
CODE
  Relative segment, address: CODE_AREA 00002AD8 - 00002BEB (0x114 bytes), align: 2
  Segment part 167.           Intra module refs:   onstart
           ENTRY                   ADDRESS         REF BY
           =====                   =======         ======
           LoadParams              00002AD8 
               stack 1 = 00000000 ( 00000014 )
    -------------------------------------------------------------------------
CODE
  Segment part 168. NOT NEEDED.
    -------------------------------------------------------------------------
CODE
  Relative segment, address: CODE_AREA 00002BEC - 00002D4F (0x164 bytes), align: 2
  Segment part 169.           Intra module refs:   onClose
           ENTRY                   ADDRESS         REF BY
           =====                   =======         ======
           SaveParams              00002BEC 
               stack 1 = 00000000 ( 00000014 )
    -------------------------------------------------------------------------
CODE
  Relative segment, address: CODE_AREA 00002D50 - 00002D53 (0x4 bytes), align: 2
  Segment part 170.           Intra module refs:   LoadParams
                                                   SaveParams
    -------------------------------------------------------------------------
CODE
  Segment part 171. NOT NEEDED.
    -------------------------------------------------------------------------
CODE
  Segment part 172. NOT NEEDED.
           ENTRY                   ADDRESS         REF BY
           =====                   =======         ======
           PlayCurrent             
               not allocated function
    -------------------------------------------------------------------------
CODE
  Segment part 173. NOT NEEDED.
    -------------------------------------------------------------------------
CODE
  Relative segment, address: CODE_AREA 00002D54 - 00002D93 (0x40 bytes), align: 2
  Segment part 174.           Intra module refs:   UpdateShowName
           ENTRY                   ADDRESS         REF BY
           =====                   =======         ======
           ExtractFileName         00002D54 
    -------------------------------------------------------------------------
CODE
  Segment part 175. NOT NEEDED.
    -------------------------------------------------------------------------
CODE
  Relative segment, address: CODE_AREA 00002D94 - 00002E37 (0xa4 bytes), align: 2
  Segment part 176.           Intra module refs:   main
           ENTRY                   ADDRESS         REF BY
           =====                   =======         ======
           onstart                 00002D94 
               stack 1 = 00000000 ( 00000010 )
    -------------------------------------------------------------------------
CODE
  Relative segment, address: CODE_AREA 00002E38 - 00002E3B (0x4 bytes), align: 2
  Segment part 177.           Intra module refs:   LoadParams
                                                   OnKey
                                                   SaveParams
                                                   onstart
    -------------------------------------------------------------------------
CODE
  Segment part 178. NOT NEEDED.Intra module refs   Mp3Init
    -------------------------------------------------------------------------
CODE
  Segment part 179. NOT NEEDED.
    -------------------------------------------------------------------------
CODE
  Segment part 180. NOT NEEDED.Intra module refs   MP3Decode
    -------------------------------------------------------------------------
CODE
  Segment part 181. NOT NEEDED.Intra module refs   MP3Decode
    -------------------------------------------------------------------------
CODE
  Segment part 182. NOT NEEDED.Intra module refs   FillBuffer
                                                   FillBuffer1
                                                   FillBuffer2
                                                   MP3Decode
                                                   OnRedraw
    -------------------------------------------------------------------------
CODE
  Segment part 183. NOT NEEDED.Intra module refs   MP3Decode
    -------------------------------------------------------------------------
CODE
  Segment part 184. NOT NEEDED.Intra module refs   AudioInit
                                                   ControlKeys
                                                   EnumFolder
                                                   MP3Decode
                                                   PB
                                                   PlaylistOnKey
                                                   ReadMp3File
                                                   RipToFile
                                                   UpdateShowName
                                                   onstart
    -------------------------------------------------------------------------
CODE
  Segment part 185. NOT NEEDED.Intra module refs   MP3Decode
    -------------------------------------------------------------------------
CODE
  Segment part 186. NOT NEEDED.Intra module refs   MP3Decode
    -------------------------------------------------------------------------
CODE
  Segment part 187. NOT NEEDED.Intra module refs   MP3Decode
    -------------------------------------------------------------------------
CODE
  Segment part 188. NOT NEEDED.Intra module refs   MP3Decode
    -------------------------------------------------------------------------
CODE
  Segment part 189. NOT NEEDED.Intra module refs   MP3Decode
    -------------------------------------------------------------------------
CODE
  Segment part 190. NOT NEEDED.Intra module refs   EnumFolder
                                                   FillBuffer1
                                                   FillBuffer2
                                                   Mp3Init
                                                   ShowFilesMenu
                                                   maincsm_oncreate
                                                   onstart
    -------------------------------------------------------------------------
CODE
  Segment part 191. NOT NEEDED.Intra module refs   ElfKiller
    -------------------------------------------------------------------------
CSTACK
  Segment part 1. NOT NEEDED.
    -------------------------------------------------------------------------
DATA_ID
  Relative segment, address: CODE_AREA 00000000 - 000002EB (0x2ec bytes), align: 2
  Segment part 18.            Intra module refs:   Segment part 17
    -------------------------------------------------------------------------
DATA_ID
  Relative segment, address: CODE_AREA 000002EC - 00000493 (0x1a8 bytes), align: 2
  Segment part 22.            Intra module refs:   ima_step
    -------------------------------------------------------------------------
INITTAB
  Relative segment, address: CODE_AREA 0000B5C0 - 0000B5CB (0xc bytes), align: 2
  Segment part 192. ROOT.
           ENTRY                   ADDRESS         REF BY
           =====                   =======         ======
           ?init?tab?DATA_Z        0000B5C0 
    -------------------------------------------------------------------------
DATA_ID
  Segment part 193. NOT NEEDED.
           ENTRY                   ADDRESS         REF BY
           =====                   =======         ======
           ?*?DATA_ID              
    -------------------------------------------------------------------------
INITTAB
  Relative segment, address: CODE_AREA 0000B5CC - 0000B5D7 (0xc bytes), align: 2
  Segment part 194. ROOT.
           ENTRY                   ADDRESS         REF BY
           =====                   =======         ======
           ?init?tab?DATA_I        0000B5CC 

    *************************************************************************

  FILE NAME : G:\Arm\SieELF\cbn_SRC\MP3Player\Release\Obj\bitstream.r79
  PROGRAM MODULE, NAME : bitstream

  SEGMENTS IN THE MODULE
  ======================
CODE
  Segment part 2. NOT NEEDED.
    -------------------------------------------------------------------------
CODE
  Relative segment, address: CODE_AREA 00002E3C - 00002E53 (0x18 bytes), align: 2
  Segment part 3.             Intra module refs:   xmp3_UnpackSideInfo
           ENTRY                   ADDRESS         REF BY
           =====                   =======         ======
           xmp3_SetBitstreamPointer
                                   00002E3C        xmp3_UnpackScaleFactors (scalfact)
    -------------------------------------------------------------------------
CODE
  Segment part 4. NOT NEEDED.
    -------------------------------------------------------------------------
CODE
  Relative segment, address: CODE_AREA 00002E54 - 00002F43 (0xf0 bytes), align: 2
  Segment part 5.             Intra module refs:   xmp3_GetBits
           LOCAL                   ADDRESS         
           =====                   =======         
           RefillBitstreamCache    00002E54 
               stack 1 = 00000000 ( 00000004 )
    -------------------------------------------------------------------------
CODE
  Segment part 6. NOT NEEDED.
    -------------------------------------------------------------------------
CODE
  Relative segment, address: CODE_AREA 00002F44 - 00002FB3 (0x70 bytes), align: 2
  Segment part 7.             Intra module refs:   xmp3_UnpackSideInfo
           ENTRY                   ADDRESS         REF BY
           =====                   =======         ======
           xmp3_GetBits            00002F44        UnpackSFMPEG1 (scalfact)
                                                   UnpackSFMPEG2 (scalfact)
                                                   xmp3_UnpackScaleFactors (scalfact)
               stack 1 = 00000000 ( 00000010 )
    -------------------------------------------------------------------------
CODE
  Segment part 8. NOT NEEDED.
    -------------------------------------------------------------------------
CODE
  Relative segment, address: CODE_AREA 00002FB4 - 00002FCB (0x18 bytes), align: 2
  Segment part 9.
           ENTRY                   ADDRESS         REF BY
           =====                   =======         ======
           xmp3_CalcBitsUsed       00002FB4        xmp3_UnpackScaleFactors (scalfact)
    -------------------------------------------------------------------------
CODE
  Segment part 10. NOT NEEDED.
    -------------------------------------------------------------------------
CODE
  Relative segment, address: CODE_AREA 00002FCC - 00002FEF (0x24 bytes), align: 2
  Segment part 11.
           ENTRY                   ADDRESS         REF BY
           =====                   =======         ======
           xmp3_CheckPadBit        00002FCC        MP3Decode (Main)
    -------------------------------------------------------------------------
CODE
  Segment part 12. NOT NEEDED.
    -------------------------------------------------------------------------
CODE
  Relative segment, address: CODE_AREA 00002FF0 - 0000329F (0x2b0 bytes), align: 2
  Segment part 13.
           ENTRY                   ADDRESS         REF BY
           =====                   =======         ======
           xmp3_UnpackFrameHeader
                                   00002FF0        MP3Decode (Main)
               stack 1 = 00000000 ( 00000020 )
    -------------------------------------------------------------------------
CODE
  Segment part 14. NOT NEEDED.
    -------------------------------------------------------------------------
CODE
  Relative segment, address: CODE_AREA 000032A0 - 000035D3 (0x334 bytes), align: 2
  Segment part 15.
           ENTRY                   ADDRESS         REF BY
           =====                   =======         ======
           xmp3_UnpackSideInfo     000032A0        MP3Decode (Main)
               stack 1 = 00000000 ( 00000034 )
    -------------------------------------------------------------------------
CODE
  Segment part 16. NOT NEEDED.Intra module refs:   xmp3_UnpackFrameHeader
    -------------------------------------------------------------------------
CSTACK
  Segment part 1. NOT NEEDED.

    *************************************************************************

  FILE NAME : G:\Arm\SieELF\cbn_SRC\MP3Player\Release\Obj\buffers.r79
  PROGRAM MODULE, NAME : buffers

  SEGMENTS IN THE MODULE
  ======================
DATA_Z
  Relative segment, address: CODE_AREA 0000B6FC - 0000C4CF (0xdd4 bytes), align: 2
  Segment part 2.             Intra module refs:   xmp3_AllocateBuffers
    -------------------------------------------------------------------------
DATA_Z
  Relative segment, address: CODE_AREA 0000C4D0 - 0000D6DF (0x1210 bytes), align: 2
  Segment part 3.             Intra module refs:   xmp3_AllocateBuffers
    -------------------------------------------------------------------------
DATA_Z
  Relative segment, address: CODE_AREA 0000D6E0 - 0000F1FF (0x1b20 bytes), align: 2
  Segment part 4.             Intra module refs:   xmp3_AllocateBuffers
    -------------------------------------------------------------------------
DATA_Z
  Relative segment, address: CODE_AREA 0000F200 - 00011403 (0x2204 bytes), align: 2
  Segment part 5.             Intra module refs:   xmp3_AllocateBuffers
    -------------------------------------------------------------------------
CODE
  Segment part 6. NOT NEEDED.
    -------------------------------------------------------------------------
CODE
  Relative segment, address: CODE_AREA 000035D4 - 000036F3 (0x120 bytes), align: 2
  Segment part 7.
           ENTRY                   ADDRESS         REF BY
           =====                   =======         ======
           xmp3_AllocateBuffers    000035D4        Mp3Init (Main)
               stack 1 = 00000000 ( 00000008 )
    -------------------------------------------------------------------------
CODE
  Segment part 8. NOT NEEDED.
    -------------------------------------------------------------------------
CODE
  Segment part 9. NOT NEEDED.
           ENTRY                   ADDRESS         REF BY
           =====                   =======         ======
           xmp3_FreeBuffers        
               not allocated function
    -------------------------------------------------------------------------
CSTACK
  Segment part 1. NOT NEEDED.
    -------------------------------------------------------------------------
INITTAB
  Segment part 10. TENTATIVE. Used definition from Main
           ENTRY                   ADDRESS         REF BY
           =====                   =======         ======
           ?init?tab?DATA_Z        

    *************************************************************************

  FILE NAME : G:\Arm\SieELF\cbn_SRC\MP3Player\Release\Obj\dct32.r79
  PROGRAM MODULE, NAME : dct32

  SEGMENTS IN THE MODULE
  ======================
DATA_C
  Relative segment, address: CODE_AREA 000081F0 - 000082AF (0xc0 bytes), align: 2
  Segment part 2.             Intra module refs:   xmp3_FDCT32
    -------------------------------------------------------------------------
CODE
  Segment part 3. NOT NEEDED.
    -------------------------------------------------------------------------
CODE
  Relative segment, address: CODE_AREA 000036F4 - 000040AF (0x9bc bytes), align: 2
  Segment part 4.
           ENTRY                   ADDRESS         REF BY
           =====                   =======         ======
           xmp3_FDCT32             000036F4        xmp3_Subband (subband)
               stack 1 = 00000000 ( 0000004C )
    -------------------------------------------------------------------------
CODE
  Segment part 5. NOT NEEDED. Intra module refs:   xmp3_FDCT32
    -------------------------------------------------------------------------
CSTACK
  Segment part 1. NOT NEEDED.

    *************************************************************************

  FILE NAME : G:\Arm\SieELF\cbn_SRC\MP3Player\Release\Obj\dequant.r79
  PROGRAM MODULE, NAME : dequant

  SEGMENTS IN THE MODULE
  ======================
CODE
  Segment part 2. NOT NEEDED.
    -------------------------------------------------------------------------
CODE
  Relative segment, address: CODE_AREA 000040B0 - 000043D7 (0x328 bytes), align: 2
  Segment part 3.
           ENTRY                   ADDRESS         REF BY
           =====                   =======         ======
           xmp3_Dequantize         000040B0        MP3Decode (Main)
               stack 1 = 00000000 ( 00000048 )
    -------------------------------------------------------------------------
CODE
  Segment part 4. NOT NEEDED. Intra module refs:   xmp3_Dequantize
    -------------------------------------------------------------------------
CODE
  Segment part 5. NOT NEEDED. Intra module refs:   xmp3_Dequantize
    -------------------------------------------------------------------------
CODE
  Segment part 6. NOT NEEDED. Intra module refs:   xmp3_Dequantize
    -------------------------------------------------------------------------
CODE
  Segment part 7. NOT NEEDED. Intra module refs:   xmp3_Dequantize
    -------------------------------------------------------------------------
CSTACK
  Segment part 1. NOT NEEDED.

    *************************************************************************

  FILE NAME : G:\Arm\SieELF\cbn_SRC\MP3Player\Release\Obj\dqchan.r79
  PROGRAM MODULE, NAME : dqchan

  SEGMENTS IN THE MODULE
  ======================
DATA_C
  Relative segment, address: CODE_AREA 000082B0 - 000082C7 (0x18 bytes), align: 2
  Segment part 2.             Intra module refs:   xmp3_DequantChannel
    -------------------------------------------------------------------------
DATA_C
  Relative segment, address: CODE_AREA 000082C8 - 000084FF (0x238 bytes), align: 2
  Segment part 3.             Intra module refs:   DequantBlock
    -------------------------------------------------------------------------
CODE
  Segment part 4. NOT NEEDED.
    -------------------------------------------------------------------------
CODE
  Relative segment, address: CODE_AREA 000043D8 - 000045DB (0x204 bytes), align: 2
  Segment part 5.             Intra module refs:   xmp3_DequantChannel
           LOCAL                   ADDRESS         
           =====                   =======         
           DequantBlock            000043D8 
               stack 1 = 00000000 ( 00000044 )
    -------------------------------------------------------------------------
CODE
  Segment part 6. NOT NEEDED.
    -------------------------------------------------------------------------
CODE
  Relative segment, address: CODE_AREA 000045DC - 00004907 (0x32c bytes), align: 2
  Segment part 7.
           ENTRY                   ADDRESS         REF BY
           =====                   =======         ======
           xmp3_DequantChannel     000045DC        xmp3_Dequantize (dequant)
               stack 1 = 00000000 ( 00000048 )
    -------------------------------------------------------------------------
CODE
  Segment part 8. NOT NEEDED. Intra module refs:   DequantBlock
    -------------------------------------------------------------------------
CSTACK
  Segment part 1. NOT NEEDED.

    *************************************************************************

  FILE NAME : G:\Arm\SieELF\cbn_SRC\MP3Player\Release\Obj\func.r79
  PROGRAM MODULE, NAME : func

  SEGMENTS IN THE MODULE
  ======================
ELFBEGIN
  Relative segment, address: CODE_AREA 00000000, align: 0
  Segment part 0. ROOT.
           ENTRY                   ADDRESS         REF BY
           =====                   =======         ======
           ELF_BEGIN               00000000        ElfKiller (Main)
    -------------------------------------------------------------------------
CODE
  Relative segment, address: CODE_AREA 00004908 - 000051CB (0x8c4 bytes), align: 2
  Segment part 1. ROOT.
           ENTRY                   ADDRESS         REF BY
           =====                   =======         ======
           MULSHIFT32              000051C0        AntiAlias (imdct)
                                                   DequantBlock (dqchan)
                                                   IMDCT12x3 (imdct)
                                                   IMDCT36 (imdct)
                                                   WinPrevious (imdct)
                                                   idct9 (imdct)
                                                   imdct12 (imdct)
                                                   xmp3_FDCT32 (dct32)
                                                   xmp3_IntensityProcMPEG1 (stproc)
                                                   xmp3_IntensityProcMPEG2 (stproc)
           xmp3_PolyphaseMono      00004E74        xmp3_Subband (subband)
           xmp3_PolyphaseStereo    00004908        xmp3_Subband (subband)
           kill_data               000051C8        ElfKiller (Main)
                                                   Segment part 28 (Main)

    *************************************************************************

  FILE NAME : G:\Arm\SieELF\cbn_SRC\MP3Player\Release\Obj\huffman.r79
  PROGRAM MODULE, NAME : huffman

  SEGMENTS IN THE MODULE
  ======================
CODE
  Segment part 2. NOT NEEDED.
    -------------------------------------------------------------------------
CODE
  Relative segment, address: CODE_AREA 000051CC - 000055CB (0x400 bytes), align: 2
  Segment part 3.             Intra module refs:   xmp3_DecodeHuffman
           LOCAL                   ADDRESS         
           =====                   =======         
           DecodeHuffmanPairs      000051CC 
               stack 1 = 00000000 ( 00000030 )
    -------------------------------------------------------------------------
CODE
  Segment part 4. NOT NEEDED.
    -------------------------------------------------------------------------
CODE
  Relative segment, address: CODE_AREA 000055CC - 0000577B (0x1b0 bytes), align: 2
  Segment part 5.             Intra module refs:   xmp3_DecodeHuffman
           LOCAL                   ADDRESS         
           =====                   =======         
           DecodeHuffmanQuads      000055CC 
               stack 1 = 00000000 ( 00000028 )
    -------------------------------------------------------------------------
CODE
  Segment part 6. NOT NEEDED.
    -------------------------------------------------------------------------
CODE
  Relative segment, address: CODE_AREA 0000577C - 000059E7 (0x26c bytes), align: 2
  Segment part 7.
           ENTRY                   ADDRESS         REF BY
           =====                   =======         ======
           xmp3_DecodeHuffman      0000577C        MP3Decode (Main)
               stack 1 = 00000000 ( 00000044 )
    -------------------------------------------------------------------------
CSTACK
  Segment part 1. NOT NEEDED.

    *************************************************************************

  FILE NAME : G:\Arm\SieELF\cbn_SRC\MP3Player\Release\Obj\hufftabs.r79
  PROGRAM MODULE, NAME : hufftabs

  SEGMENTS IN THE MODULE
  ======================
DATA_C
  Relative segment, address: CODE_AREA 00008500 - 0000A623 (0x2124 bytes), align: 2
  Segment part 2.
           ENTRY                   ADDRESS         REF BY
           =====                   =======         ======
           xmp3_huffTable          00008500        DecodeHuffmanPairs (huffman)
    -------------------------------------------------------------------------
DATA_C
  Relative segment, address: CODE_AREA 0000A624 - 0000A6A3 (0x80 bytes), align: 2
  Segment part 3.
           ENTRY                   ADDRESS         REF BY
           =====                   =======         ======
[...]
                             CSTACK
    | Stack used (prev) :  00000090
  01  ReadMp3File
      | Stack used (prev) :  00000090
      | + function block  :  0000000C
  <-Sub-tree of type: Function tree
    | Stack used          :  0000009C


  ->Sub-tree of type: Function tree
                             CSTACK
    | Stack used (prev) :  0000009C
  01  FreeMp3
      | Stack used (prev) :  0000009C
      | + function block  :  00000008
  <-Sub-tree of type: Function tree
    | Stack used          :  000000A4


  ->Sub-tree of type: Function tree
                             CSTACK
    | Stack used (prev) :  000000A4
  01  GetSound
      | Stack used (prev) :  000000A4
      | + function block  :  00000020
  <-Sub-tree of type: Function tree
    | Stack used          :  000000C4


  ->Sub-tree of type: Function tree
                             CSTACK
    | Stack used (prev) :  000000C4
  01  Mp3Init
      | Stack used (prev) :  000000C4
      | + function block  :  0000001C
  <-Sub-tree of type: Function tree
    | Stack used          :  000000E0


  ->Sub-tree of type: Function tree
                             CSTACK
    | Stack used (prev) :  000000E0
  01  ImaCodeBlock
      | Stack used (prev) :  000000E0
      | + function block  :  00000028
  <-Sub-tree of type: Function tree
    | Stack used          :  00000108


  ->Sub-tree of type: Function tree
                             CSTACK
    | Stack used (prev) :  00000108
  01  FillBuffer
      | Stack used (prev) :  00000108
      | + function block  :  00000014
  <-Sub-tree of type: Function tree
    | Stack used          :  0000011C


  ->Sub-tree of type: Function tree
                             CSTACK
    | Stack used (prev) :  0000011C
  01  FillBuffer1
      | Stack used (prev) :  0000011C
      | + function block  :  00000010
  <-Sub-tree of type: Function tree
    | Stack used          :  0000012C


  ->Sub-tree of type: Function tree
                             CSTACK
    | Stack used (prev) :  0000012C
  01  FillBuffer2
      | Stack used (prev) :  0000012C
      | + function block  :  00000010
  <-Sub-tree of type: Function tree
    | Stack used          :  0000013C


  ->Sub-tree of type: Function tree
                             CSTACK
    | Stack used (prev) :  0000013C
  01  AudioInit
      | Stack used (prev) :  0000013C
      | + function block  :  0000000C
  <-Sub-tree of type: Function tree
    | Stack used          :  00000148


  ->Sub-tree of type: Function tree
                             CSTACK
    | Stack used (prev) :  00000148
  01  AudioStart
      | Stack used (prev) :  00000148
      | + function block  :  00000010
  <-Sub-tree of type: Function tree
    | Stack used          :  00000158


  ->Sub-tree of type: Function tree
                             CSTACK
    | Stack used (prev) :  00000158
  01  AudioStop
      | Stack used (prev) :  00000158
      | + function block  :  00000014
  <-Sub-tree of type: Function tree
    | Stack used          :  0000016C


  ->Sub-tree of type: Function tree
                             CSTACK
    | Stack used (prev) :  0000016C
  01  AudioTerminate
      | Stack used (prev) :  0000016C
      | + function block  :  00000010
  <-Sub-tree of type: Function tree
    | Stack used          :  0000017C


  ->Sub-tree of type: Function tree
                             CSTACK
    | Stack used (prev) :  0000017C
  01  BuffPos
      | Stack used (prev) :  0000017C
      | + function block  :  00000000
  <-Sub-tree of type: Function tree
    | Stack used          :  0000017C


  ->Sub-tree of type: Function tree
                             CSTACK
    | Stack used (prev) :  0000017C
  01  AddMenuItem
      | Stack used (prev) :  0000017C
      | + function block  :  0000000C
  <-Sub-tree of type: Function tree
    | Stack used          :  00000188


  ->Sub-tree of type: Function tree
                             CSTACK
    | Stack used (prev) :  00000188
  01  DrawMenu
      | Stack used (prev) :  00000188
      | + function block  :  0000004C
  <-Sub-tree of type: Function tree
    | Stack used          :  000001D4


  ->Sub-tree of type: Function tree
                             CSTACK
    | Stack used (prev) :  000001D4
  01  ClearMenu
      | Stack used (prev) :  000001D4
      | + function block  :  00000000
  <-Sub-tree of type: Function tree
    | Stack used          :  000001D4


  ->Sub-tree of type: Function tree
                             CSTACK
    | Stack used (prev) :  000001D4
  01  MenuInit
      | Stack used (prev) :  000001D4
      | + function block  :  00000004
  <-Sub-tree of type: Function tree
    | Stack used          :  000001D8


  ->Sub-tree of type: Function tree
                             CSTACK
    | Stack used (prev) :  000001D8
  01  MenuOnKey
      | Stack used (prev) :  000001D8
      | + function block  :  00000004
  <-Sub-tree of type: Function tree
    | Stack used          :  000001DC


  ->Sub-tree of type: Function tree
                             CSTACK
    | Stack used (prev) :  000001DC
  01  ShowAbout
      | Stack used (prev) :  000001DC
      | + function block  :  0000000C
  <-Sub-tree of type: Function tree
    | Stack used          :  000001E8


  ->Sub-tree of type: Function tree
                             CSTACK
    | Stack used (prev) :  000001E8
  01  ShowPlaylist
      | Stack used (prev) :  000001E8
      | + function block  :  0000000C
  <-Sub-tree of type: Function tree
    | Stack used          :  000001F4


  ->Sub-tree of type: Function tree
                             CSTACK
    | Stack used (prev) :  000001F4
  01  ShowFilesMenu
      | Stack used (prev) :  000001F4
      | + function block  :  00000008
  <-Sub-tree of type: Function tree
    | Stack used          :  000001FC


  ->Sub-tree of type: Function tree
                             CSTACK
    | Stack used (prev) :  000001FC
  01  IsFile
      | Stack used (prev) :  000001FC
      | + function block  :  00000000
  <-Sub-tree of type: Function tree
    | Stack used          :  000001FC


  ->Sub-tree of type: Function tree
                             CSTACK
    | Stack used (prev) :  000001FC
  01  IsMP3
      | Stack used (prev) :  000001FC
      | + function block  :  00000000
  <-Sub-tree of type: Function tree
    | Stack used          :  000001FC


  ->Sub-tree of type: Function tree
                             CSTACK
    | Stack used (prev) :  000001FC
  01  EnumFolder
      | Stack used (prev) :  000001FC
      | + function block  :  0000001C
  <-Sub-tree of type: Function tree
    | Stack used          :  00000218


  ->Sub-tree of type: Function tree
                             CSTACK
    | Stack used (prev) :  00000218
  01  ShowMainMenu
      | Stack used (prev) :  00000218
      | + function block  :  0000000C
  <-Sub-tree of type: Function tree
    | Stack used          :  00000224


  ->Sub-tree of type: Function tree
                             CSTACK
    | Stack used (prev) :  00000224
  01  UpdateShowName
      | Stack used (prev) :  00000224
      | + function block  :  00000008
  <-Sub-tree of type: Function tree
    | Stack used          :  0000022C


  ->Sub-tree of type: Function tree
                             CSTACK
    | Stack used (prev) :  0000022C
  01  RipKeys
      | Stack used (prev) :  0000022C
      | + function block  :  00000004
  <-Sub-tree of type: Function tree
    | Stack used          :  00000230


  ->Sub-tree of type: Function tree
                             CSTACK
    | Stack used (prev) :  00000230
  01  ControlKeys
      | Stack used (prev) :  00000230
      | + function block  :  00000018
  <-Sub-tree of type: Function tree
    | Stack used          :  00000248


  ->Sub-tree of type: Function tree
                             CSTACK
    | Stack used (prev) :  00000248
  01  main
      | Stack used (prev) :  00000248
      | + function block  :  00000038
  <-Sub-tree of type: Function tree
    | Stack used          :  00000280


  ->Sub-tree of type: Function tree
                             CSTACK
    | Stack used (prev) :  00000280
  01  LoadParams
      | Stack used (prev) :  00000280
      | + function block  :  00000014
  <-Sub-tree of type: Function tree
    | Stack used          :  00000294


  ->Sub-tree of type: Function tree
                             CSTACK
    | Stack used (prev) :  00000294
  01  SaveParams
      | Stack used (prev) :  00000294
      | + function block  :  00000014
  <-Sub-tree of type: Function tree
    | Stack used          :  000002A8


  ->Sub-tree of type: Function tree
                             CSTACK
    | Stack used (prev) :  000002A8
  01  ExtractFileName
      | Stack used (prev) :  000002A8
      | + function block  :  00000000
  <-Sub-tree of type: Function tree
    | Stack used          :  000002A8


  ->Sub-tree of type: Function tree
                             CSTACK
    | Stack used (prev) :  000002A8
  01  onstart
      | Stack used (prev) :  000002A8
      | + function block  :  00000010
  <-Sub-tree of type: Function tree
    | Stack used          :  000002B8


  ->Sub-tree of type: Function tree
                             CSTACK
    | Stack used (prev) :  000002B8
  01  xmp3_SetBitstreamPointer
      | Stack used (prev) :  000002B8
      | + function block  :  00000000
  <-Sub-tree of type: Function tree
    | Stack used          :  000002B8


  ->Sub-tree of type: Function tree
                             CSTACK
    | Stack used (prev) :  000002B8
  01  RefillBitstreamCache
      | Stack used (prev) :  000002B8
      | + function block  :  00000004
  <-Sub-tree of type: Function tree
    | Stack used          :  000002BC


  ->Sub-tree of type: Function tree
                             CSTACK
    | Stack used (prev) :  000002BC
  01  xmp3_GetBits
      | Stack used (prev) :  000002BC
      | + function block  :  00000010
  <-Sub-tree of type: Function tree
    | Stack used          :  000002CC


  ->Sub-tree of type: Function tree
                             CSTACK
    | Stack used (prev) :  000002CC
  01  xmp3_CalcBitsUsed
      | Stack used (prev) :  000002CC
      | + function block  :  00000000
  <-Sub-tree of type: Function tree
    | Stack used          :  000002CC


  ->Sub-tree of type: Function tree
                             CSTACK
    | Stack used (prev) :  000002CC
  01  xmp3_CheckPadBit
      | Stack used (prev) :  000002CC
      | + function block  :  00000000
  <-Sub-tree of type: Function tree
    | Stack used          :  000002CC


  ->Sub-tree of type: Function tree
                             CSTACK
    | Stack used (prev) :  000002CC
  01  xmp3_UnpackFrameHeader
      | Stack used (prev) :  000002CC
      | + function block  :  00000020
  <-Sub-tree of type: Function tree
    | Stack used          :  000002EC


  ->Sub-tree of type: Function tree
                             CSTACK
    | Stack used (prev) :  000002EC
  01  xmp3_UnpackSideInfo
      | Stack used (prev) :  000002EC
      | + function block  :  00000034
  <-Sub-tree of type: Function tree
    | Stack used          :  00000320


  ->Sub-tree of type: Function tree
                             CSTACK
    | Stack used (prev) :  00000320
  01  xmp3_AllocateBuffers
      | Stack used (prev) :  00000320
      | + function block  :  00000008
  <-Sub-tree of type: Function tree
    | Stack used          :  00000328


  ->Sub-tree of type: Function tree
                             CSTACK
    | Stack used (prev) :  00000328
  01  xmp3_FDCT32
      | Stack used (prev) :  00000328
      | + function block  :  0000004C
  <-Sub-tree of type: Function tree
    | Stack used          :  00000374


  ->Sub-tree of type: Function tree
                             CSTACK
    | Stack used (prev) :  00000374
  01  xmp3_Dequantize
      | Stack used (prev) :  00000374
      | + function block  :  00000048
  <-Sub-tree of type: Function tree
    | Stack used          :  000003BC


  ->Sub-tree of type: Function tree
                             CSTACK
    | Stack used (prev) :  000003BC
  01  DequantBlock
      | Stack used (prev) :  000003BC
      | + function block  :  00000044
  <-Sub-tree of type: Function tree
    | Stack used          :  00000400


  ->Sub-tree of type: Function tree
                             CSTACK
    | Stack used (prev) :  00000400
  01  xmp3_DequantChannel
      | Stack used (prev) :  00000400
      | + function block  :  00000048
  <-Sub-tree of type: Function tree
    | Stack used          :  00000448


  ->Sub-tree of type: Function tree
                             CSTACK
    | Stack used (prev) :  00000448
  01  DecodeHuffmanPairs
      | Stack used (prev) :  00000448
      | + function block  :  00000030
  <-Sub-tree of type: Function tree
    | Stack used          :  00000478


  ->Sub-tree of type: Function tree
                             CSTACK
    | Stack used (prev) :  00000478
  01  DecodeHuffmanQuads
      | Stack used (prev) :  00000478
      | + function block  :  00000028
  <-Sub-tree of type: Function tree
    | Stack used          :  000004A0


  ->Sub-tree of type: Function tree
                             CSTACK
    | Stack used (prev) :  000004A0
  01  xmp3_DecodeHuffman
      | Stack used (prev) :  000004A0
      | + function block  :  00000044
  <-Sub-tree of type: Function tree
    | Stack used          :  000004E4


  ->Sub-tree of type: Function tree
                             CSTACK
    | Stack used (prev) :  000004E4
  01  AntiAlias
      | Stack used (prev) :  000004E4
      | + function block  :  0000002C
  <-Sub-tree of type: Function tree
    | Stack used          :  00000510


  ->Sub-tree of type: Function tree
                             CSTACK
    | Stack used (prev) :  00000510
  01  WinPrevious
      | Stack used (prev) :  00000510
      | + function block  :  00000024
  <-Sub-tree of type: Function tree
    | Stack used          :  00000534


  ->Sub-tree of type: Function tree
                             CSTACK
    | Stack used (prev) :  00000534
  01  FreqInvertRescale
      | Stack used (prev) :  00000534
      | + function block  :  00000018
  <-Sub-tree of type: Function tree
    | Stack used          :  0000054C


  ->Sub-tree of type: Function tree
                             CSTACK
    | Stack used (prev) :  0000054C
  01  idct9
      | Stack used (prev) :  0000054C
      | + function block  :  00000040
  <-Sub-tree of type: Function tree
    | Stack used          :  0000058C


  ->Sub-tree of type: Function tree
                             CSTACK
    | Stack used (prev) :  0000058C
  01  IMDCT36
      | Stack used (prev) :  0000058C
      | + function block  :  000000C4
  <-Sub-tree of type: Function tree
    | Stack used          :  00000650


  ->Sub-tree of type: Function tree
                             CSTACK
    | Stack used (prev) :  00000650
  01  imdct12
      | Stack used (prev) :  00000650
      | + function block  :  00000024
  <-Sub-tree of type: Function tree
    | Stack used          :  00000674


  ->Sub-tree of type: Function tree
                             CSTACK
    | Stack used (prev) :  00000674
  01  IMDCT12x3
      | Stack used (prev) :  00000674
      | + function block  :  000000E4
  <-Sub-tree of type: Function tree
    | Stack used          :  00000758


  ->Sub-tree of type: Function tree
                             CSTACK
    | Stack used (prev) :  00000758
  01  HybridTransform
      | Stack used (prev) :  00000758
      | + function block  :  0000007C
  <-Sub-tree of type: Function tree
    | Stack used          :  000007D4


  ->Sub-tree of type: Function tree
                             CSTACK
    | Stack used (prev) :  000007D4
  01  xmp3_IMDCT
      | Stack used (prev) :  000007D4
      | + function block  :  0000004C
  <-Sub-tree of type: Function tree
    | Stack used          :  00000820


  ->Sub-tree of type: Function tree
                             CSTACK
    | Stack used (prev) :  00000820
  01  UnpackSFMPEG1
      | Stack used (prev) :  00000820
      | + function block  :  00000024
  <-Sub-tree of type: Function tree
    | Stack used          :  00000844


  ->Sub-tree of type: Function tree
                             CSTACK
    | Stack used (prev) :  00000844
  01  UnpackSFMPEG2
      | Stack used (prev) :  00000844
      | + function block  :  00000048
  <-Sub-tree of type: Function tree
    | Stack used          :  0000088C


  ->Sub-tree of type: Function tree
                             CSTACK
    | Stack used (prev) :  0000088C
  01  xmp3_UnpackScaleFactors
      | Stack used (prev) :  0000088C
      | + function block  :  00000048
  <-Sub-tree of type: Function tree
    | Stack used          :  000008D4


  ->Sub-tree of type: Function tree
                             CSTACK
    | Stack used (prev) :  000008D4
  01  xmp3_MidSideProc
      | Stack used (prev) :  000008D4
      | + function block  :  00000014
  <-Sub-tree of type: Function tree
    | Stack used          :  000008E8


  ->Sub-tree of type: Function tree
                             CSTACK
    | Stack used (prev) :  000008E8
  01  xmp3_IntensityProcMPEG1
      | Stack used (prev) :  000008E8
      | + function block  :  00000074
  <-Sub-tree of type: Function tree
    | Stack used          :  0000095C


  ->Sub-tree of type: Function tree
                             CSTACK
    | Stack used (prev) :  0000095C
  01  xmp3_IntensityProcMPEG2
      | Stack used (prev) :  0000095C
      | + function block  :  000000A0
  <-Sub-tree of type: Function tree
    | Stack used          :  000009FC


  ->Sub-tree of type: Function tree
                             CSTACK
    | Stack used (prev) :  000009FC
  01  xmp3_Subband
      | Stack used (prev) :  000009FC
      | + function block  :  0000002C
  <-Sub-tree of type: Function tree
    | Stack used          :  00000A28




                ****************************************
                *                                      *
                *      SEGMENTS IN ADDRESS ORDER       *
                *                                      *
                ****************************************


SEGMENT              SPACE    START ADDRESS   END ADDRESS     SIZE  TYPE  ALIGN
=======              =====    =============   ===========     ====  ====  =====
ELFBEGIN             CODE_AREA           00000000                     rel    0
DATA_ID              CODE_AREA      00000000 - 00000493         494   rel    2
START                CODE_AREA           00000494                     dse    0
CODE                 CODE_AREA      00000494 - 00007F97        7B04   rel    2
DATA_C               CODE_AREA      00007F98 - 0000B5BF        3628   rel    2
INITTAB              CODE_AREA      0000B5C0 - 0000B5D7          18   rel    2
DATA_Z               CODE_AREA      0000B5D8 - 00011403        5E2C   rel    2
DATA_I               DATA_AREA      00000000 - 00000493         494   rel    2

                ****************************************
                *                                      *
                *        END OF CROSS REFERENCE        *
                *                                      *
                ****************************************

 70 660 bytes of CODE memory
  1 172 bytes of DATA memory

Errors: 2
Warnings: none

