################################################################################
#                                                                              #
#      IAR Universal Linker V4.60I/386                                         #
#                                                                              #
#           Link time     =  13/Oct/2011  23:45:51                             #
#           Target CPU    =  ARM                                               #
#           List file     =  I:\Amuse\SVN\Siemens\MySMSYS\Mss3\Release_S68\Lis #
#                            t\Mss3CPP_s68.map                                 #
#           Output file 1 =  I:\Amuse\SVN\Siemens\MySMSYS\Mss3\Release_S68\Exe #
#                            \Mss3CPP_s68.elf                                  #
#                            Format: elf, variant: -ynpra                      #
#           Command line  =  I:\Amuse\SVN\Siemens\MySMSYS\Mss3\Release_S68\Obj #
#                            \AFile.r79                                        #
#                            I:\Amuse\SVN\Siemens\MySMSYS\Mss3\Release_S68\Obj #
#                            \AdrList.r79                                      #
#                            I:\Amuse\SVN\Siemens\MySMSYS\Mss3\Release_S68\Obj #
#                            \CSMswaper.r79                                    #
#                            I:\Amuse\SVN\Siemens\MySMSYS\Mss3\Release_S68\Obj #
#                            \CodeShow.r79                                     #
#                            I:\Amuse\SVN\Siemens\MySMSYS\Mss3\Release_S68\Obj #
#                            \CreateMenu.r79                                   #
#                            I:\Amuse\SVN\Siemens\MySMSYS\Mss3\Release_S68\Obj #
#                            \DaemonCSM.r79                                    #
#                            I:\Amuse\SVN\Siemens\MySMSYS\Mss3\Release_S68\Obj #
#                            \DialogCSM.r79                                    #
#                            I:\Amuse\SVN\Siemens\MySMSYS\Mss3\Release_S68\Obj #
#                            \EditGUI.r79                                      #
#                            I:\Amuse\SVN\Siemens\MySMSYS\Mss3\Release_S68\Obj #
#                            \File.r79                                         #
#                            I:\Amuse\SVN\Siemens\MySMSYS\Mss3\Release_S68\Obj #
#                            \GlobalVariable.r79                               #
#                            I:\Amuse\SVN\Siemens\MySMSYS\Mss3\Release_S68\Obj #
#                            \IconPack.r79                                     #
#                            I:\Amuse\SVN\Siemens\MySMSYS\Mss3\Release_S68\Obj #
#                            \KeyHook.r79                                      #
#                            I:\Amuse\SVN\Siemens\MySMSYS\Mss3\Release_S68\Obj #
#                            \LangPack.r79                                     #
#                            I:\Amuse\SVN\Siemens\MySMSYS\Mss3\Release_S68\Obj #
#                            \MainMenu.r79                                     #
#                            I:\Amuse\SVN\Siemens\MySMSYS\Mss3\Release_S68\Obj #
#                            \Mss3App.r79                                      #
#                            I:\Amuse\SVN\Siemens\MySMSYS\Mss3\Release_S68\Obj #
#                            \MyIpcMessage.r79                                 #
#                            I:\Amuse\SVN\Siemens\MySMSYS\Mss3\Release_S68\Obj #
#                            \NativeAddressbook.r79                            #
#                            I:\Amuse\SVN\Siemens\MySMSYS\Mss3\Release_S68\Obj #
#                            \NumList.r79                                      #
#                            I:\Amuse\SVN\Siemens\MySMSYS\Mss3\Release_S68\Obj #
#                            \OthersMenu.r79                                   #
#                            I:\Amuse\SVN\Siemens\MySMSYS\Mss3\Release_S68\Obj #
#                            \PlaySound.r79                                    #
#                            I:\Amuse\SVN\Siemens\MySMSYS\Mss3\Release_S68\Obj #
#                            \PopupGUI.r79                                     #
#                            I:\Amuse\SVN\Siemens\MySMSYS\Mss3\Release_S68\Obj #
#                            \SendList.r79                                     #
#                            I:\Amuse\SVN\Siemens\MySMSYS\Mss3\Release_S68\Obj #
#                            \SiemensPDU.r79                                   #
#                            I:\Amuse\SVN\Siemens\MySMSYS\Mss3\Release_S68\Obj #
#                            \SmsData.r79                                      #
#                            I:\Amuse\SVN\Siemens\MySMSYS\Mss3\Release_S68\Obj #
#                            \SmsListMenu.r79                                  #
#                            I:\Amuse\SVN\Siemens\MySMSYS\Mss3\Release_S68\Obj #
#                            \StrConst.r79                                     #
#                            I:\Amuse\SVN\Siemens\MySMSYS\Mss3\Release_S68\Obj #
#                            \TViewGUI.r79                                     #
#                            I:\Amuse\SVN\Siemens\MySMSYS\Mss3\Release_S68\Obj #
#                            \TabGUI.r79                                       #
#                            I:\Amuse\SVN\Siemens\MySMSYS\Mss3\Release_S68\Obj #
#                            \Template.r79                                     #
#                            I:\Amuse\SVN\Siemens\MySMSYS\Mss3\Release_S68\Obj #
#                            \Vibra.r79                                        #
#                            I:\Amuse\SVN\Siemens\MySMSYS\Mss3\Release_S68\Obj #
#                            \_cpp2.r79                                        #
#                            I:\Amuse\SVN\Siemens\MySMSYS\Mss3\Release_S68\Obj #
#                            \conf_loader.r79                                  #
#                            I:\Amuse\SVN\Siemens\MySMSYS\Mss3\Release_S68\Obj #
#                            \config_data.r79                                  #
#                            I:\Amuse\SVN\Siemens\MySMSYS\Mss3\Release_S68\Obj #
#                            \func.r79                                         #
#                            I:\Amuse\SVN\Siemens\MySMSYS\Mss3\Release_S68\Obj #
#                            \main.r79                                         #
#                            I:\Amuse\SVN\Siemens\MySMSYS\Mss3\Release_S68\Obj #
#                            \string_works.r79                                 #
#                            -o                                                #
#                            I:\Amuse\SVN\Siemens\MySMSYS\Mss3\Release_S68\Exe #
#                            \Mss3CPP_s68.elf                                  #
#                            -Felf -l                                          #
#                            I:\Amuse\SVN\Siemens\MySMSYS\Mss3\Release_S68\Lis #
#                            t\Mss3CPP_s68.map                                 #
#                            -xmsnio                                           #
#                            "-ID:\Program Files\IAR\Embedded Workbench 4.0 Ev #
#                            aluation\ARM\LIB\"                                #
#                            -f I:\Amuse\SVN\Siemens\MySMSYS\Mss3\test.xcl     #
#                            (-carm -V(CODE)CODE_AREA,12                       #
#                            -V(DATA)DATA_AREA,12                              #
#                            -Z(CODE_AREA)ELFBEGIN,DATA_ID,START,CODE,DATA_C,I #
#                            NITTAB,DATA_Z,DATA_N,MYSEG,CONFIG_C=0-FFFFFFFF    #
#                            -Z(DATA_AREA)DATA_I=0-FFFFFFFF) -ynpra            #
#                            "D:\Program Files\IAR\Embedded Workbench 4.0 Eval #
#                            uation\ARM\LIB\dl5tpainl8n.r79"                   #
#                            -s main                                           #
#                                                                              #
#                        Copyright 1987-2007 IAR Systems. All rights reserved. #
################################################################################





                ****************************************
                *                                      *
                *           CROSS REFERENCE            *
                *                                      *
                ****************************************

       Program entry at : CODE_AREA 0000B5EC  Relocatable, from module : main




                ****************************************
                *                                      *
                *            RUNTIME MODEL             *
                *                                      *
                ****************************************

  StackAlign4  = USED
  __cpu_mode   = __pcs__interwork
  __data_model = absolute
  __endian     = little
  __rt_version = 6



                ****************************************
                *                                      *
                *              MODULE MAP              *
                *                                      *
                ****************************************


  DEFINED ABSOLUTE ENTRIES
    *************************************************************************

  DEFINED ABSOLUTE ENTRIES
    *************************************************************************

  FILE NAME : I:\Amuse\SVN\Siemens\MySMSYS\Mss3\Release_S68\Obj\AFile.r79
  PROGRAM MODULE, NAME : AFile

  SEGMENTS IN THE MODULE
  ======================
CODE
  Segment part 2. NOT NEEDED.
    -------------------------------------------------------------------------
CODE
  Segment part 3. NOT NEEDED.
           ENTRY                   ADDRESS         REF BY
           =====                   =======         ======
           AFile::new AFile(char const *, unsigned int, unsigned int)
                                   
               not allocated function
    -------------------------------------------------------------------------
CODE
  Segment part 4. NOT NEEDED.
    -------------------------------------------------------------------------
CODE
  Segment part 5. NOT NEEDED.
           ENTRY                   ADDRESS         REF BY
           =====                   =======         ======
           AFile::new AFile()      
               not allocated function
    -------------------------------------------------------------------------
CODE
  Segment part 6. NOT NEEDED.
    -------------------------------------------------------------------------
CODE
  Segment part 7. NOT NEEDED.
           ENTRY                   ADDRESS         REF BY
           =====                   =======         ======
           AFile::delete ~AFile(AFile *)
                                   
               not allocated function
    -------------------------------------------------------------------------
CODE
  Segment part 8. NOT NEEDED.
    -------------------------------------------------------------------------
CODE
  Relative segment, address: CODE_AREA 00000430 - 0000043B (0xc bytes), align: 2
  Segment part 9.
           ENTRY                   ADDRESS         REF BY
           =====                   =======         ======
           AFile::AFile()          00000430        OthMenu::ShowHelp() (OthersMenu)
    -------------------------------------------------------------------------
CODE
  Segment part 10. NOT NEEDED.
    -------------------------------------------------------------------------
CODE
  Segment part 11. NOT NEEDED.
           ENTRY                   ADDRESS         REF BY
           =====                   =======         ======
           AFile::AFile(char const *, unsigned int, unsigned int)
                                   
               not allocated function
    -------------------------------------------------------------------------
CODE
  Segment part 12. NOT NEEDED.
    -------------------------------------------------------------------------
CODE
  Relative segment, address: CODE_AREA 0000043C - 00000463 (0x28 bytes), align: 2
  Segment part 13.
           ENTRY                   ADDRESS         REF BY
           =====                   =======         ======
           AFile::~AFile()         0000043C        OthMenu::ShowHelp() (OthersMenu)
               stack 1 = 00000000 ( 0000000C )
    -------------------------------------------------------------------------
CODE
  Segment part 14. NOT NEEDED.
    -------------------------------------------------------------------------
CODE
  Relative segment, address: CODE_AREA 00000464 - 0000048B (0x28 bytes), align: 2
  Segment part 15.            Intra module refs:   AFile::FOpen(char const *, unsigned int, unsigned int)
           ENTRY                   ADDRESS         REF BY
           =====                   =======         ======
           AFile::FClose()         00000464        OthMenu::ShowHelp() (OthersMenu)
               stack 1 = 00000000 ( 0000000C )
    -------------------------------------------------------------------------
CODE
  Segment part 16. NOT NEEDED.
    -------------------------------------------------------------------------
CODE
  Relative segment, address: CODE_AREA 0000048C - 000004CF (0x44 bytes), align: 2
  Segment part 17.
           ENTRY                   ADDRESS         REF BY
           =====                   =======         ======
           AFile::FOpen(char const *, unsigned int, unsigned int)
                                   0000048C        OthMenu::ShowHelp() (OthersMenu)
               stack 1 = 00000000 ( 00000014 )
    -------------------------------------------------------------------------
CODE
  Segment part 18. NOT NEEDED.
    -------------------------------------------------------------------------
CODE
  Relative segment, address: CODE_AREA 000004D0 - 000004F3 (0x24 bytes), align: 2
  Segment part 19.
           ENTRY                   ADDRESS         REF BY
           =====                   =======         ======
           AFile::FRead(void *, int)
                                   000004D0        OthMenu::ShowHelp() (OthersMenu)
               stack 1 = 00000000 ( 00000004 )
    -------------------------------------------------------------------------
CODE
  Segment part 20. NOT NEEDED.
    -------------------------------------------------------------------------
CODE
  Segment part 21. NOT NEEDED.
           ENTRY                   ADDRESS         REF BY
           =====                   =======         ======
           AFile::FWrite(void const *, int)
                                   
               not allocated function
    -------------------------------------------------------------------------
CODE
  Segment part 22. NOT NEEDED.
    -------------------------------------------------------------------------
CODE
  Segment part 23. NOT NEEDED.
           ENTRY                   ADDRESS         REF BY
           =====                   =======         ======
           AFile::LSeek(unsigned int, unsigned int)
                                   
               not allocated function
    -------------------------------------------------------------------------
CODE
  Segment part 24. NOT NEEDED.
    -------------------------------------------------------------------------
CODE
  Segment part 25. NOT NEEDED.
    -------------------------------------------------------------------------
CSTACK
  Segment part 1. NOT NEEDED.

    *************************************************************************

  FILE NAME : I:\Amuse\SVN\Siemens\MySMSYS\Mss3\Release_S68\Obj\AdrList.r79
  PROGRAM MODULE, NAME : AdrList

  SEGMENTS IN THE MODULE
  ======================
DATA_Z
  Relative segment, address: CODE_AREA 0000C828 - 0000C82B (0x4 bytes), align: 2
  Segment part 5.
           ENTRY                   ADDRESS         REF BY
           =====                   =======         ======
           ADRLST                  0000C828        EditGUI::GHook(void *, int) (EditGUI)
                                                   PopupNewIn::CreatePopupNewIn(DLG_CSM *, _SDLIST *) (PopupGUI)
                                                   Segment part 156 (SmsData)
                                                   Segment part 23 (DaemonCSM)
                                                   Segment part 42 (NumList)
                                                   SmsListMenu::ItemProc(void *, int, void *) (SmsListMenu)
    -------------------------------------------------------------------------
CODE
  Segment part 6. NOT NEEDED.
    -------------------------------------------------------------------------
CODE
  Relative segment, address: CODE_AREA 000004F4 - 0000050F (0x1c bytes), align: 2
  Segment part 7.
           ENTRY                   ADDRESS         REF BY
           =====                   =======         ======
           AdrList::new AdrList()
                                   000004F4        DaemonCSM::OnCreate(CSM_RAM *) (DaemonCSM)
               stack 1 = 00000000 ( 00000004 )
    -------------------------------------------------------------------------
CODE
  Segment part 8. NOT NEEDED.
    -------------------------------------------------------------------------
CODE
  Relative segment, address: CODE_AREA 00000510 - 0000052B (0x1c bytes), align: 2
  Segment part 9.
           ENTRY                   ADDRESS         REF BY
           =====                   =======         ======
           AdrList::delete ~AdrList(AdrList *)
                                   00000510        DaemonCSM::OnClose(CSM_RAM *) (DaemonCSM)
               stack 1 = 00000000 ( 00000008 )
    -------------------------------------------------------------------------
CODE
  Segment part 10. NOT NEEDED.
    -------------------------------------------------------------------------
CODE
  Relative segment, address: CODE_AREA 0000052C - 0000054F (0x24 bytes), align: 2
  Segment part 11.            Intra module refs:   AdrList::new AdrList()
           ENTRY                   ADDRESS         REF BY
           =====                   =======         ======
           AdrList::AdrList()      0000052C 
               stack 1 = 00000000 ( 00000008 )
    -------------------------------------------------------------------------
CODE
  Segment part 12. NOT NEEDED.
    -------------------------------------------------------------------------
CODE
  Segment part 13. NOT NEEDED.
           ENTRY                   ADDRESS         REF BY
           =====                   =======         ======
           AdrList::~AdrList()     
               not allocated function
    -------------------------------------------------------------------------
CODE
  Segment part 14. NOT NEEDED.
    -------------------------------------------------------------------------
CODE
  Relative segment, address: CODE_AREA 00000550 - 000005D3 (0x84 bytes), align: 2
  Segment part 15.            Intra module refs:   AdrList::ConstructList()
                                                   AdrList::delete ~AdrList(AdrList *)
           ENTRY                   ADDRESS         REF BY
           =====                   =======         ======
           AdrList::FreeCLIST()    00000550 
               stack 1 = 00000000 ( 0000000C )
    -------------------------------------------------------------------------
CODE
  Segment part 16. NOT NEEDED.
    -------------------------------------------------------------------------
CODE
  Relative segment, address: CODE_AREA 000005D4 - 00000AA3 (0x4d0 bytes), align: 2
  Segment part 17.            Intra module refs:   AdrList::ConstructListCHK(AdrList *)
                                                   AdrList::ConstructListFRC(AdrList *)
           ENTRY                   ADDRESS         REF BY
           =====                   =======         ======
           AdrList::ConstructList()
                                   000005D4 
               stack 1 = 00000000 ( 00000464 )
    -------------------------------------------------------------------------
CODE
  Segment part 18. NOT NEEDED.
    -------------------------------------------------------------------------
CODE
  Relative segment, address: CODE_AREA 00000AA4 - 00000ABB (0x18 bytes), align: 2
  Segment part 19.            Intra module refs:   Segment part 24
           ENTRY                   ADDRESS         REF BY
           =====                   =======         ======
           AdrList::ConstructListCHK(AdrList *)
                                   00000AA4 
               stack 1 = 00000000 ( 00000004 )
    -------------------------------------------------------------------------
CODE
  Segment part 20. NOT NEEDED.
    -------------------------------------------------------------------------
CODE
  Relative segment, address: CODE_AREA 00000ABC - 00000ABF (0x4 bytes), align: 2
  Segment part 21.
           ENTRY                   ADDRESS         REF BY
           =====                   =======         ======
           AdrList::ConstructListFRC(AdrList *)
                                   00000ABC        DaemonCSM::OnMessage(CSM_RAM *, GBS_MSG *) (DaemonCSM)
               stack 1 = 00000000 ( 00000004 )
    -------------------------------------------------------------------------
CODE
  Segment part 22. NOT NEEDED.
    -------------------------------------------------------------------------
CODE
  Relative segment, address: CODE_AREA 00000AC0 - 00000ADF (0x20 bytes), align: 2
  Segment part 23.
           ENTRY                   ADDRESS         REF BY
           =====                   =======         ======
           AdrList::ConstructListCFGUPD()
                                   00000AC0        DaemonCSM::OnMessage(CSM_RAM *, GBS_MSG *) (DaemonCSM)
               stack 1 = 00000000 ( 00000004 )
    -------------------------------------------------------------------------
CODE
  Relative segment, address: CODE_AREA 00000AE0 - 00000AE3 (0x4 bytes), align: 2
  Segment part 24.            Intra module refs:   AdrList::AdrList()
                                                   AdrList::ConstructListCFGUPD()
    -------------------------------------------------------------------------
CODE
  Segment part 25. NOT NEEDED.
    -------------------------------------------------------------------------
CODE
  Relative segment, address: CODE_AREA 00000AE4 - 00000B9F (0xbc bytes), align: 2
  Segment part 26.
           ENTRY                   ADDRESS         REF BY
           =====                   =======         ======
           AdrList::FindName(WSHDR *, char const *)
                                   00000AE4        EditGUI::GHook(void *, int) (EditGUI)
                                                   NumList::AddToList(char const *) (NumList)
                                                   NumList::AllocNL(char const *) (NumList)
                                                   NumList::UpdateNL(_NLST *, char const *) (NumList)
                                                   SmsData::GetFilePathSDL(_SDLIST *, char *, char *, int) (SmsData)
                                                   SmsListMenu::ItemProc(void *, int, void *) (SmsListMenu)
               stack 1 = 00000000 ( 00000014 )
    -------------------------------------------------------------------------
CODE
  Segment part 27. NOT NEEDED.
    -------------------------------------------------------------------------
CODE
  Relative segment, address: CODE_AREA 00000BA0 - 00000C0F (0x70 bytes), align: 2
  Segment part 28.
           ENTRY                   ADDRESS         REF BY
           =====                   =======         ======
           AdrList::FindCList(char const *)
                                   00000BA0        PopupNewIn::CreatePopupNewIn(DLG_CSM *, _SDLIST *) (PopupGUI)
                                                   SmsData::ExportAllToText() (SmsData)
               stack 1 = 00000000 ( 00000010 )
    -------------------------------------------------------------------------
CODE
  Segment part 29. NOT NEEDED.Intra module refs:   AdrList::ConstructList()
                                                   AdrList::new AdrList()
    -------------------------------------------------------------------------
CODE
  Segment part 30. NOT NEEDED.Intra module refs:   AdrList::FreeCLIST()
                                                   AdrList::delete ~AdrList(AdrList *)
    -------------------------------------------------------------------------
CODE
  Segment part 31. NOT NEEDED.Intra module refs:   AdrList::ConstructList()
    -------------------------------------------------------------------------
CODE
  Segment part 32. NOT NEEDED.Intra module refs:   AdrList::FindCList(char const *)
                                                   AdrList::FindName(WSHDR *, char const *)
    -------------------------------------------------------------------------
CSTACK
  Segment part 1. NOT NEEDED.
    -------------------------------------------------------------------------
INITTAB
  Relative segment, address: CODE_AREA 0000C810 - 0000C81B (0xc bytes), align: 2
  Segment part 33. ROOT.
           ENTRY                   ADDRESS         REF BY
           =====                   =======         ======
           ?init?tab?DATA_Z        0000C810 
    -------------------------------------------------------------------------
DATA_C
  Segment part 2. NOT NEEDED.
    -------------------------------------------------------------------------
DATA_C
  Relative segment, address: CODE_AREA 0000BB90 - 0000BBBF (0x30 bytes), align: 2
  Segment part 3.             Intra module refs:   AdrList::ConstructList()
    -------------------------------------------------------------------------
DATA_C
  Relative segment, address: CODE_AREA 0000BBC0 - 0000BBC7 (0x8 bytes), align: 2
  Segment part 4.             Intra module refs:   AdrList::FindName(WSHDR *, char const *)

    *************************************************************************

  FILE NAME : I:\Amuse\SVN\Siemens\MySMSYS\Mss3\Release_S68\Obj\CSMswaper.r79
  PROGRAM MODULE, NAME : CSMswaper

  SEGMENTS IN THE MODULE
  ======================
CODE
  Segment part 4. NOT NEEDED.
    -------------------------------------------------------------------------
CODE
  Segment part 5. NOT NEEDED.
           ENTRY                   ADDRESS         REF BY
           =====                   =======         ======
           CSMSwaper::new CSMSwaper()
                                   
               not allocated function
    -------------------------------------------------------------------------
CODE
  Segment part 6. NOT NEEDED.
    -------------------------------------------------------------------------
CODE
  Segment part 7. NOT NEEDED.
           ENTRY                   ADDRESS         REF BY
           =====                   =======         ======
           CSMSwaper::CSMSwaper()
                                   
               not allocated function
    -------------------------------------------------------------------------
CODE
  Segment part 8. NOT NEEDED.
    -------------------------------------------------------------------------
CODE
  Segment part 9. NOT NEEDED.
    -------------------------------------------------------------------------
CODE
  Segment part 10. NOT NEEDED.
           ENTRY                   ADDRESS         REF BY
           =====                   =======         ======
           CSMSwaper::~CSMSwaper()
                                   
               not allocated function
    -------------------------------------------------------------------------
CODE
  Segment part 11. NOT NEEDED.
    -------------------------------------------------------------------------
DATA_Z
  Segment part 3. NOT NEEDED.
           ENTRY                   ADDRESS         REF BY
           =====                   =======         ======
           CSMSwaper::under_idle   
    -------------------------------------------------------------------------
CODE
  Segment part 12. NOT NEEDED.
           ENTRY                   ADDRESS         REF BY
           =====                   =======         ======
           CSMSwaper::do_CSMtoTop(CSMQ *, void *)
                                   
               not allocated function
    -------------------------------------------------------------------------
CODE
  Segment part 13. NOT NEEDED.
    -------------------------------------------------------------------------
CODE
  Segment part 14. NOT NEEDED.
           ENTRY                   ADDRESS         REF BY
           =====                   =======         ======
           CSMSwaper::LLaddToEnd(LLQ *, void *)
                                   
               not allocated function
    -------------------------------------------------------------------------
CODE
  Segment part 15. NOT NEEDED.
    -------------------------------------------------------------------------
CODE
  Segment part 16. NOT NEEDED.
           ENTRY                   ADDRESS         REF BY
           =====                   =======         ======
           CSMSwaper::CSMtoTop(int, int)
                                   
               not allocated function
    -------------------------------------------------------------------------
CODE
  Segment part 17. NOT NEEDED.
    -------------------------------------------------------------------------
CODE
  Segment part 18. NOT NEEDED.
           ENTRY                   ADDRESS         REF BY
           =====                   =======         ======
           CSMSwaper::InitUnderIdleCSM()
                                   
               not allocated function
    -------------------------------------------------------------------------
CODE
  Segment part 19. NOT NEEDED.
    -------------------------------------------------------------------------
CODE
  Segment part 20. NOT NEEDED.
    -------------------------------------------------------------------------
CODE
  Segment part 21. NOT NEEDED.
    -------------------------------------------------------------------------
CSTACK
  Segment part 1. NOT NEEDED.
    -------------------------------------------------------------------------
INITTAB
  Segment part 22. TENTATIVE. Used definition from AdrList
           ENTRY                   ADDRESS         REF BY
           =====                   =======         ======
           ?init?tab?DATA_Z        
    -------------------------------------------------------------------------
DATA_C
  Segment part 2. NOT NEEDED.
           ENTRY                   ADDRESS         REF BY
           =====                   =======         ======
           CSMSwaper::__vtbl       

    *************************************************************************

  FILE NAME : I:\Amuse\SVN\Siemens\MySMSYS\Mss3\Release_S68\Obj\CodeShow.r79
  PROGRAM MODULE, NAME : CodeShow

  SEGMENTS IN THE MODULE
  ======================
DATA_C
  Relative segment, address: CODE_AREA 0000BBC8 - 0000BCB7 (0xf0 bytes), align: 2
  Segment part 2.             Intra module refs:   Segment part 40
    -------------------------------------------------------------------------
DATA_C
  Segment part 3. NOT NEEDED.
           ENTRY                   ADDRESS         REF BY
           =====                   =======         ======
           CodeShow::__vtbl        
    -------------------------------------------------------------------------
DATA_C
  Segment part 4. NOT NEEDED.
    -------------------------------------------------------------------------
DATA_C
  Segment part 5. NOT NEEDED.
    -------------------------------------------------------------------------
DATA_C
  Segment part 6. NOT NEEDED.
    -------------------------------------------------------------------------
DATA_C
  Segment part 7. NOT NEEDED.
    -------------------------------------------------------------------------
DATA_C
  Segment part 8. NOT NEEDED.
    -------------------------------------------------------------------------
DATA_C
  Segment part 9. NOT NEEDED.
    -------------------------------------------------------------------------
DATA_C
  Segment part 10. NOT NEEDED.
    -------------------------------------------------------------------------
DATA_C
  Segment part 11. NOT NEEDED.
    -------------------------------------------------------------------------
DATA_C
  Segment part 12. NOT NEEDED.
    -------------------------------------------------------------------------
DATA_C
  Segment part 13. NOT NEEDED.
    -------------------------------------------------------------------------
DATA_C
  Segment part 14. NOT NEEDED.
    -------------------------------------------------------------------------
DATA_C
  Segment part 15. NOT NEEDED.
    -------------------------------------------------------------------------
DATA_C
  Segment part 16. NOT NEEDED.
    -------------------------------------------------------------------------
DATA_C
  Segment part 17. NOT NEEDED.
    -------------------------------------------------------------------------
CODE
  Segment part 18. NOT NEEDED.
    -------------------------------------------------------------------------
CODE
  Segment part 19. NOT NEEDED.
           ENTRY                   ADDRESS         REF BY
           =====                   =======         ======
           CodeShow::new CodeShow()
                                   
               not allocated function
    -------------------------------------------------------------------------
CODE
  Segment part 20. NOT NEEDED.
    -------------------------------------------------------------------------
CODE
  Segment part 21. NOT NEEDED.
           ENTRY                   ADDRESS         REF BY
           =====                   =======         ======
           CodeShow::CodeShow()    
               not allocated function
    -------------------------------------------------------------------------
CODE
  Segment part 22. NOT NEEDED.
    -------------------------------------------------------------------------
CODE
  Segment part 23. NOT NEEDED.
    -------------------------------------------------------------------------
CODE
  Segment part 24. NOT NEEDED.
           ENTRY                   ADDRESS         REF BY
           =====                   =======         ======
           CodeShow::~CodeShow()   
               not allocated function
    -------------------------------------------------------------------------
CODE
  Segment part 25. NOT NEEDED.
    -------------------------------------------------------------------------
CODE
  Relative segment, address: CODE_AREA 00000C10 - 000010E3 (0x4d4 bytes), align: 2
  Segment part 26.
           ENTRY                   ADDRESS         REF BY
           =====                   =======         ======
           CodeShow::GetProvAndCity(word *, char *)
                                   00000C10        EditGUI::OnKey(void *, GUI_MSG *) (EditGUI)
                                                   PopupNewIn::CreatePopupNewIn(DLG_CSM *, _SDLIST *) (PopupGUI)
                                                   SmsListMenu::OnKey(void *, GUI_MSG *) (SmsListMenu)
               stack 1 = 00000000 ( 00000090 )
    -------------------------------------------------------------------------
CODE
  Segment part 27. NOT NEEDED.
    -------------------------------------------------------------------------
CODE
  Relative segment, address: CODE_AREA 000010E4 - 00001137 (0x54 bytes), align: 2
  Segment part 28.            Intra module refs:   CodeShow::FindCRName(word *, char *)
                                                   CodeShow::GetProvAndCity(word *, char *)
           ENTRY                   ADDRESS         REF BY
           =====                   =======         ======
           CodeShow::BSTRAdd(word *, word const *, int)
                                   000010E4 
               stack 1 = 00000000 ( 00000008 )
    -------------------------------------------------------------------------
CODE
  Segment part 29. NOT NEEDED.
    -------------------------------------------------------------------------
CODE
  Relative segment, address: CODE_AREA 00001138 - 00001173 (0x3c bytes), align: 2
  Segment part 30.            Intra module refs:   CodeShow::FindCRName(word *, char *)
           ENTRY                   ADDRESS         REF BY
           =====                   =======         ======
           CodeShow::GetCode(byte *, dword)
                                   00001138 
    -------------------------------------------------------------------------
CODE
  Segment part 31. NOT NEEDED.
    -------------------------------------------------------------------------
CODE
  Relative segment, address: CODE_AREA 00001174 - 00001233 (0xc0 bytes), align: 2
  Segment part 32.            Intra module refs:   CodeShow::GetProvAndCity(word *, char *)
           ENTRY                   ADDRESS         REF BY
           =====                   =======         ======
           CodeShow::FindLocale(LOCALE *, int, int, int *)
                                   00001174 
               stack 1 = 00000000 ( 0000000C )
    -------------------------------------------------------------------------
CODE
  Segment part 33. NOT NEEDED.
    -------------------------------------------------------------------------
CODE
  Segment part 34. NOT NEEDED.
           ENTRY                   ADDRESS         REF BY
           =====                   =======         ======
           CodeShow::AppendInfoW(WSHDR *, WSHDR *)
                                   
               not allocated function
    -------------------------------------------------------------------------
CODE
  Segment part 35. NOT NEEDED.
    -------------------------------------------------------------------------
CODE
  Relative segment, address: CODE_AREA 00001234 - 0000129B (0x68 bytes), align: 2
  Segment part 36.            Intra module refs:   CodeShow::GetProvAndCity(word *, char *)
           ENTRY                   ADDRESS         REF BY
           =====                   =======         ======
           CodeShow::GetLocalNoInfo(char *, char *)
                                   00001234 
               stack 1 = 00000000 ( 00000010 )
    -------------------------------------------------------------------------
CODE
  Relative segment, address: CODE_AREA 0000129C - 0000129F (0x4 bytes), align: 2
  Segment part 37.            Intra module refs:   CodeShow::GetLocalNoInfo(char *, char *)
                                                   CodeShow::GetProvAndCity(word *, char *)
    -------------------------------------------------------------------------
CODE
  Segment part 38. NOT NEEDED.
    -------------------------------------------------------------------------
CODE
  Relative segment, address: CODE_AREA 000012A0 - 000016CB (0x42c bytes), align: 2
  Segment part 39.            Intra module refs:   CodeShow::GetProvAndCity(word *, char *)
           ENTRY                   ADDRESS         REF BY
           =====                   =======         ======
           CodeShow::FindCRName(word *, char *)
                                   000012A0 
               stack 1 = 00000000 ( 00000034 )
    -------------------------------------------------------------------------
CODE
  Relative segment, address: CODE_AREA 000016CC - 000016CF (0x4 bytes), align: 2
  Segment part 40.            Intra module refs:   CodeShow::FindCRName(word *, char *)
                                                   CodeShow::GetProvAndCity(word *, char *)
    -------------------------------------------------------------------------
CODE
  Segment part 41. NOT NEEDED.
    -------------------------------------------------------------------------
CODE
  Relative segment, address: CODE_AREA 000016D0 - 00001747 (0x78 bytes), align: 2
  Segment part 42.            Intra module refs:   CodeShow::GetProvAndCity(word *, char *)
           ENTRY                   ADDRESS         REF BY
           =====                   =======         ======
           CodeShow::GetCodeRange(CRANGE *, uint32, uint32)
                                   000016D0 
               stack 1 = 00000000 ( 00000010 )
    -------------------------------------------------------------------------
CODE
  Segment part 43. NOT NEEDED.
    -------------------------------------------------------------------------
CODE
  Segment part 44. NOT NEEDED.
    -------------------------------------------------------------------------
CODE
  Segment part 45. NOT NEEDED.Intra module refs:   CodeShow::FindCRName(word *, char *)
                                                   CodeShow::GetLocalNoInfo(char *, char *)
                                                   CodeShow::GetProvAndCity(word *, char *)
    -------------------------------------------------------------------------
CSTACK
  Segment part 1. NOT NEEDED.

    *************************************************************************

  FILE NAME : I:\Amuse\SVN\Siemens\MySMSYS\Mss3\Release_S68\Obj\CreateMenu.r79
  PROGRAM MODULE, NAME : CreateMenu

  SEGMENTS IN THE MODULE
  ======================
CODE
  Relative segment, address: CODE_AREA 00001748 - 00001787 (0x40 bytes), align: 2
  Segment part 2.             Intra module refs:   CreateMenu30or2(MENU_DESC const *, HEADER_DESC const *, int, int, void *)
           ENTRY                   ADDRESS         REF BY
           =====                   =======         ======
           patch_option_header(HEADER_DESC const *)
                                   00001748 
               stack 1 = 00000000 ( 0000000C )
    -------------------------------------------------------------------------
CODE
  Segment part 3. NOT NEEDED.
    -------------------------------------------------------------------------
CODE
  Relative segment, address: CODE_AREA 00001788 - 00001827 (0xa0 bytes), align: 2
  Segment part 4.
           ENTRY                   ADDRESS         REF BY
           =====                   =======         ======
           CreateMenu(ML_MENU_DESC const *, HEADER_DESC const *, int, int, void *)
                                   00001788        SmsListMenu::CreateSmsListMenu(int, int, DLG_CSM *) (SmsListMenu)
                                                   SmsListMenu::ReCreateMe(void *) (SmsListMenu)
               stack 1 = 00000000 ( 00000020 )
    -------------------------------------------------------------------------
CODE
  Segment part 5. NOT NEEDED.
    -------------------------------------------------------------------------
CODE
  Relative segment, address: CODE_AREA 00001828 - 000018C7 (0xa0 bytes), align: 2
  Segment part 6.
           ENTRY                   ADDRESS         REF BY
           =====                   =======         ======
           CreateMenu(MENU_DESC const *, HEADER_DESC const *, int, int, void *)
                                   00001828        OthMenu::CreateOthMenu(DLG_CSM *) (OthersMenu)
                                                   TplMenu::CreateTplMenu(void *) (Template)
               stack 1 = 00000000 ( 00000020 )
    -------------------------------------------------------------------------
CODE
  Segment part 7. NOT NEEDED.
    -------------------------------------------------------------------------
CODE
  Segment part 8. NOT NEEDED.
           ENTRY                   ADDRESS         REF BY
           =====                   =======         ======
           CreateMenu(ML_MENU_DESC const *, HEADER_DESC const *, WSHDR *, int, int, void *)
                                   
               not allocated function
    -------------------------------------------------------------------------
CODE
  Segment part 9. NOT NEEDED.
    -------------------------------------------------------------------------
CODE
  Segment part 10. NOT NEEDED.
           ENTRY                   ADDRESS         REF BY
           =====                   =======         ======
           CreateMenu(MENU_DESC const *, HEADER_DESC const *, WSHDR *, int, int, void *)
                                   
               not allocated function
    -------------------------------------------------------------------------
CODE
  Segment part 11. NOT NEEDED.
    -------------------------------------------------------------------------
CODE
  Segment part 12. NOT NEEDED.
           ENTRY                   ADDRESS         REF BY
           =====                   =======         ======
           CreateMenu30or2(ML_MENU_DESC const *, HEADER_DESC const *, WSHDR *, int, int, void *)
                                   
               not allocated function
    -------------------------------------------------------------------------
CODE
  Segment part 13. NOT NEEDED.
    -------------------------------------------------------------------------
CODE
  Segment part 14. NOT NEEDED.
           ENTRY                   ADDRESS         REF BY
           =====                   =======         ======
           CreateMenu30or2(MENU_DESC const *, HEADER_DESC const *, WSHDR *, int, int, void *)
                                   
               not allocated function
    -------------------------------------------------------------------------
CODE
  Segment part 15. NOT NEEDED.
    -------------------------------------------------------------------------
CODE
  Segment part 16. NOT NEEDED.
           ENTRY                   ADDRESS         REF BY
           =====                   =======         ======
           CreateMenu30or2(ML_MENU_DESC const *, HEADER_DESC const *, int, int, void *)
                                   
               not allocated function
    -------------------------------------------------------------------------
CODE
  Segment part 17. NOT NEEDED.
    -------------------------------------------------------------------------
CODE
  Relative segment, address: CODE_AREA 000018C8 - 0000194B (0x84 bytes), align: 2
  Segment part 18.
           ENTRY                   ADDRESS         REF BY
           =====                   =======         ======
           CreateMenu30or2(MENU_DESC const *, HEADER_DESC const *, int, int, void *)
                                   000018C8        EditOptionMenu::CreateEditOptionMenu(DLG_CSM *, _SDLIST *, int, int, int) (EditGUI)
                                                   SmsOptionMenu::CreateSmsOptionMenu(DLG_CSM *, int, int, _SDLIST *) (SmsListMenu)
               stack 1 = 00000000 ( 00000020 )
    -------------------------------------------------------------------------
CODE
  Segment part 19. NOT NEEDED.Intra module refs:   CreateMenu30or2(MENU_DESC const *, HEADER_DESC const *, int, int, void *)
    -------------------------------------------------------------------------
CSTACK
  Segment part 1. NOT NEEDED.

    *************************************************************************

  FILE NAME : I:\Amuse\SVN\Siemens\MySMSYS\Mss3\Release_S68\Obj\DaemonCSM.r79
  PROGRAM MODULE, NAME : DaemonCSM

  SEGMENTS IN THE MODULE
  ======================
CODE
  Segment part 5. NOT NEEDED.
    -------------------------------------------------------------------------
CODE
  Relative segment, address: CODE_AREA 0000194C - 00001967 (0x1c bytes), align: 2
  Segment part 6.             Intra module refs:   DaemonCSM::OnClose(CSM_RAM *)
           ENTRY                   ADDRESS         REF BY
           =====                   =======         ======
           DaemonCSM::delete ~DaemonCSM(DaemonCSM *)
                                   0000194C 
               stack 1 = 00000000 ( 00000008 )
    -------------------------------------------------------------------------
CODE
  Segment part 7. NOT NEEDED.
    -------------------------------------------------------------------------
CODE
  Relative segment, address: CODE_AREA 00001968 - 00001983 (0x1c bytes), align: 2
  Segment part 8.
           ENTRY                   ADDRESS         REF BY
           =====                   =======         ======
           DaemonCSM::new DaemonCSM()
                                   00001968        Mss3App::Start(char *, char *) (Mss3App)
               stack 1 = 00000000 ( 00000004 )
    -------------------------------------------------------------------------
CODE
  Segment part 9. NOT NEEDED.
    -------------------------------------------------------------------------
CODE
  Relative segment, address: CODE_AREA 00001984 - 00001A5B (0xd8 bytes), align: 2
  Segment part 10.            Intra module refs:   DaemonCSM::new DaemonCSM()
           ENTRY                   ADDRESS         REF BY
           =====                   =======         ======
           DaemonCSM::DaemonCSM()
                                   00001984 
               stack 1 = 00000000 ( 0000000C )
    -------------------------------------------------------------------------
CODE
  Segment part 11. NOT NEEDED.
    -------------------------------------------------------------------------
CODE
  Relative segment, address: CODE_AREA 00001A5C - 00001A7F (0x24 bytes), align: 2
  Segment part 12.            Intra module refs:   DaemonCSM::delete ~DaemonCSM(DaemonCSM *)
           ENTRY                   ADDRESS         REF BY
           =====                   =======         ======
           DaemonCSM::~DaemonCSM()
                                   00001A5C 
               stack 1 = 00000000 ( 00000008 )
    -------------------------------------------------------------------------
CODE
  Segment part 13. NOT NEEDED.
    -------------------------------------------------------------------------
CODE
  Relative segment, address: CODE_AREA 00001A80 - 00001AF3 (0x74 bytes), align: 2
  Segment part 14.
           ENTRY                   ADDRESS         REF BY
           =====                   =======         ======
           DaemonCSM::CreateDaemonCSM()
                                   00001A80        Mss3App::Start(char *, char *) (Mss3App)
               stack 1 = 00000000 ( 0000003C )
    -------------------------------------------------------------------------
CODE
  Segment part 15. NOT NEEDED.
    -------------------------------------------------------------------------
CODE
  Relative segment, address: CODE_AREA 00001AF4 - 00001B2F (0x3c bytes), align: 2
  Segment part 16.            Intra module refs:   DaemonCSM::DaemonCSM()
           ENTRY                   ADDRESS         REF BY
           =====                   =======         ======
           DaemonCSM::OnCreate(CSM_RAM *)
                                   00001AF4 
               stack 1 = 00000000 ( 00000004 )
    -------------------------------------------------------------------------
CODE
  Segment part 17. NOT NEEDED.
    -------------------------------------------------------------------------
CODE
  Relative segment, address: CODE_AREA 00001B30 - 0000227B (0x74c bytes), align: 2
  Segment part 18.            Intra module refs:   DaemonCSM::DaemonCSM()
           ENTRY                   ADDRESS         REF BY
           =====                   =======         ======
           DaemonCSM::OnMessage(CSM_RAM *, GBS_MSG *)
                                   00001B30 
               stack 1 = 00000000 ( 00000034 )
    -------------------------------------------------------------------------
CODE
  Segment part 19. NOT NEEDED.
    -------------------------------------------------------------------------
CODE
  Relative segment, address: CODE_AREA 0000227C - 000022E3 (0x68 bytes), align: 2
  Segment part 20.            Intra module refs:   DaemonCSM::DaemonCSM()
           ENTRY                   ADDRESS         REF BY
           =====                   =======         ======
           DaemonCSM::OnClose(CSM_RAM *)
                                   0000227C 
               stack 1 = 00000000 ( 00000008 )
    -------------------------------------------------------------------------
CODE
  Relative segment, address: CODE_AREA 000022E4 - 000022E7 (0x4 bytes), align: 2
  Segment part 21.            Intra module refs:   DaemonCSM::OnClose(CSM_RAM *)
                                                   DaemonCSM::OnCreate(CSM_RAM *)
                                                   DaemonCSM::OnMessage(CSM_RAM *, GBS_MSG *)
    -------------------------------------------------------------------------
CODE
  Relative segment, address: CODE_AREA 000022E8 - 000022EB (0x4 bytes), align: 2
  Segment part 22.            Intra module refs:   DaemonCSM::OnClose(CSM_RAM *)
                                                   DaemonCSM::OnCreate(CSM_RAM *)
    -------------------------------------------------------------------------
CODE
  Relative segment, address: CODE_AREA 000022EC - 000022EF (0x4 bytes), align: 2
  Segment part 23.            Intra module refs:   DaemonCSM::OnClose(CSM_RAM *)
                                                   DaemonCSM::OnCreate(CSM_RAM *)
                                                   DaemonCSM::OnMessage(CSM_RAM *, GBS_MSG *)
    -------------------------------------------------------------------------
CODE
  Segment part 24. NOT NEEDED.
    -------------------------------------------------------------------------
CODE
  Relative segment, address: CODE_AREA 000022F0 - 0000231F (0x30 bytes), align: 2
  Segment part 25.            Intra module refs:   DaemonCSM::OnMessage(CSM_RAM *, GBS_MSG *)
           ENTRY                   ADDRESS         REF BY
           =====                   =======         ======
           DaemonCSM::AddDlgCsmID(int)
                                   000022F0 
    -------------------------------------------------------------------------
CODE
  Segment part 26. NOT NEEDED.
    -------------------------------------------------------------------------
CODE
  Segment part 27. NOT NEEDED.
           ENTRY                   ADDRESS         REF BY
           =====                   =======         ======
           DaemonCSM::AddDlgCsmID_Forced0(int)
                                   
               not allocated function
    -------------------------------------------------------------------------
CODE
  Segment part 28. NOT NEEDED.
    -------------------------------------------------------------------------
CODE
  Relative segment, address: CODE_AREA 00002320 - 00002357 (0x38 bytes), align: 2
  Segment part 29.            Intra module refs:   DaemonCSM::OnClose(CSM_RAM *)
           ENTRY                   ADDRESS         REF BY
           =====                   =======         ======
           DaemonCSM::CloseAllDlgCSM()
                                   00002320 
               stack 1 = 00000000 ( 00000010 )
    -------------------------------------------------------------------------
CODE
  Segment part 30. NOT NEEDED.
    -------------------------------------------------------------------------
CODE
  Relative segment, address: CODE_AREA 00002358 - 00002383 (0x2c bytes), align: 2
  Segment part 31.            Intra module refs:   DaemonCSM::OnMessage(CSM_RAM *, GBS_MSG *)
           ENTRY                   ADDRESS         REF BY
           =====                   =======         ======
           DaemonCSM::DelDlgCsmID(int)
                                   00002358 
    -------------------------------------------------------------------------
CODE
  Segment part 32. NOT NEEDED.
    -------------------------------------------------------------------------
CODE
  Relative segment, address: CODE_AREA 00002384 - 000023D7 (0x54 bytes), align: 2
  Segment part 33.            Intra module refs:   DaemonCSM::OnMessage(CSM_RAM *, GBS_MSG *)
           ENTRY                   ADDRESS         REF BY
           =====                   =======         ======
           DaemonCSM::IsOnTopMyCSM()
                                   00002384 
               stack 1 = 00000000 ( 00000008 )
    -------------------------------------------------------------------------
CODE
  Segment part 34. NOT NEEDED.
    -------------------------------------------------------------------------
CODE
  Relative segment, address: CODE_AREA 000023D8 - 000023DF (0x8 bytes), align: 2
  Segment part 35.            Intra module refs:   DaemonCSM::OnMessage(CSM_RAM *, GBS_MSG *)
           ENTRY                   ADDRESS         REF BY
           =====                   =======         ======
           DaemonCSM::DoNewProc()
                                   000023D8 
               stack 1 = 00000000 ( 00000004 )
    -------------------------------------------------------------------------
CODE
  Segment part 36. NOT NEEDED.
    -------------------------------------------------------------------------
CODE
  Relative segment, address: CODE_AREA 000023E0 - 000023E7 (0x8 bytes), align: 2
  Segment part 37.            Intra module refs:   DaemonCSM::OnMessage(CSM_RAM *, GBS_MSG *)
           ENTRY                   ADDRESS         REF BY
           =====                   =======         ======
           DaemonCSM::UpdateNProc()
                                   000023E0 
               stack 1 = 00000000 ( 00000004 )
    -------------------------------------------------------------------------
CODE
  Segment part 38. NOT NEEDED.
    -------------------------------------------------------------------------
CODE
  Relative segment, address: CODE_AREA 000023E8 - 0000242B (0x44 bytes), align: 2
  Segment part 39.            Intra module refs:   DaemonCSM::DaemonCSM()
           ENTRY                   ADDRESS         REF BY
           =====                   =======         ======
           DaemonCSM::AddIconBar(short *)
                                   000023E8 
               stack 1 = 00000000 ( 00000004 )
    -------------------------------------------------------------------------
CODE
  Relative segment, address: CODE_AREA 0000242C - 0000242F (0x4 bytes), align: 2
  Segment part 40.            Intra module refs:   DaemonCSM::AddIconBar(short *)
                                                   DaemonCSM::OnClose(CSM_RAM *)
                                                   DaemonCSM::OnCreate(CSM_RAM *)
                                                   DaemonCSM::OnMessage(CSM_RAM *, GBS_MSG *)
    -------------------------------------------------------------------------
CODE
  Segment part 41. NOT NEEDED.
    -------------------------------------------------------------------------
CODE
  Relative segment, address: CODE_AREA 00002430 - 0000245F (0x30 bytes), align: 2
  Segment part 42.            Intra module refs:   DaemonCSM::IsOnTopMyCSM()
           ENTRY                   ADDRESS         REF BY
           =====                   =======         ======
           DaemonCSM::GetTopCSM()
                                   00002430        SendList::Send(SendList *) (SendList)
               stack 1 = 00000000 ( 00000004 )
    -------------------------------------------------------------------------
CODE
  Segment part 43. NOT NEEDED.
    -------------------------------------------------------------------------
CODE
  Relative segment, address: CODE_AREA 00002460 - 00002493 (0x34 bytes), align: 2
  Segment part 44.            Intra module refs:   DaemonCSM::OnMessage(CSM_RAM *, GBS_MSG *)
           ENTRY                   ADDRESS         REF BY
           =====                   =======         ======
           DaemonCSM::StartDialog(int, void *)
                                   00002460 
               stack 1 = 00000000 ( 0000000C )
    -------------------------------------------------------------------------
CODE
  Segment part 45. NOT NEEDED.Intra module refs:   DaemonCSM::OnMessage(CSM_RAM *, GBS_MSG *)
                                                   DaemonCSM::delete ~DaemonCSM(DaemonCSM *)
    -------------------------------------------------------------------------
CODE
  Segment part 46. NOT NEEDED.Intra module refs:   DaemonCSM::new DaemonCSM()
    -------------------------------------------------------------------------
CODE
  Segment part 47. NOT NEEDED.Intra module refs:   DaemonCSM::DaemonCSM()
    -------------------------------------------------------------------------
CODE
  Segment part 48. NOT NEEDED.Intra module refs:   DaemonCSM::DaemonCSM()
    -------------------------------------------------------------------------
CODE
  Segment part 49. NOT NEEDED.Intra module refs:   DaemonCSM::DaemonCSM()
    -------------------------------------------------------------------------
CODE
  Segment part 50. NOT NEEDED.Intra module refs:   DaemonCSM::~DaemonCSM()
    -------------------------------------------------------------------------
CODE
  Segment part 51. NOT NEEDED.Intra module refs:   DaemonCSM::~DaemonCSM()
    -------------------------------------------------------------------------
CODE
  Segment part 52. NOT NEEDED.Intra module refs:   DaemonCSM::~DaemonCSM()
    -------------------------------------------------------------------------
CODE
  Segment part 53. NOT NEEDED.Intra module refs:   DaemonCSM::OnCreate(CSM_RAM *)
    -------------------------------------------------------------------------
CODE
  Segment part 54. NOT NEEDED.Intra module refs:   DaemonCSM::OnCreate(CSM_RAM *)
    -------------------------------------------------------------------------
CODE
  Segment part 55. NOT NEEDED.Intra module refs:   DaemonCSM::OnCreate(CSM_RAM *)
    -------------------------------------------------------------------------
CODE
  Segment part 56. NOT NEEDED.Intra module refs:   DaemonCSM::OnCreate(CSM_RAM *)
    -------------------------------------------------------------------------
CODE
  Segment part 57. NOT NEEDED.Intra module refs:   DaemonCSM::OnCreate(CSM_RAM *)
    -------------------------------------------------------------------------
CODE
  Segment part 58. NOT NEEDED.Intra module refs:   DaemonCSM::OnMessage(CSM_RAM *, GBS_MSG *)
    -------------------------------------------------------------------------
CODE
  Segment part 59. NOT NEEDED.Intra module refs:   DaemonCSM::OnMessage(CSM_RAM *, GBS_MSG *)
    -------------------------------------------------------------------------
CODE
  Segment part 60. NOT NEEDED.Intra module refs:   DaemonCSM::OnMessage(CSM_RAM *, GBS_MSG *)
    -------------------------------------------------------------------------
CODE
  Segment part 61. NOT NEEDED.Intra module refs:   DaemonCSM::OnMessage(CSM_RAM *, GBS_MSG *)
    -------------------------------------------------------------------------
CODE
  Segment part 62. NOT NEEDED.Intra module refs:   DaemonCSM::OnMessage(CSM_RAM *, GBS_MSG *)
    -------------------------------------------------------------------------
CODE
  Segment part 63. NOT NEEDED.Intra module refs:   DaemonCSM::OnMessage(CSM_RAM *, GBS_MSG *)
    -------------------------------------------------------------------------
CODE
  Segment part 64. NOT NEEDED.Intra module refs:   DaemonCSM::OnMessage(CSM_RAM *, GBS_MSG *)
                                                   DaemonCSM::StartDialog(int, void *)
    -------------------------------------------------------------------------
CODE
  Segment part 65. NOT NEEDED.Intra module refs:   DaemonCSM::OnMessage(CSM_RAM *, GBS_MSG *)
    -------------------------------------------------------------------------
CODE
  Segment part 66. NOT NEEDED.Intra module refs:   DaemonCSM::OnMessage(CSM_RAM *, GBS_MSG *)
    -------------------------------------------------------------------------
CODE
  Segment part 67. NOT NEEDED.Intra module refs:   DaemonCSM::OnMessage(CSM_RAM *, GBS_MSG *)
    -------------------------------------------------------------------------
CODE
  Segment part 68. NOT NEEDED.Intra module refs:   DaemonCSM::OnMessage(CSM_RAM *, GBS_MSG *)
    -------------------------------------------------------------------------
CODE
  Segment part 69. NOT NEEDED.Intra module refs:   DaemonCSM::OnMessage(CSM_RAM *, GBS_MSG *)
    -------------------------------------------------------------------------
CODE
  Segment part 70. NOT NEEDED.Intra module refs:   DaemonCSM::OnMessage(CSM_RAM *, GBS_MSG *)
    -------------------------------------------------------------------------
CODE
  Segment part 71. NOT NEEDED.Intra module refs:   DaemonCSM::OnMessage(CSM_RAM *, GBS_MSG *)
    -------------------------------------------------------------------------
CODE
  Segment part 72. NOT NEEDED.Intra module refs:   DaemonCSM::OnMessage(CSM_RAM *, GBS_MSG *)
    -------------------------------------------------------------------------
CODE
  Segment part 73. NOT NEEDED.Intra module refs:   DaemonCSM::OnMessage(CSM_RAM *, GBS_MSG *)
    -------------------------------------------------------------------------
CODE
  Segment part 74. NOT NEEDED.Intra module refs:   DaemonCSM::OnClose(CSM_RAM *)
    -------------------------------------------------------------------------
CODE
  Segment part 75. NOT NEEDED.Intra module refs:   DaemonCSM::OnClose(CSM_RAM *)
    -------------------------------------------------------------------------
CODE
  Segment part 76. NOT NEEDED.Intra module refs:   DaemonCSM::OnClose(CSM_RAM *)
    -------------------------------------------------------------------------
CODE
  Segment part 77. NOT NEEDED.Intra module refs:   DaemonCSM::OnClose(CSM_RAM *)
    -------------------------------------------------------------------------
CODE
  Segment part 78. NOT NEEDED.Intra module refs:   DaemonCSM::OnClose(CSM_RAM *)
    -------------------------------------------------------------------------
CODE
  Segment part 79. NOT NEEDED.Intra module refs:   DaemonCSM::DoNewProc()
                                                   DaemonCSM::UpdateNProc()
    -------------------------------------------------------------------------
CODE
  Segment part 80. NOT NEEDED.Intra module refs:   DaemonCSM::StartDialog(int, void *)
    -------------------------------------------------------------------------
CODE
  Segment part 81. NOT NEEDED.Intra module refs:   DaemonCSM::StartDialog(int, void *)
    -------------------------------------------------------------------------
CSTACK
  Segment part 1. NOT NEEDED.
    -------------------------------------------------------------------------
DATA_C
  Relative segment, address: CODE_AREA 0000BCB8 - 0000BCBF (0x8 bytes), align: 2
  Segment part 2.             Intra module refs:   DaemonCSM::DaemonCSM()
    -------------------------------------------------------------------------
DATA_C
  Segment part 3. NOT NEEDED.
    -------------------------------------------------------------------------
DATA_C
  Relative segment, address: CODE_AREA 0000BCC0 - 0000BCC7 (0x8 bytes), align: 2
  Segment part 4.             Intra module refs:   DaemonCSM::CreateDaemonCSM()

    *************************************************************************

  FILE NAME : I:\Amuse\SVN\Siemens\MySMSYS\Mss3\Release_S68\Obj\DialogCSM.r79
  PROGRAM MODULE, NAME : DialogCSM

  SEGMENTS IN THE MODULE
  ======================
CODE
  Segment part 3. NOT NEEDED.
    -------------------------------------------------------------------------
CODE
  Segment part 4. NOT NEEDED.
           ENTRY                   ADDRESS         REF BY
           =====                   =======         ======
           DialogCSM::delete ~DialogCSM(DialogCSM *)
                                   
               not allocated function
    -------------------------------------------------------------------------
CODE
  Segment part 5. NOT NEEDED.
    -------------------------------------------------------------------------
CODE
  Relative segment, address: CODE_AREA 00002494 - 000024AF (0x1c bytes), align: 2
  Segment part 6.
           ENTRY                   ADDRESS         REF BY
           =====                   =======         ======
           DialogCSM::new DialogCSM()
                                   00002494        DaemonCSM::StartDialog(int, void *) (DaemonCSM)
               stack 1 = 00000000 ( 00000004 )
    -------------------------------------------------------------------------
CODE
  Segment part 7. NOT NEEDED.
    -------------------------------------------------------------------------
CODE
  Relative segment, address: CODE_AREA 000024B0 - 00002533 (0x84 bytes), align: 2
  Segment part 8.             Intra module refs:   DialogCSM::new DialogCSM()
           ENTRY                   ADDRESS         REF BY
           =====                   =======         ======
           DialogCSM::DialogCSM()
                                   000024B0 
    -------------------------------------------------------------------------
CODE
  Segment part 9. NOT NEEDED.
    -------------------------------------------------------------------------
CODE
  Segment part 10. NOT NEEDED.
           ENTRY                   ADDRESS         REF BY
           =====                   =======         ======
           DialogCSM::~DialogCSM()
                                   
               not allocated function
    -------------------------------------------------------------------------
CODE
  Segment part 11. NOT NEEDED.
    -------------------------------------------------------------------------
CODE
  Relative segment, address: CODE_AREA 00002534 - 00002563 (0x30 bytes), align: 2
  Segment part 12.            Intra module refs:   DialogCSM::DialogCSM()
           ENTRY                   ADDRESS         REF BY
           =====                   =======         ======
           DialogCSM::OnMessage(CSM_RAM *, GBS_MSG *)
                                   00002534 
    -------------------------------------------------------------------------
CODE
  Segment part 13. NOT NEEDED.
    -------------------------------------------------------------------------
CODE
  Relative segment, address: CODE_AREA 00002564 - 00002A23 (0x4c0 bytes), align: 2
  Segment part 14.            Intra module refs:   DialogCSM::DialogCSM()
           ENTRY                   ADDRESS         REF BY
           =====                   =======         ======
           DialogCSM::OnCreate(CSM_RAM *)
                                   00002564 
               stack 1 = 00000000 ( 00000024 )
    -------------------------------------------------------------------------
CODE
  Segment part 15. NOT NEEDED.
    -------------------------------------------------------------------------
CODE
  Relative segment, address: CODE_AREA 00002A24 - 00002A3B (0x18 bytes), align: 2
  Segment part 16.            Intra module refs:   DialogCSM::DialogCSM()
           ENTRY                   ADDRESS         REF BY
           =====                   =======         ======
           DialogCSM::OnClose(CSM_RAM *)
                                   00002A24 
               stack 1 = 00000000 ( 00000004 )
    -------------------------------------------------------------------------
CODE
  Segment part 17. NOT NEEDED.
    -------------------------------------------------------------------------
CODE
  Relative segment, address: CODE_AREA 00002A3C - 00002AB3 (0x78 bytes), align: 2
  Segment part 18.
           ENTRY                   ADDRESS         REF BY
           =====                   =======         ======
           DialogCSM::CreateDialogCSM(int, void *)
                                   00002A3C        DaemonCSM::StartDialog(int, void *) (DaemonCSM)
               stack 1 = 00000000 ( 00000040 )
    -------------------------------------------------------------------------
CODE
  Relative segment, address: CODE_AREA 00002AB4 - 00002AB7 (0x4 bytes), align: 2
  Segment part 19.            Intra module refs:   DialogCSM::CreateDialogCSM(int, void *)
                                                   DialogCSM::OnCreate(CSM_RAM *)
    -------------------------------------------------------------------------
CODE
  Segment part 20. NOT NEEDED.
    -------------------------------------------------------------------------
CODE
  Segment part 21. NOT NEEDED.
           ENTRY                   ADDRESS         REF BY
           =====                   =======         ======
           DialogCSM::UpdateNameDlgCSM(DLG_CSM *, int)
                                   
               not allocated function
    -------------------------------------------------------------------------
CODE
  Relative segment, address: CODE_AREA 00002AB8 - 00002ABB (0x4 bytes), align: 2
  Segment part 22.            Intra module refs:   DialogCSM::OnCreate(CSM_RAM *)
    -------------------------------------------------------------------------
CODE
  Segment part 23. NOT NEEDED.Intra module refs:   DialogCSM::OnClose(CSM_RAM *)
                                                   DialogCSM::OnCreate(CSM_RAM *)
    -------------------------------------------------------------------------
CODE
  Segment part 24. NOT NEEDED.Intra module refs:   DialogCSM::new DialogCSM()
    -------------------------------------------------------------------------
CODE
  Segment part 25. NOT NEEDED.Intra module refs:   DialogCSM::OnCreate(CSM_RAM *)
    -------------------------------------------------------------------------
CODE
  Segment part 26. NOT NEEDED.Intra module refs:   DialogCSM::OnCreate(CSM_RAM *)
    -------------------------------------------------------------------------
CODE
  Segment part 27. NOT NEEDED.Intra module refs:   DialogCSM::OnCreate(CSM_RAM *)
    -------------------------------------------------------------------------
CODE
  Segment part 28. NOT NEEDED.Intra module refs:   DialogCSM::OnCreate(CSM_RAM *)
    -------------------------------------------------------------------------
CODE
  Segment part 29. NOT NEEDED.Intra module refs:   DialogCSM::OnCreate(CSM_RAM *)
    -------------------------------------------------------------------------
CODE
  Segment part 30. NOT NEEDED.Intra module refs:   DialogCSM::OnCreate(CSM_RAM *)
    -------------------------------------------------------------------------
CODE
  Segment part 31. NOT NEEDED.Intra module refs:   DialogCSM::OnCreate(CSM_RAM *)
    -------------------------------------------------------------------------
CODE
  Segment part 32. NOT NEEDED.Intra module refs:   DialogCSM::OnCreate(CSM_RAM *)
    -------------------------------------------------------------------------
CODE
  Segment part 33. NOT NEEDED.Intra module refs:   DialogCSM::OnCreate(CSM_RAM *)
    -------------------------------------------------------------------------
CODE
  Segment part 34. NOT NEEDED.Intra module refs:   DialogCSM::OnCreate(CSM_RAM *)
    -------------------------------------------------------------------------
CODE
  Segment part 35. NOT NEEDED.Intra module refs:   DialogCSM::OnCreate(CSM_RAM *)
    -------------------------------------------------------------------------
CODE
  Segment part 36. NOT NEEDED.Intra module refs:   DialogCSM::OnCreate(CSM_RAM *)
    -------------------------------------------------------------------------
CODE
  Segment part 37. NOT NEEDED.Intra module refs:   DialogCSM::OnCreate(CSM_RAM *)
    -------------------------------------------------------------------------
CODE
  Segment part 38. NOT NEEDED.Intra module refs:   DialogCSM::OnCreate(CSM_RAM *)
    -------------------------------------------------------------------------
CODE
  Segment part 39. NOT NEEDED.Intra module refs:   DialogCSM::OnCreate(CSM_RAM *)
    -------------------------------------------------------------------------
CSTACK
  Segment part 1. NOT NEEDED.
    -------------------------------------------------------------------------
DATA_C
  Relative segment, address: CODE_AREA 0000BCC8 - 0000BCCF (0x8 bytes), align: 2
  Segment part 2.             Intra module refs:   DialogCSM::OnCreate(CSM_RAM *)

    *************************************************************************

  FILE NAME : I:\Amuse\SVN\Siemens\MySMSYS\Mss3\Release_S68\Obj\EditGUI.r79
  PROGRAM MODULE, NAME : EditGUI

  SEGMENTS IN THE MODULE
  ======================
DATA_C
  Segment part 2. NOT NEEDED.
    -------------------------------------------------------------------------
DATA_C
  Relative segment, address: CODE_AREA 0000BCD0 - 0000BCDB (0xc bytes), align: 2
  Segment part 3.             Intra module refs:   EditGUI::OnKey(void *, GUI_MSG *)
    -------------------------------------------------------------------------
DATA_C
  Relative segment, address: CODE_AREA 0000BCDC - 0000BCE7 (0xc bytes), align: 2
  Segment part 4.             Intra module refs:   EditGUI::GHook(void *, int)
    -------------------------------------------------------------------------
DATA_C
  Relative segment, address: CODE_AREA 0000BCE8 - 0000BCFF (0x18 bytes), align: 2
  Segment part 5.             Intra module refs:   Segment part 6
    -------------------------------------------------------------------------
DATA_C
  Relative segment, address: CODE_AREA 0000BD00 - 0000BD07 (0x8 bytes), align: 2
  Segment part 6.             Intra module refs:   EditGUI::EditGUI()
    -------------------------------------------------------------------------
DATA_I
  Relative segment, address: DATA_AREA 00000000 - 00000013 (0x14 bytes), align: 2
  Segment part 7.             Intra module refs:   Segment part 62
           ENTRY                   ADDRESS         REF BY
           =====                   =======         ======
           editgui_hdr             00000000 
    -------------------------------------------------------------------------
CODE
  Segment part 15. NOT NEEDED.
    -------------------------------------------------------------------------
CODE
  Relative segment, address: CODE_AREA 00002ABC - 00002AD7 (0x1c bytes), align: 2
  Segment part 16.            Intra module refs:   EditGUI::OnKey(void *, GUI_MSG *)
           ENTRY                   ADDRESS         REF BY
           =====                   =======         ======
           EditOptionMenu::new EditOptionMenu()
                                   00002ABC 
               stack 1 = 00000000 ( 00000004 )
    -------------------------------------------------------------------------
CODE
  Segment part 17. NOT NEEDED.
    -------------------------------------------------------------------------
CODE
  Relative segment, address: CODE_AREA 00002AD8 - 00002AF3 (0x1c bytes), align: 2
[...]
    | Stack used (prev) :  00005338
  01  SmsData::FilterFindNext(_SDLIST *)
      | Stack used (prev) :  00005338
      | + function block  :  000000A4
  <-Sub-tree of type: Function tree
    | Stack used          :  000053DC


  ->Sub-tree of type: Function tree
                             CSTACK
    | Stack used (prev) :  000053DC
  01  SmsData::FilterFindNext(_SDLIST *, char const *)
      | Stack used (prev) :  000053DC
      | + function block  :  0000000C
  <-Sub-tree of type: Function tree
    | Stack used          :  000053E8


  ->Sub-tree of type: Function tree
                             CSTACK
    | Stack used (prev) :  000053E8
  01  SmsData::FilterFindPrev(_SDLIST *)
      | Stack used (prev) :  000053E8
      | + function block  :  000000A4
  <-Sub-tree of type: Function tree
    | Stack used          :  0000548C


  ->Sub-tree of type: Function tree
                             CSTACK
    | Stack used (prev) :  0000548C
  01  SmsData::FilterFindPrev(_SDLIST *, char const *)
      | Stack used (prev) :  0000548C
      | + function block  :  0000000C
  <-Sub-tree of type: Function tree
    | Stack used          :  00005498


  ->Sub-tree of type: Function tree
                             CSTACK
    | Stack used (prev) :  00005498
  01  SmsData::MoveToArchive(_SDLIST *)
      | Stack used (prev) :  00005498
      | + function block  :  00000120
  <-Sub-tree of type: Function tree
    | Stack used          :  000055B8


  ->Sub-tree of type: Function tree
                             CSTACK
    | Stack used (prev) :  000055B8
  01  SmsData::GetFilePathSDL(_SDLIST *, char *, char *, int)
      | Stack used (prev) :  000055B8
      | + function block  :  000001A4
  <-Sub-tree of type: Function tree
    | Stack used          :  0000575C


  ->Sub-tree of type: Function tree
                             CSTACK
    | Stack used (prev) :  0000575C
  01  SmsData::MoveAllToArchive()
      | Stack used (prev) :  0000575C
      | + function block  :  00000010
  <-Sub-tree of type: Function tree
    | Stack used          :  0000576C


  ->Sub-tree of type: Function tree
                             CSTACK
    | Stack used (prev) :  0000576C
  01  SmsData::FindLastNew()
      | Stack used (prev) :  0000576C
      | + function block  :  00000000
  <-Sub-tree of type: Function tree
    | Stack used          :  0000576C


  ->Sub-tree of type: Function tree
                             CSTACK
    | Stack used (prev) :  0000576C
  01  SmsData::ExportAllToText()
      | Stack used (prev) :  0000576C
      | + function block  :  0000028C
  <-Sub-tree of type: Function tree
    | Stack used          :  000059F8


  ->Sub-tree of type: Function tree
                             CSTACK
    | Stack used (prev) :  000059F8
  01  SmsData::DeleteAllMss()
      | Stack used (prev) :  000059F8
      | + function block  :  00000014
  <-Sub-tree of type: Function tree
    | Stack used          :  00005A0C


  ->Sub-tree of type: Function tree
                             CSTACK
    | Stack used (prev) :  00005A0C
  01  SmsOptionMenu::new SmsOptionMenu()
      | Stack used (prev) :  00005A0C
      | + function block  :  00000004
  <-Sub-tree of type: Function tree
    | Stack used          :  00005A10


  ->Sub-tree of type: Function tree
                             CSTACK
    | Stack used (prev) :  00005A10
  01  SmsListMenu::new SmsListMenu()
      | Stack used (prev) :  00005A10
      | + function block  :  00000004
  <-Sub-tree of type: Function tree
    | Stack used          :  00005A14


  ->Sub-tree of type: Function tree
                             CSTACK
    | Stack used (prev) :  00005A14
  01  SmsListMenu::SmsListMenu()
      | Stack used (prev) :  00005A14
      | + function block  :  00000000
  <-Sub-tree of type: Function tree
    | Stack used          :  00005A14


  ->Sub-tree of type: Function tree
                             CSTACK
    | Stack used (prev) :  00005A14
  01  SmsListMenu::CreateSmsListMenu(int, int, DLG_CSM *)
      | Stack used (prev) :  00005A14
      | + function block  :  0000000C
  <-Sub-tree of type: Function tree
    | Stack used          :  00005A20


  ->Sub-tree of type: Function tree
                             CSTACK
    | Stack used (prev) :  00005A20
  01  SmsListMenu::GetSmsListMenuGUI(int, int, DLG_CSM *, int)
      | Stack used (prev) :  00005A20
      | + function block  :  0000001C
  <-Sub-tree of type: Function tree
    | Stack used          :  00005A3C


  ->Sub-tree of type: Function tree
                             CSTACK
    | Stack used (prev) :  00005A3C
  01  SmsOptionMenu::SmsOptionMenu()
      | Stack used (prev) :  00005A3C
      | + function block  :  00000000
  <-Sub-tree of type: Function tree
    | Stack used          :  00005A3C


  ->Sub-tree of type: Function tree
                             CSTACK
    | Stack used (prev) :  00005A3C
  01  SmsOptionMenu::CreateSmsOptionMenu(DLG_CSM *, int, int, _SDLIST *)
      | Stack used (prev) :  00005A3C
      | + function block  :  00000008
  <-Sub-tree of type: Function tree
    | Stack used          :  00005A44


  ->Sub-tree of type: Function tree
                             CSTACK
    | Stack used (prev) :  00005A44
  01  SmsListMenu::ReCreateMe(void *)
      | Stack used (prev) :  00005A44
      | + function block  :  0000001C
  <-Sub-tree of type: Function tree
    | Stack used          :  00005A60


  ->Sub-tree of type: Function tree
                             CSTACK
    | Stack used (prev) :  00005A60
  01  TViewGUI::new TViewGUI()
      | Stack used (prev) :  00005A60
      | + function block  :  00000004
  <-Sub-tree of type: Function tree
    | Stack used          :  00005A64


  ->Sub-tree of type: Function tree
                             CSTACK
    | Stack used (prev) :  00005A64
  01  TViewGUI::CreateTViewGUI(WSHDR *, WSHDR *)
      | Stack used (prev) :  00005A64
      | + function block  :  00000020
  <-Sub-tree of type: Function tree
    | Stack used          :  00005A84


  ->Sub-tree of type: Function tree
                             CSTACK
    | Stack used (prev) :  00005A84
  01  TabGUI::TabGUI()
      | Stack used (prev) :  00005A84
      | + function block  :  00000008
  <-Sub-tree of type: Function tree
    | Stack used          :  00005A8C


  ->Sub-tree of type: Function tree
                             CSTACK
    | Stack used (prev) :  00005A8C
  01  TabGUI::~TabGUI()
      | Stack used (prev) :  00005A8C
      | + function block  :  00000000
  <-Sub-tree of type: Function tree
    | Stack used          :  00005A8C


  ->Sub-tree of type: Function tree
                             CSTACK
    | Stack used (prev) :  00005A8C
  01  TabGUI::CreateTabGUI(DLG_CSM *)
      | Stack used (prev) :  00005A8C
      | + function block  :  0000001C
  <-Sub-tree of type: Function tree
    | Stack used          :  00005AA8


  ->Sub-tree of type: Function tree
                             CSTACK
    | Stack used (prev) :  00005AA8
  01  TabGUI::ReCreateTabGUI(DLG_CSM *)
      | Stack used (prev) :  00005AA8
      | + function block  :  00000028
  <-Sub-tree of type: Function tree
    | Stack used          :  00005AD0


  ->Sub-tree of type: Function tree
                             CSTACK
    | Stack used (prev) :  00005AD0
  01  TplMenu::delete ~TplMenu(TplMenu *)
      | Stack used (prev) :  00005AD0
      | + function block  :  00000008
  <-Sub-tree of type: Function tree
    | Stack used          :  00005AD8


  ->Sub-tree of type: Function tree
                             CSTACK
    | Stack used (prev) :  00005AD8
  01  TplMenu::new TplMenu()
      | Stack used (prev) :  00005AD8
      | + function block  :  00000004
  <-Sub-tree of type: Function tree
    | Stack used          :  00005ADC


  ->Sub-tree of type: Function tree
                             CSTACK
    | Stack used (prev) :  00005ADC
  01  TplMenu::TplMenu()
      | Stack used (prev) :  00005ADC
      | + function block  :  00000000
  <-Sub-tree of type: Function tree
    | Stack used          :  00005ADC


  ->Sub-tree of type: Function tree
                             CSTACK
    | Stack used (prev) :  00005ADC
  01  TplMenu::AllocTPList()
      | Stack used (prev) :  00005ADC
      | + function block  :  00000008
  <-Sub-tree of type: Function tree
    | Stack used          :  00005AE4


  ->Sub-tree of type: Function tree
                             CSTACK
    | Stack used (prev) :  00005AE4
  01  TplMenu::AddToTPList(_TPLIST *)
      | Stack used (prev) :  00005AE4
      | + function block  :  0000000C
  <-Sub-tree of type: Function tree
    | Stack used          :  00005AF0


  ->Sub-tree of type: Function tree
                             CSTACK
    | Stack used (prev) :  00005AF0
  01  TplMenu::FreeTPList()
      | Stack used (prev) :  00005AF0
      | + function block  :  0000000C
  <-Sub-tree of type: Function tree
    | Stack used          :  00005AFC


  ->Sub-tree of type: Function tree
                             CSTACK
    | Stack used (prev) :  00005AFC
  01  TplMenu::ReadTpl()
      | Stack used (prev) :  00005AFC
      | + function block  :  000024F8
  <-Sub-tree of type: Function tree
    | Stack used          :  00007FF4


  ->Sub-tree of type: Function tree
                             CSTACK
    | Stack used (prev) :  00007FF4
  01  TplMenu::GetTpl(int)
      | Stack used (prev) :  00007FF4
      | + function block  :  00000000
  <-Sub-tree of type: Function tree
    | Stack used          :  00007FF4


  ->Sub-tree of type: Function tree
                             CSTACK
    | Stack used (prev) :  00007FF4
  01  TplMenu::CreateTplMenu(void *)
      | Stack used (prev) :  00007FF4
      | + function block  :  0000000C
  <-Sub-tree of type: Function tree
    | Stack used          :  00008000


  ->Sub-tree of type: Function tree
                             CSTACK
    | Stack used (prev) :  00008000
  01  Vibra::new Vibra()
      | Stack used (prev) :  00008000
      | + function block  :  00000004
  <-Sub-tree of type: Function tree
    | Stack used          :  00008004


  ->Sub-tree of type: Function tree
                             CSTACK
    | Stack used (prev) :  00008004
  01  Vibra::delete ~Vibra(Vibra *)
      | Stack used (prev) :  00008004
      | + function block  :  00000008
  <-Sub-tree of type: Function tree
    | Stack used          :  0000800C


  ->Sub-tree of type: Function tree
                             CSTACK
    | Stack used (prev) :  0000800C
  01  Vibra::Vibra()
      | Stack used (prev) :  0000800C
      | + function block  :  00000008
  <-Sub-tree of type: Function tree
    | Stack used          :  00008014


  ->Sub-tree of type: Function tree
                             CSTACK
    | Stack used (prev) :  00008014
  01  Vibra::InitThythm()
      | Stack used (prev) :  00008014
      | + function block  :  00000014
  <-Sub-tree of type: Function tree
    | Stack used          :  00008028


  ->Sub-tree of type: Function tree
                             CSTACK
    | Stack used (prev) :  00008028
  01  Vibra::ReInitThythm()
      | Stack used (prev) :  00008028
      | + function block  :  00000008
  <-Sub-tree of type: Function tree
    | Stack used          :  00008030


  ->Sub-tree of type: Function tree
                             CSTACK
    | Stack used (prev) :  00008030
  01  Vibra::VibraStart()
      | Stack used (prev) :  00008030
      | + function block  :  00000008
  <-Sub-tree of type: Function tree
    | Stack used          :  00008038


  ->Sub-tree of type: Function tree
                             CSTACK
    | Stack used (prev) :  00008038
  01  Vibra::VibraNext()
      | Stack used (prev) :  00008038
      | + function block  :  00000008
  <-Sub-tree of type: Function tree
    | Stack used          :  00008040


  ->Sub-tree of type: Function tree
                             CSTACK
    | Stack used (prev) :  00008040
  01  Vibra::VibraStop()
      | Stack used (prev) :  00008040
      | + function block  :  00000004
  <-Sub-tree of type: Function tree
    | Stack used          :  00008044


  ->Sub-tree of type: Function tree
                             CSTACK
    | Stack used (prev) :  00008044
  01  operator new(unsigned int)
      | Stack used (prev) :  00008044
      | + function block  :  00000004
  <-Sub-tree of type: Function tree
    | Stack used          :  00008048


  ->Sub-tree of type: Function tree
                             CSTACK
    | Stack used (prev) :  00008048
  01  operator new[](unsigned int)
      | Stack used (prev) :  00008048
      | + function block  :  00000004
  <-Sub-tree of type: Function tree
    | Stack used          :  0000804C


  ->Sub-tree of type: Function tree
                             CSTACK
    | Stack used (prev) :  0000804C
  01  operator delete(void *)
      | Stack used (prev) :  0000804C
      | + function block  :  00000004
  <-Sub-tree of type: Function tree
    | Stack used          :  00008050


  ->Sub-tree of type: Function tree
                             CSTACK
    | Stack used (prev) :  00008050
  01  LoadConfigData
      | Stack used (prev) :  00008050
      | + function block  :  00000024
  <-Sub-tree of type: Function tree
    | Stack used          :  00008074


  ->Sub-tree of type: Function tree
                             CSTACK
    | Stack used (prev) :  00008074
  01  InitConfig
      | Stack used (prev) :  00008074
      | + function block  :  00000008
  <-Sub-tree of type: Function tree
    | Stack used          :  0000807C


  ->Sub-tree of type: Function tree
                             CSTACK
    | Stack used (prev) :  0000807C
  01  main
      | Stack used (prev) :  0000807C
      | + function block  :  00000004
  <-Sub-tree of type: Function tree
    | Stack used          :  00008080


  ->Sub-tree of type: Function tree
                             CSTACK
    | Stack used (prev) :  00008080
  01  ascii_2ws(WSHDR *, char const *, int)
      | Stack used (prev) :  00008080
      | + function block  :  00000018
  <-Sub-tree of type: Function tree
    | Stack used          :  00008098


  ->Sub-tree of type: Function tree
                             CSTACK
    | Stack used (prev) :  00008098
  01  wstrcmp_nocase(WSHDR *, WSHDR *)
      | Stack used (prev) :  00008098
      | + function block  :  00000008
  <-Sub-tree of type: Function tree
    | Stack used          :  000080A0


  ->Sub-tree of type: Function tree
                             CSTACK
    | Stack used (prev) :  000080A0
  01  wstrncmp_nocase(WSHDR *, WSHDR *, int)
      | Stack used (prev) :  000080A0
      | + function block  :  0000000C
  <-Sub-tree of type: Function tree
    | Stack used          :  000080AC


  ->Sub-tree of type: Function tree
                             CSTACK
    | Stack used (prev) :  000080AC
  01  num_2ws(WSHDR *, char const *, int)
      | Stack used (prev) :  000080AC
      | + function block  :  0000001C
  <-Sub-tree of type: Function tree
    | Stack used          :  000080C8


  ->Sub-tree of type: Function tree
                             CSTACK
    | Stack used (prev) :  000080C8
  01  ws_2num(WSHDR *, char *, int)
      | Stack used (prev) :  000080C8
      | + function block  :  00000004
  <-Sub-tree of type: Function tree
    | Stack used          :  000080CC


  ->Sub-tree of type: Function tree
                             CSTACK
    | Stack used (prev) :  000080CC
  01  str2int(char const *)
      | Stack used (prev) :  000080CC
      | + function block  :  00000000
  <-Sub-tree of type: Function tree
    | Stack used          :  000080CC


  ->Sub-tree of type: Function tree
                             CSTACK
    | Stack used (prev) :  000080CC
  01  IsWsSmall(WSHDR *)
      | Stack used (prev) :  000080CC
      | + function block  :  00000000
  <-Sub-tree of type: Function tree
    | Stack used          :  000080CC


  ->Sub-tree of type: Function tree
                             CSTACK
    | Stack used (prev) :  000080CC
  01  IsNum(WSHDR *)
      | Stack used (prev) :  000080CC
      | + function block  :  00000000
  <-Sub-tree of type: Function tree
    | Stack used          :  000080CC


  ->Sub-tree of type: Function tree
                             CSTACK
    | Stack used (prev) :  000080CC
  01  w_charcmp_nocase(unsigned short *, unsigned short *, int)
      | Stack used (prev) :  000080CC
      | + function block  :  00000004
  <-Sub-tree of type: Function tree
    | Stack used          :  000080D0


  ->Sub-tree of type: Function tree
                             CSTACK
    | Stack used (prev) :  000080D0
  01  wstrstr(WSHDR *, WSHDR *)
      | Stack used (prev) :  000080D0
      | + function block  :  0000001C
  <-Sub-tree of type: Function tree
    | Stack used          :  000080EC


  ->Sub-tree of type: Function tree
                             CSTACK
    | Stack used (prev) :  000080EC
  01  NumberMatch(char const *, char const *)
      | Stack used (prev) :  000080EC
      | + function block  :  00000014
  <-Sub-tree of type: Function tree
    | Stack used          :  00008100


  ->Sub-tree of type: Function tree
                             CSTACK
    | Stack used (prev) :  00008100
  01  StrClearChr(char *, int)
      | Stack used (prev) :  00008100
      | + function block  :  00000000
  <-Sub-tree of type: Function tree
    | Stack used          :  00008100


  ->Sub-tree of type: Function tree
                             CSTACK
    | Stack used (prev) :  00008100
  01  ReplaceNewLineToSpace(WSHDR *)
      | Stack used (prev) :  00008100
      | + function block  :  00000000
  <-Sub-tree of type: Function tree
    | Stack used          :  00008100




                ****************************************
                *                                      *
                *      SEGMENTS IN ADDRESS ORDER       *
                *                                      *
                ****************************************


SEGMENT              SPACE    START ADDRESS   END ADDRESS     SIZE  TYPE  ALIGN
=======              =====    =============   ===========     ====  ====  =====
ELFBEGIN             CODE_AREA           00000000                     rel    0
DATA_ID              CODE_AREA      00000000 - 0000042F         430   rel    2
START                CODE_AREA           00000430                     dse    0
CODE                 CODE_AREA      00000430 - 0000BB8F        B760   rel    2
DATA_C               CODE_AREA      0000BB90 - 0000C80D         C7E   rel    2
INITTAB              CODE_AREA      0000C810 - 0000C827          18   rel    2
DATA_Z               CODE_AREA      0000C828 - 0001093B        4114   rel    2
MYSEG                CODE_AREA           0001093C                     dse    0
DATA_N               CODE_AREA           0001093C                     dse    0
CONFIG_C             CODE_AREA      0001093C - 00011323         9E8   rel    2
DATA_I               DATA_AREA      00000000 - 0000042F         430   rel    2

                ****************************************
                *                                      *
                *        END OF CROSS REFERENCE        *
                *                                      *
                ****************************************

 70 434 bytes of CODE memory
  1 072 bytes of DATA memory

Errors: none
Warnings: none

