################################################################################
#                                                                              #
#      IAR Universal Linker V4.60I/386                                         #
#                                                                              #
#           Link time     =  14/Feb/2012  14:27:25                             #
#           Target CPU    =  ARM                                               #
#           List file     =  D:\SVN\SieELF\SieELF\cbn_SRC\Command\SG\List\Comm #
#                            and_SG.map                                        #
#           Output file 1 =  D:\SVN\SieELF\SieELF\cbn_SRC\Command\Output\Comma #
#                            nd_SG.elf                                         #
#                            Format: elf, variant: -ynpraw                     #
#           Command line  =  D:\SVN\SieELF\SieELF\cbn_SRC\Command\SG\Obj\COMMA #
#                            ND.r79                                            #
#                            D:\SVN\SieELF\SieELF\cbn_SRC\Command\SG\Obj\SWILI #
#                            B.r79                                             #
#                            D:\SVN\SieELF\SieELF\cbn_SRC\Command\SG\Obj\Swi.r #
#                            79                                                #
#                            -o                                                #
#                            D:\SVN\SieELF\SieELF\cbn_SRC\Command\Output\Comma #
#                            nd_SG.elf                                         #
#                            -Felf -l                                          #
#                            D:\SVN\SieELF\SieELF\cbn_SRC\Command\SG\List\Comm #
#                            and_SG.map                                        #
#                            -xmsnio -f                                        #
#                            D:\SVN\SieELF\SieELF\cbn_SRC\Command\..\TED\test. #
#                            xcl                                               #
#                            (-carm -V(CODE)CODE_AREA,12                       #
#                            -V(DATA)DATA_AREA,12                              #
#                            -Z(CODE_AREA)ELFBEGIN,DATA_ID,START,CODE,DATA_C,I #
#                            NITTAB,DATA_Z,DATA_N,CONFIG_C,DIFUNCT,HEAP,ICODE= #
#                            0-FFFFFFFF                                        #
#                            -Z(DATA_AREA)DATA_I=0-FFFFFFFF) -ynpraw -s main   #
#                                                                              #
#                        Copyright 1987-2007 IAR Systems. All rights reserved. #
################################################################################





                ****************************************
                *                                      *
                *           CROSS REFERENCE            *
                *                                      *
                ****************************************

       Program entry at : CODE_AREA 00001724  Relocatable, from module : COMMAND




                ****************************************
                *                                      *
                *            RUNTIME MODEL             *
                *                                      *
                ****************************************

  StackAlign4  = USED
  __cpu_mode   = __pcs__interwork
  __data_model = absolute
  __endian     = little
  __rt_version = 6



                ****************************************
                *                                      *
                *              MODULE MAP              *
                *                                      *
                ****************************************


  DEFINED ABSOLUTE ENTRIES
    *************************************************************************

  DEFINED ABSOLUTE ENTRIES
    *************************************************************************

  FILE NAME : D:\SVN\SieELF\SieELF\cbn_SRC\Command\SG\Obj\COMMAND.r79
  PROGRAM MODULE, NAME : COMMAND

  SEGMENTS IN THE MODULE
  ======================
DATA_C
  Relative segment, address: CODE_AREA 00001CF4 - 00001CFB (0x8 bytes), align: 2
  Segment part 2.             Intra module refs:   Segment part 93
    -------------------------------------------------------------------------
DATA_C
  Relative segment, address: CODE_AREA 00001CFC - 00001CFF (0x4 bytes), align: 2
  Segment part 3.             Intra module refs:   Segment part 93
    -------------------------------------------------------------------------
DATA_C
  Relative segment, address: CODE_AREA 00001D00 - 00001D03 (0x4 bytes), align: 2
  Segment part 4.             Intra module refs:   Segment part 93
    -------------------------------------------------------------------------
DATA_C
  Relative segment, address: CODE_AREA 00001D04 - 00001D0B (0x8 bytes), align: 2
  Segment part 5.             Intra module refs:   Segment part 93
    -------------------------------------------------------------------------
DATA_C
  Relative segment, address: CODE_AREA 00001D0C - 00001D13 (0x8 bytes), align: 2
  Segment part 6.             Intra module refs:   Segment part 93
    -------------------------------------------------------------------------
DATA_C
  Relative segment, address: CODE_AREA 00001F30 - 00001F32 (0x3 bytes), align: 0
  Segment part 7.             Intra module refs:   Segment part 93
    -------------------------------------------------------------------------
DATA_C
  Relative segment, address: CODE_AREA 00001D14 - 00001D1B (0x8 bytes), align: 2
  Segment part 8.             Intra module refs:   Segment part 93
    -------------------------------------------------------------------------
DATA_C
  Relative segment, address: CODE_AREA 00001F33 - 00001F35 (0x3 bytes), align: 0
  Segment part 9.             Intra module refs:   Segment part 93
    -------------------------------------------------------------------------
DATA_C
  Relative segment, address: CODE_AREA 00001D1C - 00001D23 (0x8 bytes), align: 2
  Segment part 10.            Intra module refs:   Segment part 93
    -------------------------------------------------------------------------
DATA_C
  Relative segment, address: CODE_AREA 00001D24 - 00001D2B (0x8 bytes), align: 2
  Segment part 11.            Intra module refs:   Segment part 93
    -------------------------------------------------------------------------
DATA_C
  Relative segment, address: CODE_AREA 00001D2C - 00001D2F (0x4 bytes), align: 2
  Segment part 12.            Intra module refs:   Segment part 93
    -------------------------------------------------------------------------
DATA_C
  Relative segment, address: CODE_AREA 00001D30 - 00001D33 (0x4 bytes), align: 2
  Segment part 13.            Intra module refs:   Segment part 93
    -------------------------------------------------------------------------
DATA_C
  Relative segment, address: CODE_AREA 00001D34 - 00001D37 (0x4 bytes), align: 2
  Segment part 14.            Intra module refs:   Segment part 93
    -------------------------------------------------------------------------
DATA_C
  Relative segment, address: CODE_AREA 00001D38 - 00001D3B (0x4 bytes), align: 2
  Segment part 15.            Intra module refs:   Segment part 93
    -------------------------------------------------------------------------
DATA_C
  Relative segment, address: CODE_AREA 00001D3C - 00001D43 (0x8 bytes), align: 2
  Segment part 16.            Intra module refs:   Segment part 93
    -------------------------------------------------------------------------
DATA_C
  Relative segment, address: CODE_AREA 00001D44 - 00001D4B (0x8 bytes), align: 2
  Segment part 17.            Intra module refs:   Segment part 93
    -------------------------------------------------------------------------
DATA_C
  Relative segment, address: CODE_AREA 00001D4C - 00001D4F (0x4 bytes), align: 2
  Segment part 18.            Intra module refs:   Segment part 93
    -------------------------------------------------------------------------
DATA_C
  Relative segment, address: CODE_AREA 00001D50 - 00001D57 (0x8 bytes), align: 2
  Segment part 19.            Intra module refs:   Segment part 93
    -------------------------------------------------------------------------
DATA_C
  Relative segment, address: CODE_AREA 00001D58 - 00001D5F (0x8 bytes), align: 2
  Segment part 20.            Intra module refs:   Segment part 93
    -------------------------------------------------------------------------
DATA_C
  Relative segment, address: CODE_AREA 00001D60 - 00001D67 (0x8 bytes), align: 2
  Segment part 21.            Intra module refs:   Segment part 93
    -------------------------------------------------------------------------
DATA_C
  Relative segment, address: CODE_AREA 00001D68 - 00001D6F (0x8 bytes), align: 2
  Segment part 22.            Intra module refs:   find
    -------------------------------------------------------------------------
DATA_C
  Segment part 23. NOT NEEDED.
    -------------------------------------------------------------------------
DATA_C
  Segment part 24. NOT NEEDED.
    -------------------------------------------------------------------------
DATA_C
  Relative segment, address: CODE_AREA 00001D70 - 00001D7B (0xc bytes), align: 2
  Segment part 25.            Intra module refs:   date
    -------------------------------------------------------------------------
DATA_C
  Relative segment, address: CODE_AREA 00001D7C - 00001D83 (0x8 bytes), align: 2
  Segment part 26.            Intra module refs:   time
    -------------------------------------------------------------------------
DATA_C
  Relative segment, address: CODE_AREA 00001D84 - 00001D8B (0x8 bytes), align: 2
  Segment part 27.            Intra module refs:   Segment part 150
    -------------------------------------------------------------------------
DATA_C
  Segment part 28. NOT NEEDED.
    -------------------------------------------------------------------------
DATA_C
  Relative segment, address: CODE_AREA 00001D8C - 00001D97 (0xc bytes), align: 2
  Segment part 29.            Intra module refs:   dir
    -------------------------------------------------------------------------
DATA_C
  Segment part 30. NOT NEEDED.
    -------------------------------------------------------------------------
DATA_C
  Relative segment, address: CODE_AREA 00001D98 - 00001DAB (0x14 bytes), align: 2
  Segment part 31.            Intra module refs:   main
    -------------------------------------------------------------------------
DATA_C
  Relative segment, address: CODE_AREA 00001DAC - 00001DB7 (0xc bytes), align: 2
  Segment part 32.            Intra module refs:   main
    -------------------------------------------------------------------------
DATA_C
  Relative segment, address: CODE_AREA 00001DB8 - 00001DD7 (0x20 bytes), align: 2
  Segment part 33.            Intra module refs:   main
    -------------------------------------------------------------------------
DATA_C
  Relative segment, address: CODE_AREA 00001DD8 - 00001DE7 (0x10 bytes), align: 2
  Segment part 34.            Intra module refs:   main
    -------------------------------------------------------------------------
DATA_C
  Relative segment, address: CODE_AREA 00001DE8 - 00001DFB (0x14 bytes), align: 2
  Segment part 35.            Intra module refs:   Segment part 81
    -------------------------------------------------------------------------
DATA_C
  Relative segment, address: CODE_AREA 00001DFC - 00001E03 (0x8 bytes), align: 2
  Segment part 36.            Intra module refs:   Segment part 78
    -------------------------------------------------------------------------
DATA_C
  Relative segment, address: CODE_AREA 00001E04 - 00001E0B (0x8 bytes), align: 2
  Segment part 37.            Intra module refs:   Segment part 78
    -------------------------------------------------------------------------
DATA_C
  Relative segment, address: CODE_AREA 00001E0C - 00001E13 (0x8 bytes), align: 2
  Segment part 38.            Intra module refs:   Segment part 78
    -------------------------------------------------------------------------
DATA_C
  Relative segment, address: CODE_AREA 00001E14 - 00001E1B (0x8 bytes), align: 2
  Segment part 39.            Intra module refs:   Segment part 78
    -------------------------------------------------------------------------
DATA_C
  Relative segment, address: CODE_AREA 00001F36 - 00001F38 (0x3 bytes), align: 0
  Segment part 40.            Intra module refs:   Segment part 81
    -------------------------------------------------------------------------
DATA_C
  Relative segment, address: CODE_AREA 00001E1C - 00001E23 (0x8 bytes), align: 2
  Segment part 41.            Intra module refs:   Segment part 81
    -------------------------------------------------------------------------
DATA_C
  Relative segment, address: CODE_AREA 00001E24 - 00001E3F (0x1c bytes), align: 2
  Segment part 42.            Intra module refs:   Segment part 81
    -------------------------------------------------------------------------
DATA_C
  Relative segment, address: CODE_AREA 00001E40 - 00001E4B (0xc bytes), align: 2
  Segment part 43.            Intra module refs:   Segment part 81
    -------------------------------------------------------------------------
DATA_C
  Relative segment, address: CODE_AREA 00001E4C - 00001E63 (0x18 bytes), align: 2
  Segment part 44.            Intra module refs:   Segment part 81
    -------------------------------------------------------------------------
DATA_C
  Relative segment, address: CODE_AREA 00001E64 - 00001EA3 (0x40 bytes), align: 2
  Segment part 45.            Intra module refs:   mem
    -------------------------------------------------------------------------
DATA_C
  Relative segment, address: CODE_AREA 00001EA4 - 00001EB7 (0x14 bytes), align: 2
  Segment part 46.            Intra module refs:   Segment part 81
    -------------------------------------------------------------------------
DATA_C
  Relative segment, address: CODE_AREA 00001EB8 - 00001ECF (0x18 bytes), align: 2
  Segment part 47.            Intra module refs:   Segment part 81
    -------------------------------------------------------------------------
DATA_C
  Relative segment, address: CODE_AREA 00001ED0 - 00001EDF (0x10 bytes), align: 2
  Segment part 48.            Intra module refs:   Segment part 81
    -------------------------------------------------------------------------
DATA_C
  Relative segment, address: CODE_AREA 00001F39 - 00001F3B (0x3 bytes), align: 0
  Segment part 49.            Intra module refs:   Segment part 93
    -------------------------------------------------------------------------
DATA_C
  Relative segment, address: CODE_AREA 00001EE0 - 00001EE7 (0x8 bytes), align: 2
  Segment part 50.            Intra module refs:   Segment part 93
    -------------------------------------------------------------------------
DATA_C
  Relative segment, address: CODE_AREA 00001EE8 - 00001EEF (0x8 bytes), align: 2
  Segment part 51.            Intra module refs:   Segment part 93
    -------------------------------------------------------------------------
DATA_C
  Relative segment, address: CODE_AREA 00001EF0 - 00001EF7 (0x8 bytes), align: 2
  Segment part 52.            Intra module refs:   Segment part 93
    -------------------------------------------------------------------------
DATA_C
  Relative segment, address: CODE_AREA 00001EF8 - 00001EFB (0x4 bytes), align: 2
  Segment part 53.            Intra module refs:   Segment part 93
    -------------------------------------------------------------------------
DATA_C
  Relative segment, address: CODE_AREA 00001EFC - 00001F03 (0x8 bytes), align: 2
  Segment part 54.            Intra module refs:   Segment part 93
    -------------------------------------------------------------------------
DATA_C
  Relative segment, address: CODE_AREA 00001F04 - 00001F1B (0x18 bytes), align: 2
  Segment part 55.            Intra module refs:   Segment part 141
                                                   Segment part 201
           ENTRY                   ADDRESS         REF BY
           =====                   =======         ======
           Title                   00001F04 
    -------------------------------------------------------------------------
DATA_Z
  Relative segment, address: CODE_AREA 00001F58 - 00002757 (0x800 bytes), align: 2
  Segment part 56.            Intra module refs:   Segment part 158
                                                   Segment part 200
           ENTRY                   ADDRESS         REF BY
           =====                   =======         ======
           conbuf                  00001F58 
    -------------------------------------------------------------------------
DATA_Z
  Relative segment, address: CODE_AREA 00002758 - 0000275B (0x4 bytes), align: 2
  Segment part 57.            Intra module refs:   Segment part 159
                                                   Segment part 199
                                                   cr
           ENTRY                   ADDRESS         REF BY
           =====                   =======         ======
           conend                  00002758 
    -------------------------------------------------------------------------
DATA_Z
  Relative segment, address: CODE_AREA 0000275C - 0000285B (0x100 bytes), align: 2
  Segment part 58.            Intra module refs:   Segment part 202
           ENTRY                   ADDRESS         REF BY
           =====                   =======         ======
           con                     0000275C 
    -------------------------------------------------------------------------
DATA_Z
  Relative segment, address: CODE_AREA 0000285C - 0000295B (0x100 bytes), align: 2
  Segment part 59.            Intra module refs:   Segment part 182
                                                   Segment part 194
           ENTRY                   ADDRESS         REF BY
           =====                   =======         ======
           path                    0000285C 
    -------------------------------------------------------------------------
DATA_Z
  Relative segment, address: CODE_AREA 0000295C - 00002A5B (0x100 bytes), align: 2
  Segment part 60.            Intra module refs:   Segment part 181
           ENTRY                   ADDRESS         REF BY
           =====                   =======         ======
           spath                   0000295C 
    -------------------------------------------------------------------------
DATA_Z
  Relative segment, address: CODE_AREA 00002A5C - 00002B5B (0x100 bytes), align: 2
  Segment part 61.            Intra module refs:   Segment part 171
                                                   Segment part 195
           ENTRY                   ADDRESS         REF BY
           =====                   =======         ======
           curdir                  00002A5C 
    -------------------------------------------------------------------------
DATA_Z
  Relative segment, address: CODE_AREA 00002B5C - 00002C5B (0x100 bytes), align: 2
  Segment part 62.            Intra module refs:   Segment part 156
           ENTRY                   ADDRESS         REF BY
           =====                   =======         ======
           ar1                     00002B5C 
    -------------------------------------------------------------------------
DATA_Z
  Relative segment, address: CODE_AREA 00002C5C - 00002D5B (0x100 bytes), align: 2
  Segment part 63.            Intra module refs:   Segment part 153
           ENTRY                   ADDRESS         REF BY
           =====                   =======         ======
           ar2                     00002C5C 
    -------------------------------------------------------------------------
DATA_Z
  Relative segment, address: CODE_AREA 00002D5C - 00002E5B (0x100 bytes), align: 2
  Segment part 64.            Intra module refs:   Segment part 66
                                                   sset
           ENTRY                   ADDRESS         REF BY
           =====                   =======         ======
           set                     00002D5C 
    -------------------------------------------------------------------------
DATA_I
  Relative segment, address: DATA_AREA 00000000 - 00000003 (0x4 bytes), align: 2
  Segment part 65.            Intra module refs:   sset
           ENTRY                   ADDRESS         REF BY
           =====                   =======         ======
           setend                  00000000 
    -------------------------------------------------------------------------
DATA_Z
  Relative segment, address: CODE_AREA 00002E5C - 00002E9B (0x40 bytes), align: 2
  Segment part 67.            Intra module refs:   Segment part 101
                                                   Segment part 180
           ENTRY                   ADDRESS         REF BY
           =====                   =======         ======
           argvv                   00002E5C 
    -------------------------------------------------------------------------
DATA_Z
  Relative segment, address: CODE_AREA 00002E9C - 00002E9F (0x4 bytes), align: 2
  Segment part 68.            Intra module refs:   Segment part 163
                                                   Segment part 184
           ENTRY                   ADDRESS         REF BY
           =====                   =======         ======
           argv                    00002E9C 
    -------------------------------------------------------------------------
DATA_Z
  Relative segment, address: CODE_AREA 00002EA0 - 00002EA3 (0x4 bytes), align: 2
  Segment part 69.            Intra module refs:   Segment part 162
                                                   Segment part 185
           ENTRY                   ADDRESS         REF BY
           =====                   =======         ======
           argc                    00002EA0 
    -------------------------------------------------------------------------
DATA_Z
  Relative segment, address: CODE_AREA 00002EA4 - 00002EA7 (0x4 bytes), align: 2
  Segment part 70.            Intra module refs:   Segment part 197
                                                   Segment part 98
           ENTRY                   ADDRESS         REF BY
           =====                   =======         ======
           fcon                    00002EA4 
    -------------------------------------------------------------------------
DATA_Z
  Relative segment, address: CODE_AREA 00002EA8 - 00002EAB (0x4 bytes), align: 2
  Segment part 71.            Intra module refs:   Segment part 117
                                                   Segment part 193
           ENTRY                   ADDRESS         REF BY
           =====                   =======         ======
           SG                      00002EA8 
    -------------------------------------------------------------------------
DATA_Z
  Relative segment, address: CODE_AREA 0000C1BC - 0000C1BC (0x1 bytes), align: 0
  Segment part 72.            Intra module refs:   Segment part 128
                                                   Segment part 188
           ENTRY                   ADDRESS         REF BY
           =====                   =======         ======
           echooff                 0000C1BC 
    -------------------------------------------------------------------------
DATA_Z
  Relative segment, address: CODE_AREA 0000C1BD - 0000C1BD (0x1 bytes), align: 0
  Segment part 73.            Intra module refs:   quit
           ENTRY                   ADDRESS         REF BY
           =====                   =======         ======
           exit                    0000C1BD 
    -------------------------------------------------------------------------
DATA_C
  Relative segment, address: CODE_AREA 00001F1C - 00001F2F (0x14 bytes), align: 2
  Segment part 74.            Intra module refs:   command
           ENTRY                   ADDRESS         REF BY
           =====                   =======         ======
           link                    00001F1C 
    -------------------------------------------------------------------------
DATA_C
  Relative segment, address: CODE_AREA 00001F3C - 00001F3D (0x2 bytes), align: 0
  Segment part 75.            Intra module refs:   Segment part 172
                                                   Segment part 183
           ENTRY                   ADDRESS         REF BY
           =====                   =======         ======
           eline                   00001F3C 
    -------------------------------------------------------------------------
DATA_C
  Relative segment, address: CODE_AREA 00001F3E - 00001F3F (0x2 bytes), align: 0
  Segment part 76.            Intra module refs:   setpath
           ENTRY                   ADDRESS         REF BY
           =====                   =======         ======
           ezap                    00001F3E 
    -------------------------------------------------------------------------
DATA_I
  Relative segment, address: DATA_AREA 00000004 - 00000017 (0x14 bytes), align: 2
  Segment part 77.            Intra module refs:   Segment part 177
           ENTRY                   ADDRESS         REF BY
           =====                   =======         ======
           cext                    00000004 
    -------------------------------------------------------------------------
DATA_Z
  Relative segment, address: CODE_AREA 00002EAC - 00002EAF (0x4 bytes), align: 2
  Segment part 79.            Intra module refs:   command
           ENTRY                   ADDRESS         REF BY
           =====                   =======         ======
           cmd                     00002EAC 
    -------------------------------------------------------------------------
DATA_I
  Relative segment, address: DATA_AREA 00000018 - 0000003B (0x24 bytes), align: 2
  Segment part 80.            Intra module refs:   execbat
           ENTRY                   ADDRESS         REF BY
           =====                   =======         ======
           msg                     00000018 
    -------------------------------------------------------------------------
CODE
  Segment part 94. NOT NEEDED.
    -------------------------------------------------------------------------
CODE
  Relative segment, address: CODE_AREA 00000118 - 00000147 (0x30 bytes), align: 2
  Segment part 95.            Intra module refs:   command
                                                   gettype
           ENTRY                   ADDRESS         REF BY
           =====                   =======         ======
           striicmp                00000118 
    -------------------------------------------------------------------------
CODE
  Segment part 96. NOT NEEDED.
    -------------------------------------------------------------------------
CODE
  Relative segment, address: CODE_AREA 00000148 - 000001DB (0x94 bytes), align: 2
  Segment part 97.            Intra module refs:   copyxx
                                                   date
                                                   dir
                                                   echo
                                                   exec
                                                   execbat
                                                   main
                                                   mem
                                                   ren
                                                   setpath
                                                   sset
                                                   time
                                                   ver
           ENTRY                   ADDRESS         REF BY
           =====                   =======         ======
           print                   00000148 
               stack 1 = 00000000 ( 00000014 )
    -------------------------------------------------------------------------
CODE
  Relative segment, address: CODE_AREA 000001DC - 000001DF (0x4 bytes), align: 2
  Segment part 98.            Intra module refs:   print
    -------------------------------------------------------------------------
CODE
  Segment part 99. NOT NEEDED.
    -------------------------------------------------------------------------
CODE
  Relative segment, address: CODE_AREA 000001E0 - 0000024B (0x6c bytes), align: 2
  Segment part 100.           Intra module refs:   exec
           ENTRY                   ADDRESS         REF BY
           =====                   =======         ======
           arg                     000001E0 
    -------------------------------------------------------------------------
CODE
  Relative segment, address: CODE_AREA 0000024C - 0000024F (0x4 bytes), align: 2
  Segment part 101.           Intra module refs:   arg
    -------------------------------------------------------------------------
CODE
  Segment part 102. NOT NEEDED.
    -------------------------------------------------------------------------
CODE
  Relative segment, address: CODE_AREA 00000250 - 0000026B (0x1c bytes), align: 2
  Segment part 103.           Intra module refs:   main
           ENTRY                   ADDRESS         REF BY
           =====                   =======         ======
           Killer                  00000250 
               stack 1 = 00000000 ( 00000004 )
    -------------------------------------------------------------------------
CODE
  Segment part 104. NOT NEEDED.
    -------------------------------------------------------------------------
CODE
  Relative segment, address: CODE_AREA 0000026C - 000003E3 (0x178 bytes), align: 2
  Segment part 105.           Intra module refs:   command
           ENTRY                   ADDRESS         REF BY
           =====                   =======         ======
           rundll                  0000026C 
               stack 1 = 00000000 ( 00000034 )
    -------------------------------------------------------------------------
CODE
  Segment part 106. NOT NEEDED.
    -------------------------------------------------------------------------
CODE
  Relative segment, address: CODE_AREA 000003E4 - 00000413 (0x30 bytes), align: 2
  Segment part 107.           Intra module refs:   command
                                                   findall
           ENTRY                   ADDRESS         REF BY
           =====                   =======         ======
           isfile                  000003E4 
               stack 1 = 00000000 ( 0000000C )
    -------------------------------------------------------------------------
CODE
  Segment part 108. NOT NEEDED.
    -------------------------------------------------------------------------
CODE
  Relative segment, address: CODE_AREA 00000414 - 0000045F (0x4c bytes), align: 2
  Segment part 109.           Intra module refs:   command
           ENTRY                   ADDRESS         REF BY
           =====                   =======         ======
           execelf                 00000414 
               stack 1 = 00000000 ( 00000010 )
    -------------------------------------------------------------------------
CODE
  Segment part 110. NOT NEEDED.
    -------------------------------------------------------------------------
DATA_Z
  Relative segment, address: CODE_AREA 00002EB0 - 000038FF (0xa50 bytes), align: 2
  Segment part 82.            Intra module refs:   find
           ENTRY                   ADDRESS         REF BY
           =====                   =======         ======
           de                      00002EB0 
    -------------------------------------------------------------------------
DATA_Z
  Relative segment, address: CODE_AREA 00003900 - 00003AB7 (0x1b8 bytes), align: 2
  Segment part 83.            Intra module refs:   Segment part 114
           ENTRY                   ADDRESS         REF BY
           =====                   =======         ======
           dee                     00003900 
    -------------------------------------------------------------------------
DATA_Z
  Relative segment, address: CODE_AREA 00003AB8 - 000040B7 (0x600 bytes), align: 2
  Segment part 84.            Intra module refs:   find
           ENTRY                   ADDRESS         REF BY
           =====                   =======         ======
           tmp                     00003AB8 
    -------------------------------------------------------------------------
DATA_Z
  Relative segment, address: CODE_AREA 000040B8 - 000041B7 (0x100 bytes), align: 2
  Segment part 85.            Intra module refs:   Segment part 168
                                                   Segment part 196
                                                   un
           ENTRY                   ADDRESS         REF BY
           =====                   =======         ======
           temp                    000040B8 
    -------------------------------------------------------------------------
DATA_Z
  Segment part 86. NOT NEEDED.
           ENTRY                   ADDRESS         REF BY
           =====                   =======         ======
           name                    
    -------------------------------------------------------------------------
DATA_Z
  Segment part 87. NOT NEEDED.
           ENTRY                   ADDRESS         REF BY
           =====                   =======         ======
           etemp                   
    -------------------------------------------------------------------------
DATA_Z
  Segment part 88. NOT NEEDED.
           ENTRY                   ADDRESS         REF BY
           =====                   =======         ======
           ename                   
    -------------------------------------------------------------------------
DATA_Z
  Relative segment, address: CODE_AREA 000041B8 - 0000C1B7 (0x8000 bytes), align: 2
  Segment part 89.            Intra module refs:   Segment part 167
                                                   Segment part 91
                                                   un
           ENTRY                   ADDRESS         REF BY
           =====                   =======         ======
           list                    000041B8 
    -------------------------------------------------------------------------
DATA_I
  Relative segment, address: DATA_AREA 0000003C - 0000003F (0x4 bytes), align: 2
  Segment part 90.            Intra module refs:   Segment part 166
                                                   un
           ENTRY                   ADDRESS         REF BY
           =====                   =======         ======
           lend                    0000003C 
    -------------------------------------------------------------------------
CODE
  Relative segment, address: CODE_AREA 00000460 - 000004E7 (0x88 bytes), align: 2
  Segment part 111.           Intra module refs:   copy
                                                   del
                                                   dir
                                                   ren
           ENTRY                   ADDRESS         REF BY
           =====                   =======         ======
           extnn                   00000460 
               stack 1 = 00000000 ( 00000014 )
    -------------------------------------------------------------------------
CODE
  Segment part 112. NOT NEEDED.
    -------------------------------------------------------------------------
CODE
  Relative segment, address: CODE_AREA 000004E8 - 0000057B (0x94 bytes), align: 2
  Segment part 113.           Intra module refs:   find
           ENTRY                   ADDRESS         REF BY
           =====                   =======         ======
           extn                    000004E8 
               stack 1 = 00000000 ( 00000014 )
    -------------------------------------------------------------------------
CODE
  Relative segment, address: CODE_AREA 0000057C - 0000057F (0x4 bytes), align: 2
  Segment part 114.           Intra module refs:   extn
                                                   extnn
    -------------------------------------------------------------------------
CODE
  Segment part 115. NOT NEEDED.
    -------------------------------------------------------------------------
CODE
  Relative segment, address: CODE_AREA 00000580 - 0000065F (0xe0 bytes), align: 2
  Segment part 116.           Intra module refs:   dir
           ENTRY                   ADDRESS         REF BY
           =====                   =======         ======
           find                    00000580 
               stack 1 = 00000000 ( 00000020 )
    -------------------------------------------------------------------------
CODE
  Relative segment, address: CODE_AREA 00000660 - 00000663 (0x4 bytes), align: 2
  Segment part 117.           Intra module refs:   find
    -------------------------------------------------------------------------
CODE
  Segment part 118. NOT NEEDED.
    -------------------------------------------------------------------------
CODE
  Relative segment, address: CODE_AREA 00000664 - 000006A7 (0x44 bytes), align: 2
  Segment part 119.           Intra module refs:   copy
                                                   del
                                                   md
                                                   rd
                                                   ren
                                                   type
           ENTRY                   ADDRESS         REF BY
           =====                   =======         ======
           par                     00000664 
               stack 1 = 00000000 ( 0000000C )
    -------------------------------------------------------------------------
CODE
  Segment part 120. NOT NEEDED.
    -------------------------------------------------------------------------
CODE
  Relative segment, address: CODE_AREA 000006A8 - 000006BF (0x18 bytes), align: 2
  Segment part 121.           Intra module refs:   Segment part 93
           ENTRY                   ADDRESS         REF BY
           =====                   =======         ======
           quit                    000006A8 
    -------------------------------------------------------------------------
CODE
  Segment part 122. NOT NEEDED.
    -------------------------------------------------------------------------
CODE
  Relative segment, address: CODE_AREA 000006C0 - 000006C7 (0x8 bytes), align: 2
  Segment part 123.           Intra module refs:   Segment part 93
           ENTRY                   ADDRESS         REF BY
           =====                   =======         ======
           empty                   000006C0 
    -------------------------------------------------------------------------
CODE
  Segment part 124. NOT NEEDED.
    -------------------------------------------------------------------------
CODE
  Relative segment, address: CODE_AREA 000006C8 - 000006D7 (0x10 bytes), align: 2
  Segment part 125.           Intra module refs:   Segment part 93
           ENTRY                   ADDRESS         REF BY
           =====                   =======         ======
           cls                     000006C8 
               stack 1 = 00000000 ( 00000004 )
    -------------------------------------------------------------------------
CODE
  Segment part 126. NOT NEEDED.
    -------------------------------------------------------------------------
CODE
  Relative segment, address: CODE_AREA 000006D8 - 00000773 (0x9c bytes), align: 2
  Segment part 127.           Intra module refs:   Segment part 93
           ENTRY                   ADDRESS         REF BY
           =====                   =======         ======
           echo                    000006D8 
               stack 1 = 00000000 ( 0000000C )
    -------------------------------------------------------------------------
CODE
  Relative segment, address: CODE_AREA 00000774 - 00000777 (0x4 bytes), align: 2
  Segment part 128.           Intra module refs:   echo
    -------------------------------------------------------------------------
CODE
  Segment part 129. NOT NEEDED.
    -------------------------------------------------------------------------
CODE
  Relative segment, address: CODE_AREA 00000778 - 000007D7 (0x60 bytes), align: 2
  Segment part 130.           Intra module refs:   Segment part 93
           ENTRY                   ADDRESS         REF BY
           =====                   =======         ======
           mem                     00000778 
               stack 1 = 00000000 ( 00000014 )
    -------------------------------------------------------------------------
CODE
  Segment part 131. NOT NEEDED.
    -------------------------------------------------------------------------
CODE
  Relative segment, address: CODE_AREA 000007D8 - 00000823 (0x4c bytes), align: 2
  Segment part 132.           Intra module refs:   Segment part 93
           ENTRY                   ADDRESS         REF BY
           =====                   =======         ======
           date                    000007D8 
               stack 1 = 00000000 ( 0000001C )
    -------------------------------------------------------------------------
CODE
  Segment part 133. NOT NEEDED.
    -------------------------------------------------------------------------
CODE
  Relative segment, address: CODE_AREA 00000824 - 00000867 (0x44 bytes), align: 2
  Segment part 134.           Intra module refs:   Segment part 93
           ENTRY                   ADDRESS         REF BY
           =====                   =======         ======
           time                    00000824 
               stack 1 = 00000000 ( 00000018 )
    -------------------------------------------------------------------------
CODE
  Segment part 135. NOT NEEDED.
    -------------------------------------------------------------------------
CODE
  Relative segment, address: CODE_AREA 00000868 - 000008A3 (0x3c bytes), align: 2
  Segment part 136.           Intra module refs:   Segment part 93
           ENTRY                   ADDRESS         REF BY
           =====                   =======         ======
           md                      00000868 
               stack 1 = 00000000 ( 0000000C )
    -------------------------------------------------------------------------
CODE
  Segment part 137. NOT NEEDED.
    -------------------------------------------------------------------------
CODE
  Relative segment, address: CODE_AREA 000008A4 - 000008DF (0x3c bytes), align: 2
  Segment part 138.           Intra module refs:   Segment part 93
           ENTRY                   ADDRESS         REF BY
           =====                   =======         ======
           rd                      000008A4 
               stack 1 = 00000000 ( 0000000C )
    -------------------------------------------------------------------------
CODE
  Segment part 139. NOT NEEDED.
    -------------------------------------------------------------------------
CODE
  Relative segment, address: CODE_AREA 000008E0 - 000008F3 (0x14 bytes), align: 2
  Segment part 140.           Intra module refs:   Segment part 93
           ENTRY                   ADDRESS         REF BY
           =====                   =======         ======
           ver                     000008E0 
               stack 1 = 00000000 ( 00000004 )
    -------------------------------------------------------------------------
CODE
  Relative segment, address: CODE_AREA 000008F4 - 000008F7 (0x4 bytes), align: 2
  Segment part 141.           Intra module refs:   ver
    -------------------------------------------------------------------------
CODE
  Segment part 142. NOT NEEDED.
    -------------------------------------------------------------------------
CODE
  Relative segment, address: CODE_AREA 000008F8 - 00000967 (0x70 bytes), align: 2
  Segment part 143.           Intra module refs:   Segment part 93
           ENTRY                   ADDRESS         REF BY
           =====                   =======         ======
           setpath                 000008F8 
               stack 1 = 00000000 ( 00000008 )
    -------------------------------------------------------------------------
CODE
  Segment part 144. NOT NEEDED.
    -------------------------------------------------------------------------
CODE
  Relative segment, address: CODE_AREA 00000968 - 00000A9B (0x134 bytes), align: 2
  Segment part 145.           Intra module refs:   Segment part 93
           ENTRY                   ADDRESS         REF BY
           =====                   =======         ======
           ren                     00000968 
               stack 1 = 00000000 ( 00000020 )
    -------------------------------------------------------------------------
CODE
  Segment part 146. NOT NEEDED.
    -------------------------------------------------------------------------
CODE
  Relative segment, address: CODE_AREA 00000A9C - 00000B57 (0xbc bytes), align: 2
  Segment part 147.           Intra module refs:   Segment part 93
           ENTRY                   ADDRESS         REF BY
           =====                   =======         ======
           del                     00000A9C 
               stack 1 = 00000000 ( 00000014 )
    -------------------------------------------------------------------------
CODE
  Segment part 148. NOT NEEDED.
    -------------------------------------------------------------------------
CODE
  Relative segment, address: CODE_AREA 00000B58 - 00000CE3 (0x18c bytes), align: 2
  Segment part 149.           Intra module refs:   copy
           ENTRY                   ADDRESS         REF BY
           =====                   =======         ======
           copyxx                  00000B58 
               stack 1 = 00000000 ( 0000002C )
    -------------------------------------------------------------------------
CODE
  Relative segment, address: CODE_AREA 00000CE4 - 00000CE7 (0x4 bytes), align: 2
  Segment part 150.           Intra module refs:   copyxx
                                                   ren
    -------------------------------------------------------------------------
CODE
  Segment part 151. NOT NEEDED.
    -------------------------------------------------------------------------
CODE
  Relative segment, address: CODE_AREA 00000CE8 - 00000DC3 (0xdc bytes), align: 2
  Segment part 152.           Intra module refs:   Segment part 93
           ENTRY                   ADDRESS         REF BY
           =====                   =======         ======
           copy                    00000CE8 
               stack 1 = 00000000 ( 00000014 )
    -------------------------------------------------------------------------
CODE
  Relative segment, address: CODE_AREA 00000DC4 - 00000DC7 (0x4 bytes), align: 2
  Segment part 153.           Intra module refs:   copy
                                                   copyxx
                                                   ren
    -------------------------------------------------------------------------
CODE
  Segment part 154. NOT NEEDED.
    -------------------------------------------------------------------------
CODE
  Relative segment, address: CODE_AREA 00000DC8 - 00000E57 (0x90 bytes), align: 2
  Segment part 155.           Intra module refs:   Segment part 93
           ENTRY                   ADDRESS         REF BY
           =====                   =======         ======
           type                    00000DC8 
               stack 1 = 00000000 ( 00000014 )
    -------------------------------------------------------------------------
CODE
  Relative segment, address: CODE_AREA 00000E58 - 00000E5B (0x4 bytes), align: 2
  Segment part 156.           Intra module refs:   copy
                                                   del
                                                   md
                                                   rd
                                                   ren
                                                   type
    -------------------------------------------------------------------------
CODE
  Relative segment, address: CODE_AREA 00000E5C - 00000E5F (0x4 bytes), align: 2
  Segment part 157.           Intra module refs:   copy
                                                   copyxx
                                                   del
                                                   extn
                                                   extnn
                                                   find
                                                   isfile
                                                   md
                                                   mem
                                                   print
                                                   rd
                                                   ren
                                                   type
    -------------------------------------------------------------------------
CODE
  Relative segment, address: CODE_AREA 00000E60 - 00000E63 (0x4 bytes), align: 2
  Segment part 158.           Intra module refs:   print
                                                   type
    -------------------------------------------------------------------------
CODE
  Relative segment, address: CODE_AREA 00000E64 - 00000E67 (0x4 bytes), align: 2
  Segment part 159.           Intra module refs:   print
                                                   type
    -------------------------------------------------------------------------
CODE
  Segment part 160. NOT NEEDED.
    -------------------------------------------------------------------------
CODE
  Relative segment, address: CODE_AREA 00000E68 - 00000F27 (0xc0 bytes), align: 2
  Segment part 161.           Intra module refs:   Segment part 93
           ENTRY                   ADDRESS         REF BY
           =====                   =======         ======
           sset                    00000E68 
               stack 1 = 00000000 ( 00000010 )
    -------------------------------------------------------------------------
CODE
  Relative segment, address: CODE_AREA 00000F28 - 00000F2B (0x4 bytes), align: 2
  Segment part 162.           Intra module refs:   arg
                                                   copy
                                                   ren
                                                   setpath
                                                   sset
                                                   type
    -------------------------------------------------------------------------
CODE
  Relative segment, address: CODE_AREA 00000F2C - 00000F2F (0x4 bytes), align: 2
  Segment part 163.           Intra module refs:   arg
                                                   copy
                                                   del
                                                   echo
                                                   md
                                                   rd
                                                   ren
                                                   setpath
                                                   sset
                                                   type
    -------------------------------------------------------------------------
CODE
  Segment part 164. NOT NEEDED.
    -------------------------------------------------------------------------
CODE
  Relative segment, address: CODE_AREA 00000F30 - 00001167 (0x238 bytes), align: 2
  Segment part 165.           Intra module refs:   Segment part 93
           ENTRY                   ADDRESS         REF BY
           =====                   =======         ======
           dir                     00000F30 
               stack 1 = 00000000 ( 0000002C )
    -------------------------------------------------------------------------
CODE
  Relative segment, address: CODE_AREA 00001168 - 0000116B (0x4 bytes), align: 2
  Segment part 166.           Intra module refs:   copy
                                                   del
                                                   dir
                                                   ren
    -------------------------------------------------------------------------
CODE
  Relative segment, address: CODE_AREA 0000116C - 0000116F (0x4 bytes), align: 2
  Segment part 167.           Intra module refs:   copy
                                                   del
                                                   dir
                                                   ren
    -------------------------------------------------------------------------
CODE
  Relative segment, address: CODE_AREA 00001170 - 00001173 (0x4 bytes), align: 2
  Segment part 168.           Intra module refs:   copyxx
                                                   date
                                                   dir
                                                   extn
                                                   extnn
                                                   mem
                                                   time
    -------------------------------------------------------------------------
CODE
  Segment part 169. NOT NEEDED.
    -------------------------------------------------------------------------
CODE
  Relative segment, address: CODE_AREA 00001174 - 00001247 (0xd4 bytes), align: 2
  Segment part 170.           Intra module refs:   Segment part 93
           ENTRY                   ADDRESS         REF BY
           =====                   =======         ======
           cd                      00001174 
               stack 1 = 00000000 ( 0000000C )
    -------------------------------------------------------------------------
CODE
  Relative segment, address: CODE_AREA 00001248 - 0000124B (0x4 bytes), align: 2
  Segment part 171.           Intra module refs:   cd
                                                   copy
                                                   del
                                                   dir
                                                   par
                                                   ren
    -------------------------------------------------------------------------
CODE
  Relative segment, address: CODE_AREA 0000124C - 0000124F (0x4 bytes), align: 2
  Segment part 172.           Intra module refs:   cd
                                                   copyxx
                                                   extn
    -------------------------------------------------------------------------
CODE
  Segment part 173. NOT NEEDED.
    -------------------------------------------------------------------------
DATA_I
  Relative segment, address: DATA_AREA 00000040 - 00000117 (0xd8 bytes), align: 2
  Segment part 92.            Intra module refs:   command
           ENTRY                   ADDRESS         REF BY
           =====                   =======         ======
           commands                00000040 
    -------------------------------------------------------------------------
CODE
  Relative segment, address: CODE_AREA 00001250 - 000012C3 (0x74 bytes), align: 2
  Segment part 174.           Intra module refs:   command
           ENTRY                   ADDRESS         REF BY
           =====                   =======         ======
           findall                 00001250 
               stack 1 = 00000000 ( 00000010 )
    -------------------------------------------------------------------------
CODE
  Segment part 175. NOT NEEDED.
    -------------------------------------------------------------------------
CODE
  Relative segment, address: CODE_AREA 000012C4 - 0000130F (0x4c bytes), align: 2
  Segment part 176.           Intra module refs:   command
           ENTRY                   ADDRESS         REF BY
           =====                   =======         ======
           gettype                 000012C4 
               stack 1 = 00000000 ( 00000010 )
    -------------------------------------------------------------------------
CODE
  Relative segment, address: CODE_AREA 00001310 - 00001313 (0x4 bytes), align: 2
  Segment part 177.           Intra module refs:   findall
                                                   gettype
    -------------------------------------------------------------------------
CODE
  Segment part 178. NOT NEEDED.
    -------------------------------------------------------------------------
CODE
  Relative segment, address: CODE_AREA 00001314 - 0000157B (0x268 bytes), align: 2
  Segment part 179.           Intra module refs:   exec
           ENTRY                   ADDRESS         REF BY
           =====                   =======         ======
           command                 00001314 
               stack 1 = 00000000 ( 00000024 )
    -------------------------------------------------------------------------
CODE
  Relative segment, address: CODE_AREA 0000157C - 0000157F (0x4 bytes), align: 2
  Segment part 180.           Intra module refs:   command
                                                   dir
                                                   findall
    -------------------------------------------------------------------------
CODE
  Relative segment, address: CODE_AREA 00001580 - 00001583 (0x4 bytes), align: 2
  Segment part 181.           Intra module refs:   command
                                                   dir
    -------------------------------------------------------------------------
CODE
  Relative segment, address: CODE_AREA 00001584 - 00001587 (0x4 bytes), align: 2
  Segment part 182.           Intra module refs:   command
                                                   setpath
    -------------------------------------------------------------------------
CODE
  Relative segment, address: CODE_AREA 00001588 - 0000158B (0x4 bytes), align: 2
  Segment part 183.           Intra module refs:   command
    -------------------------------------------------------------------------
CODE
  Relative segment, address: CODE_AREA 0000158C - 0000158F (0x4 bytes), align: 2
  Segment part 184.           Intra module refs:   cd
                                                   command
    -------------------------------------------------------------------------
CODE
  Relative segment, address: CODE_AREA 00001590 - 00001593 (0x4 bytes), align: 2
  Segment part 185.           Intra module refs:   cd
                                                   command
                                                   dir
    -------------------------------------------------------------------------
CODE
  Segment part 186. NOT NEEDED.
    -------------------------------------------------------------------------
CODE
  Relative segment, address: CODE_AREA 00001594 - 000015EB (0x58 bytes), align: 2
  Segment part 187.           Intra module refs:   execbat
           ENTRY                   ADDRESS         REF BY
           =====                   =======         ======
           exec                    00001594 
               stack 1 = 00000000 ( 00000008 )
    -------------------------------------------------------------------------
CODE
  Relative segment, address: CODE_AREA 000015EC - 000015EF (0x4 bytes), align: 2
  Segment part 188.           Intra module refs:   exec
    -------------------------------------------------------------------------
CODE
  Segment part 189. NOT NEEDED.
    -------------------------------------------------------------------------
CODE
  Relative segment, address: CODE_AREA 000015F0 - 00001723 (0x134 bytes), align: 2
  Segment part 190.           Intra module refs:   command
                                                   main
           ENTRY                   ADDRESS         REF BY
           =====                   =======         ======
           execbat                 000015F0 
               stack 1 = 00000000 ( 00000020 )
    -------------------------------------------------------------------------
CODE
  Segment part 191. NOT NEEDED.
    -------------------------------------------------------------------------
CODE
  Relative segment, address: CODE_AREA 00001724 - 0000191F (0x1fc bytes), align: 2
  Segment part 192.
           ENTRY                   ADDRESS         REF BY
           =====                   =======         ======
           main                    00001724        Absolute parts (?ABS_ENTRY_MOD)
               stack 1 = 00000000 ( 00000040 )
    -------------------------------------------------------------------------
CODE
  Relative segment, address: CODE_AREA 00001920 - 00001923 (0x4 bytes), align: 2
  Segment part 193.           Intra module refs:   main
    -------------------------------------------------------------------------
CODE
  Relative segment, address: CODE_AREA 00001924 - 00001927 (0x4 bytes), align: 2
  Segment part 194.           Intra module refs:   main
    -------------------------------------------------------------------------
CODE
  Relative segment, address: CODE_AREA 00001928 - 0000192B (0x4 bytes), align: 2
  Segment part 195.           Intra module refs:   command
                                                   main
    -------------------------------------------------------------------------
CODE
  Relative segment, address: CODE_AREA 0000192C - 0000192F (0x4 bytes), align: 2
  Segment part 196.           Intra module refs:   command
                                                   findall
                                                   main
    -------------------------------------------------------------------------
CODE
  Relative segment, address: CODE_AREA 00001930 - 00001933 (0x4 bytes), align: 2
  Segment part 197.           Intra module refs:   command
                                                   main
    -------------------------------------------------------------------------
CODE
  Relative segment, address: CODE_AREA 00001934 - 00001937 (0x4 bytes), align: 2
  Segment part 198.           Intra module refs:   command
                                                   dir
                                                   execbat
                                                   main
    -------------------------------------------------------------------------
CODE
  Relative segment, address: CODE_AREA 00001938 - 0000193B (0x4 bytes), align: 2
  Segment part 199.           Intra module refs:   command
                                                   main
    -------------------------------------------------------------------------
CODE
  Relative segment, address: CODE_AREA 0000193C - 0000193F (0x4 bytes), align: 2
  Segment part 200.           Intra module refs:   command
                                                   main
    -------------------------------------------------------------------------
CODE
  Relative segment, address: CODE_AREA 00001940 - 00001943 (0x4 bytes), align: 2
  Segment part 201.           Intra module refs:   main
    -------------------------------------------------------------------------
CODE
  Relative segment, address: CODE_AREA 00001944 - 00001947 (0x4 bytes), align: 2
  Segment part 202.           Intra module refs:   dir
                                                   main
    -------------------------------------------------------------------------
CODE
  Segment part 203. NOT NEEDED.Intra module refs   cd
                                                   copy
                                                   copyxx
                                                   del
                                                   dir
                                                   execelf
                                                   findall
                                                   print
                                                   ren
                                                   setpath
                                                   sset
                                                   un
    -------------------------------------------------------------------------
CODE
  Segment part 204. NOT NEEDED.Intra module refs   cd
                                                   command
                                                   copyxx
                                                   dir
                                                   extn
                                                   extnn
                                                   find
                                                   findall
                                                   main
                                                   par
                                                   print
                                                   sset
    -------------------------------------------------------------------------
CODE
  Segment part 205. NOT NEEDED.Intra module refs   Killer
    -------------------------------------------------------------------------
CODE
  Segment part 206. NOT NEEDED.Intra module refs   rundll
    -------------------------------------------------------------------------
CODE
  Segment part 207. NOT NEEDED.Intra module refs   command
                                                   un
    -------------------------------------------------------------------------
CODE
  Segment part 208. NOT NEEDED.Intra module refs   cd
                                                   command
                                                   copyxx
                                                   dir
                                                   extn
                                                   extnn
                                                   find
                                                   findall
                                                   main
                                                   par
                                                   setpath
    -------------------------------------------------------------------------
CODE
  Segment part 209. NOT NEEDED.Intra module refs   cd
                                                   command
                                                   copy
                                                   copyxx
                                                   del
                                                   extn
                                                   extnn
                                                   find
                                                   findall
                                                   gettype
                                                   main
                                                   ren
    -------------------------------------------------------------------------
CODE
  Segment part 210. NOT NEEDED.Intra module refs   extn
                                                   extnn
    -------------------------------------------------------------------------
CODE
  Segment part 211. NOT NEEDED.Intra module refs   cls
                                                   command
                                                   copyxx
                                                   dir
                                                   exec
                                                   execbat
                                                   main
                                                   ren
                                                   setpath
                                                   sset
    -------------------------------------------------------------------------
CODE
  Segment part 212. NOT NEEDED.Intra module refs   echo
    -------------------------------------------------------------------------
CODE
  Segment part 213. NOT NEEDED.Intra module refs   copy
                                                   del
                                                   ren
    -------------------------------------------------------------------------
CODE
  Relative segment, address: CODE_AREA 00001948 - 0000197F (0x38 bytes), align: 2
  Segment part 214.           Intra module refs:   cls
                                                   command
                                                   copyxx
                                                   dir
                                                   exec
                                                   execbat
                                                   main
                                                   ren
                                                   setpath
                                                   sset
           ENTRY                   ADDRESS         REF BY
           =====                   =======         ======
           cr                      00001948 
    -------------------------------------------------------------------------
CODE
  Relative segment, address: CODE_AREA 00001980 - 000019D3 (0x54 bytes), align: 2
  Segment part 215.           Intra module refs:   extn
                                                   extnn
           ENTRY                   ADDRESS         REF BY
           =====                   =======         ======
           un                      00001980 
               stack 1 = 00000000 ( 00000010 )
    -------------------------------------------------------------------------
CSTACK
  Segment part 1. NOT NEEDED.
    -------------------------------------------------------------------------
DATA_ID
  Relative segment, address: CODE_AREA 00000000 - 00000003 (0x4 bytes), align: 2
  Segment part 66.            Intra module refs:   setend
    -------------------------------------------------------------------------
DATA_ID
  Relative segment, address: CODE_AREA 00000004 - 00000017 (0x14 bytes), align: 2
  Segment part 78.            Intra module refs:   cext
    -------------------------------------------------------------------------
DATA_ID
  Relative segment, address: CODE_AREA 00000018 - 0000003B (0x24 bytes), align: 2
  Segment part 81.            Intra module refs:   msg
    -------------------------------------------------------------------------
DATA_ID
  Relative segment, address: CODE_AREA 0000003C - 0000003F (0x4 bytes), align: 2
  Segment part 91.            Intra module refs:   lend
    -------------------------------------------------------------------------
DATA_ID
  Relative segment, address: CODE_AREA 00000040 - 00000117 (0xd8 bytes), align: 2
  Segment part 93.            Intra module refs:   commands
    -------------------------------------------------------------------------
DATA_ID
  Segment part 216. NOT NEEDED.
           ENTRY                   ADDRESS         REF BY
           =====                   =======         ======
           ?*?DATA_ID              
    -------------------------------------------------------------------------
INITTAB
  Relative segment, address: CODE_AREA 00001F40 - 00001F4B (0xc bytes), align: 2
  Segment part 217. ROOT.
           ENTRY                   ADDRESS         REF BY
           =====                   =======         ======
           ?init?tab?DATA_I        00001F40 
    -------------------------------------------------------------------------
INITTAB
  Relative segment, address: CODE_AREA 00001F4C - 00001F57 (0xc bytes), align: 2
  Segment part 218. ROOT.
           ENTRY                   ADDRESS         REF BY
           =====                   =======         ======
           ?init?tab?DATA_Z        00001F4C 

    *************************************************************************

  FILE NAME : D:\SVN\SieELF\SieELF\cbn_SRC\Command\SG\Obj\SWILIB.r79
  PROGRAM MODULE, NAME : SWILIB

  SEGMENTS IN THE MODULE
  ======================
DATA_Z
  Relative segment, address: CODE_AREA 0000C1B8 - 0000C1BB (0x4 bytes), align: 2
  Segment part 2.
           ENTRY                   ADDRESS         REF BY
           =====                   =======         ======
           err                     0000C1B8        Segment part 157 (COMMAND)
                                                   Segment part 198 (COMMAND)
    -------------------------------------------------------------------------
DATA_Z
  Segment part 3. NOT NEEDED.
           ENTRY                   ADDRESS         REF BY
           =====                   =======         ======
           loadfilesize            
    -------------------------------------------------------------------------
CODE
  Segment part 4. NOT NEEDED.
    -------------------------------------------------------------------------
CODE
  Segment part 5. NOT NEEDED.
           ENTRY                   ADDRESS         REF BY
           =====                   =======         ======
           min                     
               not allocated function
    -------------------------------------------------------------------------
CODE
  Segment part 6. NOT NEEDED.
    -------------------------------------------------------------------------
CODE
  Segment part 7. NOT NEEDED.
           ENTRY                   ADDRESS         REF BY
           =====                   =======         ======
           max                     
               not allocated function
    -------------------------------------------------------------------------
CODE
  Segment part 8. NOT NEEDED.
    -------------------------------------------------------------------------
CODE
  Segment part 9. NOT NEEDED.
           ENTRY                   ADDRESS         REF BY
           =====                   =======         ======
           abs                     
               not allocated function
    -------------------------------------------------------------------------
CODE
  Segment part 10. NOT NEEDED.
    -------------------------------------------------------------------------
CODE
  Segment part 11. NOT NEEDED.
           ENTRY                   ADDRESS         REF BY
           =====                   =======         ======
           fgets                   
               not allocated function
    -------------------------------------------------------------------------
CODE
  Segment part 12. NOT NEEDED.
    -------------------------------------------------------------------------
CODE
  Segment part 13. NOT NEEDED.
           ENTRY                   ADDRESS         REF BY
           =====                   =======         ======
           printf                  
               not allocated function
    -------------------------------------------------------------------------
CODE
  Segment part 14. NOT NEEDED.
    -------------------------------------------------------------------------
CODE
  Segment part 15. NOT NEEDED.
           ENTRY                   ADDRESS         REF BY
           =====                   =======         ======
           strdup                  
               not allocated function
    -------------------------------------------------------------------------
CODE
  Segment part 16. NOT NEEDED.
    -------------------------------------------------------------------------
CODE
  Segment part 17. NOT NEEDED.
           ENTRY                   ADDRESS         REF BY
           =====                   =======         ======
           savefile                
               not allocated function
    -------------------------------------------------------------------------
CODE
  Segment part 18. NOT NEEDED.
    -------------------------------------------------------------------------
CODE
  Segment part 19. NOT NEEDED.
           ENTRY                   ADDRESS         REF BY
           =====                   =======         ======
           loadfile                
               not allocated function
    -------------------------------------------------------------------------
CODE
  Segment part 20. NOT NEEDED.
    -------------------------------------------------------------------------
CODE
  Segment part 21. NOT NEEDED.
           ENTRY                   ADDRESS         REF BY
           =====                   =======         ======
           toup                    
               not allocated function
    -------------------------------------------------------------------------
CODE
  Segment part 22. NOT NEEDED.
    -------------------------------------------------------------------------
CODE
  Segment part 23. NOT NEEDED.
           ENTRY                   ADDRESS         REF BY
           =====                   =======         ======
           todown                  
               not allocated function
    -------------------------------------------------------------------------
CODE
  Segment part 24. NOT NEEDED.
    -------------------------------------------------------------------------
CODE
  Segment part 25. NOT NEEDED.
           ENTRY                   ADDRESS         REF BY
           =====                   =======         ======
           isalth                  
               not allocated function
    -------------------------------------------------------------------------
CODE
  Segment part 26. NOT NEEDED.
    -------------------------------------------------------------------------
CODE
  Segment part 27. NOT NEEDED.
           ENTRY                   ADDRESS         REF BY
           =====                   =======         ======
           isval                   
               not allocated function
    -------------------------------------------------------------------------
CODE
  Segment part 28. NOT NEEDED.
    -------------------------------------------------------------------------
CODE
  Segment part 29. NOT NEEDED.
           ENTRY                   ADDRESS         REF BY
           =====                   =======         ======
           strchrpos               
               not allocated function
    -------------------------------------------------------------------------
CODE
  Segment part 30. NOT NEEDED.
    -------------------------------------------------------------------------
CODE
  Segment part 31. NOT NEEDED.
           ENTRY                   ADDRESS         REF BY
           =====                   =======         ======
           emptystr                
               not allocated function
[...]
           strncmp                 00001B28 
           strnicmp                00001B58 
           memcpy                  00001B90        command (COMMAND)
                                                   un (COMMAND)
           movsw                   00001BDC 
           movsd                   00001BF8 
           memset                  00001C14        rundll (COMMAND)
           memsetw                 00001C6C 
           memsetd                 00001C8C 
           memmov                  00001CAC 
           iszero                  00001CD4 
    -------------------------------------------------------------------------
ELFBEGIN
  Relative segment, address: CODE_AREA 00000000, align: 0
  Segment part 1. ROOT.
           ENTRY                   ADDRESS         REF BY
           =====                   =======         ======
           ELF_BEGIN               00000000        Killer (COMMAND)




                ****************************************
                *                                      *
                *            MODULE SUMMARY            *
                *                                      *
                ****************************************

Module             CODE   DATA
------             ----   ----
                  (Rel)  (Rel)
COMMAND          48 782    280
  + shared           12
SWILIB                4
Swi                 800
N/A (alignment)
------           ------    ---
Total:           49 598    280


                ****************************************
                *                                      *
                *              CALL GRAPH              *
                *                                      *
                ****************************************

  ->Sub-tree of type: Indirectly called function tree that does not make
                    : indirect calls (Is not an interrupt and is not flagged
                    : as not overlayable)
                             CSTACK
    | Stack used (prev) :  00000000
  01  Killer
      | Stack used (prev) :  00000000
      | + function block  :  00000004
  <-Sub-tree of type: Indirectly called function tree that does not make
                    : indirect calls (Is not an interrupt and is not flagged
                    : as not overlayable)
    | Stack used          :  00000004


  ->Sub-tree of type: Indirectly called function tree that does not make
                    : indirect calls (Is not an interrupt and is not flagged
                    : as not overlayable)
                             CSTACK
    | Stack used (prev) :  00000000
  01  quit
      | Stack used (prev) :  00000000
      | + function block  :  00000000
  <-Sub-tree of type: Indirectly called function tree that does not make
                    : indirect calls (Is not an interrupt and is not flagged
                    : as not overlayable)
    | Stack used          :  00000000


  ->Sub-tree of type: Indirectly called function tree that does not make
                    : indirect calls (Is not an interrupt and is not flagged
                    : as not overlayable)
                             CSTACK
    | Stack used (prev) :  00000000
  01  empty
      | Stack used (prev) :  00000000
      | + function block  :  00000000
  <-Sub-tree of type: Indirectly called function tree that does not make
                    : indirect calls (Is not an interrupt and is not flagged
                    : as not overlayable)
    | Stack used          :  00000000


  ->Sub-tree of type: Indirectly called function tree that does not make
                    : indirect calls (Is not an interrupt and is not flagged
                    : as not overlayable)
                             CSTACK
    | Stack used (prev) :  00000000
  01  cls
      | Stack used (prev) :  00000000
      | + function block  :  00000004
  <-Sub-tree of type: Indirectly called function tree that does not make
                    : indirect calls (Is not an interrupt and is not flagged
                    : as not overlayable)
    | Stack used          :  00000004


  ->Sub-tree of type: Indirectly called function tree that does not make
                    : indirect calls (Is not an interrupt and is not flagged
                    : as not overlayable)
                             CSTACK
    | Stack used (prev) :  00000000
  01  echo
      | Stack used (prev) :  00000000
      | + function block  :  0000000C
  <-Sub-tree of type: Indirectly called function tree that does not make
                    : indirect calls (Is not an interrupt and is not flagged
                    : as not overlayable)
    | Stack used          :  0000000C


  ->Sub-tree of type: Indirectly called function tree that does not make
                    : indirect calls (Is not an interrupt and is not flagged
                    : as not overlayable)
                             CSTACK
    | Stack used (prev) :  00000000
  01  mem
      | Stack used (prev) :  00000000
      | + function block  :  00000014
  <-Sub-tree of type: Indirectly called function tree that does not make
                    : indirect calls (Is not an interrupt and is not flagged
                    : as not overlayable)
    | Stack used          :  00000014


  ->Sub-tree of type: Indirectly called function tree that does not make
                    : indirect calls (Is not an interrupt and is not flagged
                    : as not overlayable)
                             CSTACK
    | Stack used (prev) :  00000000
  01  date
      | Stack used (prev) :  00000000
      | + function block  :  0000001C
  <-Sub-tree of type: Indirectly called function tree that does not make
                    : indirect calls (Is not an interrupt and is not flagged
                    : as not overlayable)
    | Stack used          :  0000001C


  ->Sub-tree of type: Indirectly called function tree that does not make
                    : indirect calls (Is not an interrupt and is not flagged
                    : as not overlayable)
                             CSTACK
    | Stack used (prev) :  00000000
  01  time
      | Stack used (prev) :  00000000
      | + function block  :  00000018
  <-Sub-tree of type: Indirectly called function tree that does not make
                    : indirect calls (Is not an interrupt and is not flagged
                    : as not overlayable)
    | Stack used          :  00000018


  ->Sub-tree of type: Indirectly called function tree that does not make
                    : indirect calls (Is not an interrupt and is not flagged
                    : as not overlayable)
                             CSTACK
    | Stack used (prev) :  00000000
  01  md
      | Stack used (prev) :  00000000
      | + function block  :  0000000C
  <-Sub-tree of type: Indirectly called function tree that does not make
                    : indirect calls (Is not an interrupt and is not flagged
                    : as not overlayable)
    | Stack used          :  0000000C


  ->Sub-tree of type: Indirectly called function tree that does not make
                    : indirect calls (Is not an interrupt and is not flagged
                    : as not overlayable)
                             CSTACK
    | Stack used (prev) :  00000000
  01  rd
      | Stack used (prev) :  00000000
      | + function block  :  0000000C
  <-Sub-tree of type: Indirectly called function tree that does not make
                    : indirect calls (Is not an interrupt and is not flagged
                    : as not overlayable)
    | Stack used          :  0000000C


  ->Sub-tree of type: Indirectly called function tree that does not make
                    : indirect calls (Is not an interrupt and is not flagged
                    : as not overlayable)
                             CSTACK
    | Stack used (prev) :  00000000
  01  ver
      | Stack used (prev) :  00000000
      | + function block  :  00000004
  <-Sub-tree of type: Indirectly called function tree that does not make
                    : indirect calls (Is not an interrupt and is not flagged
                    : as not overlayable)
    | Stack used          :  00000004


  ->Sub-tree of type: Indirectly called function tree that does not make
                    : indirect calls (Is not an interrupt and is not flagged
                    : as not overlayable)
                             CSTACK
    | Stack used (prev) :  00000000
  01  setpath
      | Stack used (prev) :  00000000
      | + function block  :  00000008
  <-Sub-tree of type: Indirectly called function tree that does not make
                    : indirect calls (Is not an interrupt and is not flagged
                    : as not overlayable)
    | Stack used          :  00000008


  ->Sub-tree of type: Indirectly called function tree that does not make
                    : indirect calls (Is not an interrupt and is not flagged
                    : as not overlayable)
                             CSTACK
    | Stack used (prev) :  00000000
  01  ren
      | Stack used (prev) :  00000000
      | + function block  :  00000020
  <-Sub-tree of type: Indirectly called function tree that does not make
                    : indirect calls (Is not an interrupt and is not flagged
                    : as not overlayable)
    | Stack used          :  00000020


  ->Sub-tree of type: Indirectly called function tree that does not make
                    : indirect calls (Is not an interrupt and is not flagged
                    : as not overlayable)
                             CSTACK
    | Stack used (prev) :  00000000
  01  del
      | Stack used (prev) :  00000000
      | + function block  :  00000014
  <-Sub-tree of type: Indirectly called function tree that does not make
                    : indirect calls (Is not an interrupt and is not flagged
                    : as not overlayable)
    | Stack used          :  00000014


  ->Sub-tree of type: Indirectly called function tree that does not make
                    : indirect calls (Is not an interrupt and is not flagged
                    : as not overlayable)
                             CSTACK
    | Stack used (prev) :  00000000
  01  copy
      | Stack used (prev) :  00000000
      | + function block  :  00000014
  <-Sub-tree of type: Indirectly called function tree that does not make
                    : indirect calls (Is not an interrupt and is not flagged
                    : as not overlayable)
    | Stack used          :  00000014


  ->Sub-tree of type: Indirectly called function tree that does not make
                    : indirect calls (Is not an interrupt and is not flagged
                    : as not overlayable)
                             CSTACK
    | Stack used (prev) :  00000000
  01  type
      | Stack used (prev) :  00000000
      | + function block  :  00000014
  <-Sub-tree of type: Indirectly called function tree that does not make
                    : indirect calls (Is not an interrupt and is not flagged
                    : as not overlayable)
    | Stack used          :  00000014


  ->Sub-tree of type: Indirectly called function tree that does not make
                    : indirect calls (Is not an interrupt and is not flagged
                    : as not overlayable)
                             CSTACK
    | Stack used (prev) :  00000000
  01  sset
      | Stack used (prev) :  00000000
      | + function block  :  00000010
  <-Sub-tree of type: Indirectly called function tree that does not make
                    : indirect calls (Is not an interrupt and is not flagged
                    : as not overlayable)
    | Stack used          :  00000010


  ->Sub-tree of type: Indirectly called function tree that does not make
                    : indirect calls (Is not an interrupt and is not flagged
                    : as not overlayable)
                             CSTACK
    | Stack used (prev) :  00000000
  01  dir
      | Stack used (prev) :  00000000
      | + function block  :  0000002C
  <-Sub-tree of type: Indirectly called function tree that does not make
                    : indirect calls (Is not an interrupt and is not flagged
                    : as not overlayable)
    | Stack used          :  0000002C


  ->Sub-tree of type: Indirectly called function tree that does not make
                    : indirect calls (Is not an interrupt and is not flagged
                    : as not overlayable)
                             CSTACK
    | Stack used (prev) :  00000000
  01  cd
      | Stack used (prev) :  00000000
      | + function block  :  0000000C
  <-Sub-tree of type: Indirectly called function tree that does not make
                    : indirect calls (Is not an interrupt and is not flagged
                    : as not overlayable)
    | Stack used          :  0000000C


  ->Sub-tree of type: Function tree
                             CSTACK
    | Stack used (prev) :  0000002C
  01  striicmp
      | Stack used (prev) :  0000002C
      | + function block  :  00000000
  <-Sub-tree of type: Function tree
    | Stack used          :  0000002C


  ->Sub-tree of type: Function tree
                             CSTACK
    | Stack used (prev) :  0000002C
  01  print
      | Stack used (prev) :  0000002C
      | + function block  :  00000014
  <-Sub-tree of type: Function tree
    | Stack used          :  00000040


  ->Sub-tree of type: Function tree
                             CSTACK
    | Stack used (prev) :  00000040
  01  arg
      | Stack used (prev) :  00000040
      | + function block  :  00000000
  <-Sub-tree of type: Function tree
    | Stack used          :  00000040


  ->Sub-tree of type: Function tree
                             CSTACK
    | Stack used (prev) :  00000040
  01  rundll
      | Stack used (prev) :  00000040
      | + function block  :  00000034
  <-Sub-tree of type: Function tree
    | Stack used          :  00000074


  ->Sub-tree of type: Function tree
                             CSTACK
    | Stack used (prev) :  00000074
  01  isfile
      | Stack used (prev) :  00000074
      | + function block  :  0000000C
  <-Sub-tree of type: Function tree
    | Stack used          :  00000080


  ->Sub-tree of type: Function tree
                             CSTACK
    | Stack used (prev) :  00000080
  01  execelf
      | Stack used (prev) :  00000080
      | + function block  :  00000010
  <-Sub-tree of type: Function tree
    | Stack used          :  00000090


  ->Sub-tree of type: Function tree
                             CSTACK
    | Stack used (prev) :  00000090
  01  extnn
      | Stack used (prev) :  00000090
      | + function block  :  00000014
  <-Sub-tree of type: Function tree
    | Stack used          :  000000A4


  ->Sub-tree of type: Function tree
                             CSTACK
    | Stack used (prev) :  000000A4
  01  extn
      | Stack used (prev) :  000000A4
      | + function block  :  00000014
  <-Sub-tree of type: Function tree
    | Stack used          :  000000B8


  ->Sub-tree of type: Function tree
                             CSTACK
    | Stack used (prev) :  000000B8
  01  find
      | Stack used (prev) :  000000B8
      | + function block  :  00000020
  <-Sub-tree of type: Function tree
    | Stack used          :  000000D8


  ->Sub-tree of type: Function tree
                             CSTACK
    | Stack used (prev) :  000000D8
  01  par
      | Stack used (prev) :  000000D8
      | + function block  :  0000000C
  <-Sub-tree of type: Function tree
    | Stack used          :  000000E4


  ->Sub-tree of type: Function tree
                             CSTACK
    | Stack used (prev) :  000000E4
  01  copyxx
      | Stack used (prev) :  000000E4
      | + function block  :  0000002C
  <-Sub-tree of type: Function tree
    | Stack used          :  00000110


  ->Sub-tree of type: Function tree
                             CSTACK
    | Stack used (prev) :  00000110
  01  findall
      | Stack used (prev) :  00000110
      | + function block  :  00000010
  <-Sub-tree of type: Function tree
    | Stack used          :  00000120


  ->Sub-tree of type: Function tree
                             CSTACK
    | Stack used (prev) :  00000120
  01  gettype
      | Stack used (prev) :  00000120
      | + function block  :  00000010
  <-Sub-tree of type: Function tree
    | Stack used          :  00000130


  ->Sub-tree of type: Function tree
                             CSTACK
    | Stack used (prev) :  00000130
  01  command
      | Stack used (prev) :  00000130
      | + function block  :  00000024
  <-Sub-tree of type: Function tree
    | Stack used          :  00000154


  ->Sub-tree of type: Function tree
                             CSTACK
    | Stack used (prev) :  00000154
  01  exec
      | Stack used (prev) :  00000154
      | + function block  :  00000008
  <-Sub-tree of type: Function tree
    | Stack used          :  0000015C


  ->Sub-tree of type: Function tree
                             CSTACK
    | Stack used (prev) :  0000015C
  01  execbat
      | Stack used (prev) :  0000015C
      | + function block  :  00000020
  <-Sub-tree of type: Function tree
    | Stack used          :  0000017C


  ->Sub-tree of type: Function tree
                             CSTACK
    | Stack used (prev) :  0000017C
  01  main
      | Stack used (prev) :  0000017C
      | + function block  :  00000040
  <-Sub-tree of type: Function tree
    | Stack used          :  000001BC


  ->Sub-tree of type: Function tree
                             CSTACK
    | Stack used (prev) :  000001BC
  01  cr
      | Stack used (prev) :  000001BC
      | + function block  :  00000000
  <-Sub-tree of type: Function tree
    | Stack used          :  000001BC


  ->Sub-tree of type: Function tree
                             CSTACK
    | Stack used (prev) :  000001BC
  01  un
      | Stack used (prev) :  000001BC
      | + function block  :  00000010
  <-Sub-tree of type: Function tree
    | Stack used          :  000001CC




                ****************************************
                *                                      *
                *      SEGMENTS IN ADDRESS ORDER       *
                *                                      *
                ****************************************


SEGMENT              SPACE    START ADDRESS   END ADDRESS     SIZE  TYPE  ALIGN
=======              =====    =============   ===========     ====  ====  =====
ELFBEGIN             CODE_AREA           00000000                     rel    0
DATA_ID              CODE_AREA      00000000 - 00000117         118   rel    2
START                CODE_AREA           00000118                     dse    0
CODE                 CODE_AREA      00000118 - 00001CF3        1BDC   rel    2
DATA_C               CODE_AREA      00001CF4 - 00001F3F         24C   rel    2
INITTAB              CODE_AREA      00001F40 - 00001F57          18   rel    2
DATA_Z               CODE_AREA      00001F58 - 0000C1BD        A266   rel    2
DATA_I               DATA_AREA      00000000 - 00000117         118   rel    2

                ****************************************
                *                                      *
                *        END OF CROSS REFERENCE        *
                *                                      *
                ****************************************

 49 598 bytes of CODE memory
    280 bytes of DATA memory

Errors: none
Warnings: none

