################################################################################
#                                                                              #
#      IAR Universal Linker V4.60I/386                                         #
#                                                                              #
#           Link time     =  10/Feb/2012  14:48:23                             #
#           Target CPU    =  ARM                                               #
#           List file     =  D:\SVN\SieELF\SieELF\ScrTool2\Release_ELKA\List\S #
#                            crTool_elka.map                                   #
#           Output file 1 =  D:\SVN\SieELF\SieELF\ScrTool2\Output\ScrTool_elka #
#                            .elf                                              #
#                            Format: elf, variant: -ynpra                      #
#           Command line  =  D:\SVN\SieELF\SieELF\ScrTool2\Release_ELKA\Obj\co #
#                            nf_loader.r79                                     #
#                            D:\SVN\SieELF\SieELF\ScrTool2\Release_ELKA\Obj\co #
#                            nfig_data.r79                                     #
#                            D:\SVN\SieELF\SieELF\ScrTool2\Release_ELKA\Obj\fu #
#                            nc.r79                                            #
#                            D:\SVN\SieELF\SieELF\ScrTool2\Release_ELKA\Obj\ma #
#                            in.r79                                            #
#                            -o                                                #
#                            D:\SVN\SieELF\SieELF\ScrTool2\Output\ScrTool_elka #
#                            .elf                                              #
#                            -Felf -l                                          #
#                            D:\SVN\SieELF\SieELF\ScrTool2\Release_ELKA\List\S #
#                            crTool_elka.map                                   #
#                            -xmsnio                                           #
#                            "-ID:\Program Files\IAR\Embedded Workbench 4.0 Ev #
#                            aluation\ARM\LIB\"                                #
#                            -f D:\SVN\SieELF\SieELF\ScrTool2\test.xcl         #
#                            (-carm -V(CODE)CODE_AREA,12                       #
#                            -V(DATA)DATA_AREA,12                              #
#                            -Z(CODE_AREA)ELFBEGIN,DATA_ID,START,CODE,DATA_C,I #
#                            NITTAB,DATA_Z,DATA_N,CONFIG_C=0-FFFFFFFF          #
#                            -Z(DATA_AREA)DATA_I=0-FFFFFFFF) -ynpra            #
#                            "D:\Program Files\IAR\Embedded Workbench 4.0 Eval #
#                            uation\ARM\LIB\dl5tpainl8n.r79"                   #
#                            -s main                                           #
#                                                                              #
#                        Copyright 1987-2007 IAR Systems. All rights reserved. #
################################################################################





                ****************************************
                *                                      *
                *           CROSS REFERENCE            *
                *                                      *
                ****************************************

       Program entry at : CODE_AREA 00003934  Relocatable, from module : main




                ****************************************
                *                                      *
                *            RUNTIME MODEL             *
                *                                      *
                ****************************************

  StackAlign4  = USED
  StackAlign8  = USED
  __cpu_mode   = __pcs__interwork
  __data_model = absolute
  __endian     = little
  __rt_version = 6



                ****************************************
                *                                      *
                *              MODULE MAP              *
                *                                      *
                ****************************************


  DEFINED ABSOLUTE ENTRIES
    *************************************************************************

  DEFINED ABSOLUTE ENTRIES
    *************************************************************************

  FILE NAME : D:\SVN\SieELF\SieELF\ScrTool2\Release_ELKA\Obj\conf_loader.r79
  PROGRAM MODULE, NAME : conf_loader

  SEGMENTS IN THE MODULE
  ======================
DATA_I
  Relative segment, address: DATA_AREA 00000000 - 00000003 (0x4 bytes), align: 2
  Segment part 4.             Intra module refs:   LoadConfigData
           ENTRY                   ADDRESS         REF BY
           =====                   =======         ======
           cfn                     00000000        Segment part 120 (main)
    -------------------------------------------------------------------------
CODE
  Segment part 6. NOT NEEDED.
    -------------------------------------------------------------------------
CODE
  Relative segment, address: CODE_AREA 000002F4 - 000003EF (0xfc bytes), align: 2
  Segment part 7.             Intra module refs:   InitConfig
           ENTRY                   ADDRESS         REF BY
           =====                   =======         ======
           LoadConfigData          000002F4 
               stack 1 = 00000000 ( 00000024 )
    -------------------------------------------------------------------------
CODE
  Segment part 8. NOT NEEDED.
    -------------------------------------------------------------------------
CODE
  Relative segment, address: CODE_AREA 000003F0 - 00000417 (0x28 bytes), align: 2
  Segment part 9.
           ENTRY                   ADDRESS         REF BY
           =====                   =======         ======
           InitConfig              000003F0        DaemonOnMessage (main)
                                                   main (main)
               stack 1 = 00000000 ( 00000008 )
    -------------------------------------------------------------------------
CSTACK
  Segment part 1. NOT NEEDED.
    -------------------------------------------------------------------------
DATA_ID
  Relative segment, address: CODE_AREA 00000000 - 00000003 (0x4 bytes), align: 2
  Segment part 5.             Intra module refs:   cfn
    -------------------------------------------------------------------------
DATA_ID
  Segment part 10. NOT NEEDED.
           ENTRY                   ADDRESS         REF BY
           =====                   =======         ======
           ?*?DATA_ID              
    -------------------------------------------------------------------------
INITTAB
  Relative segment, address: CODE_AREA 00004780 - 0000478B (0xc bytes), align: 2
  Segment part 11. ROOT.
           ENTRY                   ADDRESS         REF BY
           =====                   =======         ======
           ?init?tab?DATA_I        00004780 
    -------------------------------------------------------------------------
CONFIG_C
  Segment part 12. NOT NEEDED.
    -------------------------------------------------------------------------
DATA_C
  Relative segment, address: CODE_AREA 0000477C - 0000477C (0x1 bytes), align: 0
  Segment part 2.             Intra module refs:   Segment part 5
    -------------------------------------------------------------------------
DATA_C
  Relative segment, address: CODE_AREA 00003D04 - 00003D3B (0x38 bytes), align: 2
  Segment part 3.             Intra module refs:   InitConfig

    *************************************************************************

  FILE NAME : D:\SVN\SieELF\SieELF\ScrTool2\Release_ELKA\Obj\config_data.r79
  PROGRAM MODULE, NAME : config_data

  SEGMENTS IN THE MODULE
  ======================
CONFIG_C
  Relative segment, address: CODE_AREA 0000492C - 00004957 (0x2c bytes), align: 2
  Segment part 2. ROOT.
           ENTRY                   ADDRESS         REF BY
           =====                   =======         ======
           cfghdr0                 0000492C        LoadConfigData (conf_loader)
    -------------------------------------------------------------------------
CONFIG_C
  Relative segment, address: CODE_AREA 00004958 - 0000495B (0x4 bytes), align: 2
  Segment part 3. ROOT.
           ENTRY                   ADDRESS         REF BY
           =====                   =======         ======
           TASK_ENA                00004958        Segment part 135 (main)
                                                   Segment part 93 (main)
    -------------------------------------------------------------------------
CONFIG_C
  Relative segment, address: CODE_AREA 0000495C - 00004987 (0x2c bytes), align: 2
  Segment part 4. ROOT.
           ENTRY                   ADDRESS         REF BY
           =====                   =======         ======
           SCR11                   0000495C 
    -------------------------------------------------------------------------
CONFIG_C
  Relative segment, address: CODE_AREA 00004988 - 000049B3 (0x2c bytes), align: 2
  Segment part 5. ROOT.
           ENTRY                   ADDRESS         REF BY
           =====                   =======         ======
           SCR1_1                  00004988 
    -------------------------------------------------------------------------
CONFIG_C
  Relative segment, address: CODE_AREA 000049B4 - 000049B7 (0x4 bytes), align: 2
  Segment part 6. ROOT.
           ENTRY                   ADDRESS         REF BY
           =====                   =======         ======
           TEXT_ENA                000049B4        InitShow (main)
    -------------------------------------------------------------------------
CONFIG_C
  Relative segment, address: CODE_AREA 000049B8 - 000049E3 (0x2c bytes), align: 2
  Segment part 7. ROOT.
           ENTRY                   ADDRESS         REF BY
           =====                   =======         ======
           SCR1_3                  000049B8 
    -------------------------------------------------------------------------
CONFIG_C
  Relative segment, address: CODE_AREA 000049E4 - 00004A03 (0x20 bytes), align: 2
  Segment part 8. ROOT.
           ENTRY                   ADDRESS         REF BY
           =====                   =======         ======
           TEXT_CP                 000049E4        InitScreen (main)
    -------------------------------------------------------------------------
CONFIG_C
  Relative segment, address: CODE_AREA 00004A04 - 00004A2F (0x2c bytes), align: 2
  Segment part 9. ROOT.
           ENTRY                   ADDRESS         REF BY
           =====                   =======         ======
           SCR1_2                  00004A04 
    -------------------------------------------------------------------------
CONFIG_C
  Relative segment, address: CODE_AREA 00004A30 - 00004A33 (0x4 bytes), align: 2
  Segment part 10. ROOT.
           ENTRY                   ADDRESS         REF BY
           =====                   =======         ======
           TEXT_X                  00004A30        InitScreen (main)
    -------------------------------------------------------------------------
CONFIG_C
  Relative segment, address: CODE_AREA 00004A34 - 00004A37 (0x4 bytes), align: 2
  Segment part 11. ROOT.
           ENTRY                   ADDRESS         REF BY
           =====                   =======         ======
           TEXT_Y                  00004A34        InitScreen (main)
    -------------------------------------------------------------------------
CONFIG_C
  Relative segment, address: CODE_AREA 00004A38 - 00004A63 (0x2c bytes), align: 2
  Segment part 12. ROOT.
           ENTRY                   ADDRESS         REF BY
           =====                   =======         ======
           SCR1_4                  00004A38 
    -------------------------------------------------------------------------
CONFIG_C
  Relative segment, address: CODE_AREA 00004A64 - 00004A67 (0x4 bytes), align: 2
  Segment part 13. ROOT.
           ENTRY                   ADDRESS         REF BY
           =====                   =======         ======
           TEXT_CS                 00004A64        InitShow (main)
    -------------------------------------------------------------------------
CONFIG_C
  Relative segment, address: CODE_AREA 00004A68 - 00004A93 (0x2c bytes), align: 2
  Segment part 14. ROOT.
           ENTRY                   ADDRESS         REF BY
           =====                   =======         ======
           SCR1_5                  00004A68 
    -------------------------------------------------------------------------
CONFIG_C
  Relative segment, address: CODE_AREA 00004A94 - 00004A97 (0x4 bytes), align: 2
  Segment part 15. ROOT.
           ENTRY                   ADDRESS         REF BY
           =====                   =======         ======
           TEXT_CB                 00004A94        InitShow (main)
    -------------------------------------------------------------------------
CONFIG_C
  Relative segment, address: CODE_AREA 00004A98 - 00004AC3 (0x2c bytes), align: 2
  Segment part 16. ROOT.
           ENTRY                   ADDRESS         REF BY
           =====                   =======         ======
           SCR1_6                  00004A98 
    -------------------------------------------------------------------------
CONFIG_C
  Relative segment, address: CODE_AREA 00004AC4 - 00004AC7 (0x4 bytes), align: 2
  Segment part 17. ROOT.
           ENTRY                   ADDRESS         REF BY
           =====                   =======         ======
           TEXT_T                  00004AC4        InitShow (main)
    -------------------------------------------------------------------------
CONFIG_C
  Relative segment, address: CODE_AREA 00004AC8 - 00004AF3 (0x2c bytes), align: 2
  Segment part 18. ROOT.
           ENTRY                   ADDRESS         REF BY
           =====                   =======         ======
           SCR1_7                  00004AC8 
    -------------------------------------------------------------------------
CONFIG_C
  Relative segment, address: CODE_AREA 00004AF4 - 00004AF7 (0x4 bytes), align: 2
  Segment part 19. ROOT.
           ENTRY                   ADDRESS         REF BY
           =====                   =======         ======
           TEXT_FT                 00004AF4        InitShow (main)
    -------------------------------------------------------------------------
CONFIG_C
  Relative segment, address: CODE_AREA 00004AF8 - 00004B23 (0x2c bytes), align: 2
  Segment part 20. ROOT.
           ENTRY                   ADDRESS         REF BY
           =====                   =======         ======
           SCR10                   00004AF8 
    -------------------------------------------------------------------------
CONFIG_C
  Relative segment, address: CODE_AREA 00004B24 - 00004B4F (0x2c bytes), align: 2
  Segment part 21. ROOT.
           ENTRY                   ADDRESS         REF BY
           =====                   =======         ======
           mBAR1                   00004B24 
    -------------------------------------------------------------------------
CONFIG_C
  Relative segment, address: CODE_AREA 00004B50 - 00004B7B (0x2c bytes), align: 2
  Segment part 22. ROOT.
           ENTRY                   ADDRESS         REF BY
           =====                   =======         ======
           BAR_0                   00004B50 
    -------------------------------------------------------------------------
CONFIG_C
  Relative segment, address: CODE_AREA 00004B7C - 00004B7F (0x4 bytes), align: 2
  Segment part 23. ROOT.
           ENTRY                   ADDRESS         REF BY
           =====                   =======         ======
           DEST_ENA                00004B7C        DrawGUI (main)
    -------------------------------------------------------------------------
CONFIG_C
  Relative segment, address: CODE_AREA 00004B80 - 00004BAB (0x2c bytes), align: 2
  Segment part 24. ROOT.
           ENTRY                   ADDRESS         REF BY
           =====                   =======         ======
           SCR                     00004B80 
    -------------------------------------------------------------------------
CONFIG_C
  Relative segment, address: CODE_AREA 00004BAC - 00004BAF (0x4 bytes), align: 2
  Segment part 25. ROOT.
           ENTRY                   ADDRESS         REF BY
           =====                   =======         ======
           INFO_ENA                00004BAC        DaemonOnMessage (main)
    -------------------------------------------------------------------------
CONFIG_C
  Relative segment, address: CODE_AREA 00004BB0 - 00004C2F (0x80 bytes), align: 2
  Segment part 26. ROOT.
           ENTRY                   ADDRESS         REF BY
           =====                   =======         ======
           BOX01                   00004BB0 
    -------------------------------------------------------------------------
CONFIG_C
  Relative segment, address: CODE_AREA 00004C30 - 00004C5B (0x2c bytes), align: 2
  Segment part 27. ROOT.
           ENTRY                   ADDRESS         REF BY
           =====                   =======         ======
           BAR_3                   00004C30 
    -------------------------------------------------------------------------
CONFIG_C
  Relative segment, address: CODE_AREA 00004C5C - 00004C5F (0x4 bytes), align: 2
  Segment part 28. ROOT.
           ENTRY                   ADDRESS         REF BY
           =====                   =======         ======
           CALL_BTN                00004C5C        Segment part 115 (main)
    -------------------------------------------------------------------------
CONFIG_C
  Relative segment, address: CODE_AREA 00004C60 - 00004D3F (0xe0 bytes), align: 2
  Segment part 29. ROOT.
           ENTRY                   ADDRESS         REF BY
           =====                   =======         ======
           BOX02                   00004C60 
    -------------------------------------------------------------------------
CONFIG_C
  Relative segment, address: CODE_AREA 00004D40 - 00004D6B (0x2c bytes), align: 2
  Segment part 30. ROOT.
           ENTRY                   ADDRESS         REF BY
           =====                   =======         ======
           BAR_1                   00004D40 
    -------------------------------------------------------------------------
CONFIG_C
  Relative segment, address: CODE_AREA 00004D6C - 00004D6F (0x4 bytes), align: 2
  Segment part 31. ROOT.
           ENTRY                   ADDRESS         REF BY
           =====                   =======         ======
           REFRESH                 00004D6C        DaemonOnMessage (main)
    -------------------------------------------------------------------------
CONFIG_C
  Relative segment, address: CODE_AREA 00004D70 - 00004D9B (0x2c bytes), align: 2
  Segment part 32. ROOT.
           ENTRY                   ADDRESS         REF BY
           =====                   =======         ======
           BAR_2                   00004D70 
    -------------------------------------------------------------------------
CONFIG_C
  Relative segment, address: CODE_AREA 00004D9C - 00004D9F (0x4 bytes), align: 2
  Segment part 33. ROOT.
           ENTRY                   ADDRESS         REF BY
           =====                   =======         ======
           AUTO_CLOSE              00004D9C        DrawGUI (main)
    -------------------------------------------------------------------------
CONFIG_C
  Relative segment, address: CODE_AREA 00004DA0 - 00004DCB (0x2c bytes), align: 2
  Segment part 34. ROOT.
           ENTRY                   ADDRESS         REF BY
           =====                   =======         ======
           BAR_5                   00004DA0 
    -------------------------------------------------------------------------
CONFIG_C
  Relative segment, address: CODE_AREA 00004DCC - 00004DCF (0x4 bytes), align: 2
  Segment part 35. ROOT.
           ENTRY                   ADDRESS         REF BY
           =====                   =======         ======
           MODE_KBD                00004DCC        DaemonKeyHook (main)
    -------------------------------------------------------------------------
CONFIG_C
  Relative segment, address: CODE_AREA 00004DD0 - 00004E2F (0x60 bytes), align: 2
  Segment part 36. ROOT.
           ENTRY                   ADDRESS         REF BY
           =====                   =======         ======
           BOX03                   00004DD0 
    -------------------------------------------------------------------------
CONFIG_C
  Relative segment, address: CODE_AREA 00004E30 - 00004E5B (0x2c bytes), align: 2
  Segment part 37. ROOT.
           ENTRY                   ADDRESS         REF BY
           =====                   =======         ======
           BAR_7                   00004E30 
    -------------------------------------------------------------------------
CONFIG_C
  Relative segment, address: CODE_AREA 00004E5C - 00004E5F (0x4 bytes), align: 2
  Segment part 38. ROOT.
           ENTRY                   ADDRESS         REF BY
           =====                   =======         ======
           OFFSET                  00004E5C        DrawGUI (main)
    -------------------------------------------------------------------------
CONFIG_C
  Relative segment, address: CODE_AREA 00004E60 - 00004E8B (0x2c bytes), align: 2
  Segment part 39. ROOT.
           ENTRY                   ADDRESS         REF BY
           =====                   =======         ======
           PSize                   00004E60 
    -------------------------------------------------------------------------
CONFIG_C
  Relative segment, address: CODE_AREA 00004E8C - 00004E8F (0x4 bytes), align: 2
  Segment part 40. ROOT.
           ENTRY                   ADDRESS         REF BY
           =====                   =======         ======
           PicSize                 00004E8C        DrawGUI (main)
    -------------------------------------------------------------------------
CONFIG_C
  Relative segment, address: CODE_AREA 00004E90 - 00004EBB (0x2c bytes), align: 2
  Segment part 41. ROOT.
           ENTRY                   ADDRESS         REF BY
           =====                   =======         ======
           BAR_8                   00004E90 
    -------------------------------------------------------------------------
CONFIG_C
  Relative segment, address: CODE_AREA 00004EBC - 00004EBF (0x4 bytes), align: 2
  Segment part 42. ROOT.
           ENTRY                   ADDRESS         REF BY
           =====                   =======         ======
           ATEXT_CS                00004EBC        DrawGUI (main)
    -------------------------------------------------------------------------
CONFIG_C
  Relative segment, address: CODE_AREA 00004EC0 - 00004EEB (0x2c bytes), align: 2
  Segment part 43. ROOT.
           ENTRY                   ADDRESS         REF BY
           =====                   =======         ======
           BAR_9                   00004EC0 
    -------------------------------------------------------------------------
CONFIG_C
  Relative segment, address: CODE_AREA 00004EEC - 00004EEF (0x4 bytes), align: 2
  Segment part 44. ROOT.
           ENTRY                   ADDRESS         REF BY
           =====                   =======         ======
           ATEXT_FT                00004EEC        DrawGUI (main)
    -------------------------------------------------------------------------
CONFIG_C
  Relative segment, address: CODE_AREA 00004EF0 - 00004F1B (0x2c bytes), align: 2
  Segment part 45. ROOT.
           ENTRY                   ADDRESS         REF BY
           =====                   =======         ======
           BAR_A                   00004EF0 
    -------------------------------------------------------------------------
CONFIG_C
  Relative segment, address: CODE_AREA 00004F1C - 00004F1F (0x4 bytes), align: 2
  Segment part 46. ROOT.
           ENTRY                   ADDRESS         REF BY
           =====                   =======         ======
           PBDCol                  00004F1C        DrawGUI (main)
    -------------------------------------------------------------------------
CONFIG_C
  Relative segment, address: CODE_AREA 00004F20 - 00004F4B (0x2c bytes), align: 2
  Segment part 47. ROOT.
           ENTRY                   ADDRESS         REF BY
           =====                   =======         ======
           BAR_B                   00004F20 
    -------------------------------------------------------------------------
CONFIG_C
  Relative segment, address: CODE_AREA 00004F4C - 00004F4F (0x4 bytes), align: 2
  Segment part 48. ROOT.
           ENTRY                   ADDRESS         REF BY
           =====                   =======         ======
           PBGCol                  00004F4C        DrawGUI (main)
    -------------------------------------------------------------------------
CONFIG_C
  Relative segment, address: CODE_AREA 00004F50 - 00004F7B (0x2c bytes), align: 2
  Segment part 49. ROOT.
           ENTRY                   ADDRESS         REF BY
           =====                   =======         ======
           BAR_C                   00004F50 
    -------------------------------------------------------------------------
CONFIG_C
  Relative segment, address: CODE_AREA 00004F7C - 00004F7F (0x4 bytes), align: 2
  Segment part 50. ROOT.
           ENTRY                   ADDRESS         REF BY
           =====                   =======         ======
           BBDCol                  00004F7C        DrawGUI (main)
    -------------------------------------------------------------------------
CONFIG_C
  Relative segment, address: CODE_AREA 00004F80 - 00004FAB (0x2c bytes), align: 2
  Segment part 51. ROOT.
           ENTRY                   ADDRESS         REF BY
           =====                   =======         ======
           BAR_J                   00004F80 
    -------------------------------------------------------------------------
CONFIG_C
  Relative segment, address: CODE_AREA 00004FAC - 00004FAF (0x4 bytes), align: 2
  Segment part 52. ROOT.
           ENTRY                   ADDRESS         REF BY
           =====                   =======         ======
           SHOW_EXT                00004FAC        FindBCFGFile (main)
    -------------------------------------------------------------------------
CONFIG_C
  Relative segment, address: CODE_AREA 00004FB0 - 00004FDB (0x2c bytes), align: 2
  Segment part 53. ROOT.
           ENTRY                   ADDRESS         REF BY
           =====                   =======         ======
           mBAR0                   00004FB0 
    -------------------------------------------------------------------------
CONFIG_C
  Relative segment, address: CODE_AREA 00004FDC - 00005007 (0x2c bytes), align: 2
  Segment part 54. ROOT.
           ENTRY                   ADDRESS         REF BY
           =====                   =======         ======
           mMENU1                  00004FDC 
    -------------------------------------------------------------------------
CONFIG_C
  Relative segment, address: CODE_AREA 00005008 - 00005033 (0x2c bytes), align: 2
  Segment part 55. ROOT.
           ENTRY                   ADDRESS         REF BY
           =====                   =======         ======
           BAR_I                   00005008 
    -------------------------------------------------------------------------
CONFIG_C
  Relative segment, address: CODE_AREA 00005034 - 00005067 (0x34 bytes), align: 2
  Segment part 56. ROOT.
           ENTRY                   ADDRESS         REF BY
           =====                   =======         ======
           AITO                    00005034        InitMenu (main)
    -------------------------------------------------------------------------
CONFIG_C
  Relative segment, address: CODE_AREA 00005068 - 00005093 (0x2c bytes), align: 2
  Segment part 57. ROOT.
           ENTRY                   ADDRESS         REF BY
           =====                   =======         ======
           BAR_H                   00005068 
    -------------------------------------------------------------------------
CONFIG_C
  Relative segment, address: CODE_AREA 00005094 - 000050C7 (0x34 bytes), align: 2
  Segment part 58. ROOT.
           ENTRY                   ADDRESS         REF BY
           =====                   =======         ======
           AIRT                    00005094        InitMenu (main)
    -------------------------------------------------------------------------
CONFIG_C
  Relative segment, address: CODE_AREA 000050C8 - 000050F3 (0x2c bytes), align: 2
  Segment part 59. ROOT.
           ENTRY                   ADDRESS         REF BY
           =====                   =======         ======
           BAR_G                   000050C8 
    -------------------------------------------------------------------------
CONFIG_C
  Relative segment, address: CODE_AREA 000050F4 - 00005127 (0x34 bytes), align: 2
  Segment part 60. ROOT.
           ENTRY                   ADDRESS         REF BY
           =====                   =======         ======
           AILK                    000050F4        InitMenu (main)
    -------------------------------------------------------------------------
CONFIG_C
  Relative segment, address: CODE_AREA 00005128 - 00005153 (0x2c bytes), align: 2
  Segment part 61. ROOT.
           ENTRY                   ADDRESS         REF BY
           =====                   =======         ======
           BAR_E                   00005128 
    -------------------------------------------------------------------------
CONFIG_C
  Relative segment, address: CODE_AREA 00005154 - 00005187 (0x34 bytes), align: 2
  Segment part 62. ROOT.
           ENTRY                   ADDRESS         REF BY
           =====                   =======         ======
           AIST                    00005154        InitMenu (main)
    -------------------------------------------------------------------------
CONFIG_C
  Relative segment, address: CODE_AREA 00005188 - 000051B3 (0x2c bytes), align: 2
  Segment part 63. ROOT.
           ENTRY                   ADDRESS         REF BY
           =====                   =======         ======
           BAR_F                   00005188 
    -------------------------------------------------------------------------
CONFIG_C
  Relative segment, address: CODE_AREA 000051B4 - 000051E7 (0x34 bytes), align: 2
  Segment part 64. ROOT.
           ENTRY                   ADDRESS         REF BY
           =====                   =======         ======
           AINO                    000051B4        DrawGUI (main)
    -------------------------------------------------------------------------
CONFIG_C
  Relative segment, address: CODE_AREA 000051E8 - 00005213 (0x2c bytes), align: 2
  Segment part 65. ROOT.
           ENTRY                   ADDRESS         REF BY
           =====                   =======         ======
           mMENU0                  000051E8 
    -------------------------------------------------------------------------
CONFIG_C
  Relative segment, address: CODE_AREA 00005214 - 0000523F (0x2c bytes), align: 2
  Segment part 66. ROOT.
           ENTRY                   ADDRESS         REF BY
           =====                   =======         ======
           mAPP1                   00005214 
    -------------------------------------------------------------------------
CONFIG_C
  Relative segment, address: CODE_AREA 00005240 - 0000526B (0x2c bytes), align: 2
  Segment part 67. ROOT.
           ENTRY                   ADDRESS         REF BY
           =====                   =======         ======
           mA041                   00005240 
    -------------------------------------------------------------------------
CONFIG_C
  Relative segment, address: CODE_AREA 0000526C - 00005297 (0x2c bytes), align: 2
  Segment part 68. ROOT.
           ENTRY                   ADDRESS         REF BY
           =====                   =======         ======
           A04_4                   0000526C 
    -------------------------------------------------------------------------
CONFIG_C
  Relative segment, address: CODE_AREA 00005298 - 0000529B (0x4 bytes), align: 2
  Segment part 69. ROOT.
           ENTRY                   ADDRESS         REF BY
           =====                   =======         ======
           AT04                    00005298        InitMenu (main)
    -------------------------------------------------------------------------
CONFIG_C
  Relative segment, address: CODE_AREA 0000529C - 0000531B (0x80 bytes), align: 2
  Segment part 70. ROOT.
           ENTRY                   ADDRESS         REF BY
           =====                   =======         ======
           BOX05                   0000529C 
    -------------------------------------------------------------------------
CONFIG_C
  Relative segment, address: CODE_AREA 0000531C - 00005347 (0x2c bytes), align: 2
  Segment part 71. ROOT.
           ENTRY                   ADDRESS         REF BY
           =====                   =======         ======
           A04_1                   0000531C 
    -------------------------------------------------------------------------
CONFIG_C
  Relative segment, address: CODE_AREA 00005348 - 00005367 (0x20 bytes), align: 2
  Segment part 72. ROOT.
           ENTRY                   ADDRESS         REF BY
           =====                   =======         ======
           AN04                    00005348        InitMenu (main)
    -------------------------------------------------------------------------
CONFIG_C
  Relative segment, address: CODE_AREA 00005368 - 00005393 (0x2c bytes), align: 2
  Segment part 73. ROOT.
           ENTRY                   ADDRESS         REF BY
           =====                   =======         ======
           A04_2                   00005368 
    -------------------------------------------------------------------------
CONFIG_C
  Relative segment, address: CODE_AREA 00005394 - 000053C7 (0x34 bytes), align: 2
  Segment part 74. ROOT.
           ENTRY                   ADDRESS         REF BY
           =====                   =======         ======
           AI04                    00005394        InitMenu (main)
    -------------------------------------------------------------------------
CONFIG_C
  Relative segment, address: CODE_AREA 000053C8 - 000053F3 (0x2c bytes), align: 2
  Segment part 75. ROOT.
           ENTRY                   ADDRESS         REF BY
           =====                   =======         ======
           A04_3                   000053C8 
    -------------------------------------------------------------------------
CONFIG_C
  Relative segment, address: CODE_AREA 000053F4 - 00005427 (0x34 bytes), align: 2
  Segment part 76. ROOT.
           ENTRY                   ADDRESS         REF BY
           =====                   =======         ======
           AF04                    000053F4        InitMenu (main)
    -------------------------------------------------------------------------
CONFIG_C
  Relative segment, address: CODE_AREA 00005428 - 00005453 (0x2c bytes), align: 2
  Segment part 77. ROOT.
           ENTRY                   ADDRESS         REF BY
           =====                   =======         ======
           mA040                   00005428 
    -------------------------------------------------------------------------
CONFIG_C
  Relative segment, address: CODE_AREA 00005454 - 0000547F (0x2c bytes), align: 2
  Segment part 78. ROOT.
           ENTRY                   ADDRESS         REF BY
           =====                   =======         ======
           mA051                   00005454 
    -------------------------------------------------------------------------
CONFIG_C
  Relative segment, address: CODE_AREA 00005480 - 000054AB (0x2c bytes), align: 2
  Segment part 79. ROOT.
           ENTRY                   ADDRESS         REF BY
           =====                   =======         ======
           A05_4                   00005480 
    -------------------------------------------------------------------------
CONFIG_C
  Relative segment, address: CODE_AREA 000054AC - 000054AF (0x4 bytes), align: 2
  Segment part 80. ROOT.
           ENTRY                   ADDRESS         REF BY
           =====                   =======         ======
           AT05                    000054AC        InitMenu (main)
    -------------------------------------------------------------------------
CONFIG_C
  Relative segment, address: CODE_AREA 000054B0 - 0000552F (0x80 bytes), align: 2
  Segment part 81. ROOT.
           ENTRY                   ADDRESS         REF BY
           =====                   =======         ======
           BOX06                   000054B0 
    -------------------------------------------------------------------------
CONFIG_C
  Relative segment, address: CODE_AREA 00005530 - 0000555B (0x2c bytes), align: 2
  Segment part 82. ROOT.
           ENTRY                   ADDRESS         REF BY
           =====                   =======         ======
           A05_1                   00005530 
    -------------------------------------------------------------------------
CONFIG_C
  Relative segment, address: CODE_AREA 0000555C - 0000557B (0x20 bytes), align: 2
  Segment part 83. ROOT.
           ENTRY                   ADDRESS         REF BY
           =====                   =======         ======
           AN05                    0000555C        InitMenu (main)
    -------------------------------------------------------------------------
CONFIG_C
  Relative segment, address: CODE_AREA 0000557C - 000055A7 (0x2c bytes), align: 2
  Segment part 84. ROOT.
           ENTRY                   ADDRESS         REF BY
           =====                   =======         ======
           A05_2                   0000557C 
    -------------------------------------------------------------------------
CONFIG_C
  Relative segment, address: CODE_AREA 000055A8 - 000055DB (0x34 bytes), align: 2
  Segment part 85. ROOT.
           ENTRY                   ADDRESS         REF BY
           =====                   =======         ======
           AI05                    000055A8        InitMenu (main)
    -------------------------------------------------------------------------
CONFIG_C
  Relative segment, address: CODE_AREA 000055DC - 00005607 (0x2c bytes), align: 2
  Segment part 86. ROOT.
           ENTRY                   ADDRESS         REF BY
           =====                   =======         ======
           A05_3                   000055DC 
    -------------------------------------------------------------------------
CONFIG_C
  Relative segment, address: CODE_AREA 00005608 - 0000563B (0x34 bytes), align: 2
  Segment part 87. ROOT.
           ENTRY                   ADDRESS         REF BY
           =====                   =======         ======
           AF05                    00005608        InitMenu (main)
    -------------------------------------------------------------------------
CONFIG_C
  Relative segment, address: CODE_AREA 0000563C - 00005667 (0x2c bytes), align: 2
  Segment part 88. ROOT.
           ENTRY                   ADDRESS         REF BY
           =====                   =======         ======
           mA050                   0000563C 
    -------------------------------------------------------------------------
CONFIG_C
  Relative segment, address: CODE_AREA 00005668 - 00005693 (0x2c bytes), align: 2
  Segment part 89. ROOT.
           ENTRY                   ADDRESS         REF BY
           =====                   =======         ======
           mA061                   00005668 
    -------------------------------------------------------------------------
CONFIG_C
  Relative segment, address: CODE_AREA 00005694 - 000056BF (0x2c bytes), align: 2
  Segment part 90. ROOT.
           ENTRY                   ADDRESS         REF BY
           =====                   =======         ======
           A06_4                   00005694 
    -------------------------------------------------------------------------
CONFIG_C
  Relative segment, address: CODE_AREA 000056C0 - 000056C3 (0x4 bytes), align: 2
  Segment part 91. ROOT.
           ENTRY                   ADDRESS         REF BY
           =====                   =======         ======
           AT06                    000056C0        InitMenu (main)
    -------------------------------------------------------------------------
CONFIG_C
  Relative segment, address: CODE_AREA 000056C4 - 00005743 (0x80 bytes), align: 2
  Segment part 92. ROOT.
           ENTRY                   ADDRESS         REF BY
           =====                   =======         ======
           BOX07                   000056C4 
    -------------------------------------------------------------------------
CONFIG_C
  Relative segment, address: CODE_AREA 00005744 - 0000576F (0x2c bytes), align: 2
  Segment part 93. ROOT.
           ENTRY                   ADDRESS         REF BY
           =====                   =======         ======
           A06_1                   00005744 
    -------------------------------------------------------------------------
CONFIG_C
  Relative segment, address: CODE_AREA 00005770 - 0000578F (0x20 bytes), align: 2
  Segment part 94. ROOT.
           ENTRY                   ADDRESS         REF BY
           =====                   =======         ======
           AN06                    00005770        InitMenu (main)
    -------------------------------------------------------------------------
CONFIG_C
  Relative segment, address: CODE_AREA 00005790 - 000057BB (0x2c bytes), align: 2
  Segment part 95. ROOT.
           ENTRY                   ADDRESS         REF BY
           =====                   =======         ======
           A06_2                   00005790 
    -------------------------------------------------------------------------
CONFIG_C
  Relative segment, address: CODE_AREA 000057BC - 000057EF (0x34 bytes), align: 2
  Segment part 96. ROOT.
           ENTRY                   ADDRESS         REF BY
           =====                   =======         ======
           AI06                    000057BC        InitMenu (main)
    -------------------------------------------------------------------------
CONFIG_C
  Relative segment, address: CODE_AREA 000057F0 - 0000581B (0x2c bytes), align: 2
  Segment part 97. ROOT.
           ENTRY                   ADDRESS         REF BY
           =====                   =======         ======
           A06_3                   000057F0 
    -------------------------------------------------------------------------
CONFIG_C
  Relative segment, address: CODE_AREA 0000581C - 0000584F (0x34 bytes), align: 2
  Segment part 98. ROOT.
           ENTRY                   ADDRESS         REF BY
           =====                   =======         ======
           AF06                    0000581C        InitMenu (main)
    -------------------------------------------------------------------------
CONFIG_C
  Relative segment, address: CODE_AREA 00005850 - 0000587B (0x2c bytes), align: 2
  Segment part 99. ROOT.
           ENTRY                   ADDRESS         REF BY
           =====                   =======         ======
           mA060                   00005850 
    -------------------------------------------------------------------------
CONFIG_C
  Relative segment, address: CODE_AREA 0000587C - 000058A7 (0x2c bytes), align: 2
  Segment part 100. ROOT.
           ENTRY                   ADDRESS         REF BY
           =====                   =======         ======
           mA071                   0000587C 
    -------------------------------------------------------------------------
CONFIG_C
  Relative segment, address: CODE_AREA 000058A8 - 000058D3 (0x2c bytes), align: 2
  Segment part 101. ROOT.
           ENTRY                   ADDRESS         REF BY
           =====                   =======         ======
           A07_4                   000058A8 
    -------------------------------------------------------------------------
CONFIG_C
  Relative segment, address: CODE_AREA 000058D4 - 000058D7 (0x4 bytes), align: 2
  Segment part 102. ROOT.
           ENTRY                   ADDRESS         REF BY
           =====                   =======         ======
           AT07                    000058D4        InitMenu (main)
    -------------------------------------------------------------------------
CONFIG_C
  Relative segment, address: CODE_AREA 000058D8 - 00005957 (0x80 bytes), align: 2
  Segment part 103. ROOT.
           ENTRY                   ADDRESS         REF BY
           =====                   =======         ======
           BOX08                   000058D8 
    -------------------------------------------------------------------------
CONFIG_C
  Relative segment, address: CODE_AREA 00005958 - 00005983 (0x2c bytes), align: 2
  Segment part 104. ROOT.
           ENTRY                   ADDRESS         REF BY
           =====                   =======         ======
           A07_1                   00005958 
    -------------------------------------------------------------------------
CONFIG_C
  Relative segment, address: CODE_AREA 00005984 - 000059A3 (0x20 bytes), align: 2
  Segment part 105. ROOT.
           ENTRY                   ADDRESS         REF BY
           =====                   =======         ======
           AN07                    00005984        InitMenu (main)
    -------------------------------------------------------------------------
CONFIG_C
  Relative segment, address: CODE_AREA 000059A4 - 000059CF (0x2c bytes), align: 2
  Segment part 106. ROOT.
           ENTRY                   ADDRESS         REF BY
           =====                   =======         ======
           A07_2                   000059A4 
    -------------------------------------------------------------------------
CONFIG_C
  Relative segment, address: CODE_AREA 000059D0 - 00005A03 (0x34 bytes), align: 2
  Segment part 107. ROOT.
           ENTRY                   ADDRESS         REF BY
           =====                   =======         ======
           AI07                    000059D0        InitMenu (main)
    -------------------------------------------------------------------------
CONFIG_C
  Relative segment, address: CODE_AREA 00005A04 - 00005A2F (0x2c bytes), align: 2
  Segment part 108. ROOT.
           ENTRY                   ADDRESS         REF BY
           =====                   =======         ======
           A07_3                   00005A04 
    -------------------------------------------------------------------------
CONFIG_C
  Relative segment, address: CODE_AREA 00005A30 - 00005A63 (0x34 bytes), align: 2
  Segment part 109. ROOT.
           ENTRY                   ADDRESS         REF BY
           =====                   =======         ======
           AF07                    00005A30        InitMenu (main)
    -------------------------------------------------------------------------
CONFIG_C
  Relative segment, address: CODE_AREA 00005A64 - 00005A8F (0x2c bytes), align: 2
  Segment part 110. ROOT.
           ENTRY                   ADDRESS         REF BY
           =====                   =======         ======
           mA070                   00005A64 
    -------------------------------------------------------------------------
CONFIG_C
  Relative segment, address: CODE_AREA 00005A90 - 00005ABB (0x2c bytes), align: 2
  Segment part 111. ROOT.
           ENTRY                   ADDRESS         REF BY
           =====                   =======         ======
           mA081                   00005A90 
    -------------------------------------------------------------------------
CONFIG_C
  Relative segment, address: CODE_AREA 00005ABC - 00005AE7 (0x2c bytes), align: 2
  Segment part 112. ROOT.
           ENTRY                   ADDRESS         REF BY
           =====                   =======         ======
           A08_4                   00005ABC 
    -------------------------------------------------------------------------
CONFIG_C
  Relative segment, address: CODE_AREA 00005AE8 - 00005AEB (0x4 bytes), align: 2
  Segment part 113. ROOT.
           ENTRY                   ADDRESS         REF BY
           =====                   =======         ======
           AT08                    00005AE8        InitMenu (main)
    -------------------------------------------------------------------------
CONFIG_C
  Relative segment, address: CODE_AREA 00005AEC - 00005B6B (0x80 bytes), align: 2
  Segment part 114. ROOT.
           ENTRY                   ADDRESS         REF BY
           =====                   =======         ======
           BOXA08                  00005AEC 
    -------------------------------------------------------------------------
CONFIG_C
  Relative segment, address: CODE_AREA 00005B6C - 00005B97 (0x2c bytes), align: 2
  Segment part 115. ROOT.
           ENTRY                   ADDRESS         REF BY
           =====                   =======         ======
           A08_1                   00005B6C 
    -------------------------------------------------------------------------
CONFIG_C
  Relative segment, address: CODE_AREA 00005B98 - 00005BB7 (0x20 bytes), align: 2
  Segment part 116. ROOT.
           ENTRY                   ADDRESS         REF BY
           =====                   =======         ======
           AN08                    00005B98        InitMenu (main)
    -------------------------------------------------------------------------
CONFIG_C
  Relative segment, address: CODE_AREA 00005BB8 - 00005BE3 (0x2c bytes), align: 2
  Segment part 117. ROOT.
           ENTRY                   ADDRESS         REF BY
           =====                   =======         ======
           A08_2                   00005BB8 
    -------------------------------------------------------------------------
CONFIG_C
  Relative segment, address: CODE_AREA 00005BE4 - 00005C17 (0x34 bytes), align: 2
  Segment part 118. ROOT.
           ENTRY                   ADDRESS         REF BY
           =====                   =======         ======
           AI08                    00005BE4        InitMenu (main)
    -------------------------------------------------------------------------
CONFIG_C
  Relative segment, address: CODE_AREA 00005C18 - 00005C43 (0x2c bytes), align: 2
  Segment part 119. ROOT.
           ENTRY                   ADDRESS         REF BY
           =====                   =======         ======
           A08_3                   00005C18 
    -------------------------------------------------------------------------
CONFIG_C
  Relative segment, address: CODE_AREA 00005C44 - 00005C77 (0x34 bytes), align: 2
  Segment part 120. ROOT.
           ENTRY                   ADDRESS         REF BY
           =====                   =======         ======
           AF08                    00005C44        InitMenu (main)
    -------------------------------------------------------------------------
CONFIG_C
  Relative segment, address: CODE_AREA 00005C78 - 00005CA3 (0x2c bytes), align: 2
  Segment part 121. ROOT.
           ENTRY                   ADDRESS         REF BY
           =====                   =======         ======
           mA080                   00005C78 
    -------------------------------------------------------------------------
CONFIG_C
  Relative segment, address: CODE_AREA 00005CA4 - 00005CCF (0x2c bytes), align: 2
  Segment part 122. ROOT.
           ENTRY                   ADDRESS         REF BY
           =====                   =======         ======
           mA091                   00005CA4 
    -------------------------------------------------------------------------
CONFIG_C
  Relative segment, address: CODE_AREA 00005CD0 - 00005CFB (0x2c bytes), align: 2
  Segment part 123. ROOT.
           ENTRY                   ADDRESS         REF BY
           =====                   =======         ======
           A09_4                   00005CD0 
    -------------------------------------------------------------------------
CONFIG_C
  Relative segment, address: CODE_AREA 00005CFC - 00005CFF (0x4 bytes), align: 2
  Segment part 124. ROOT.
           ENTRY                   ADDRESS         REF BY
           =====                   =======         ======
           AT09                    00005CFC        InitMenu (main)
    -------------------------------------------------------------------------
CONFIG_C
  Relative segment, address: CODE_AREA 00005D00 - 00005D7F (0x80 bytes), align: 2
  Segment part 125. ROOT.
           ENTRY                   ADDRESS         REF BY
           =====                   =======         ======
           BOX09                   00005D00 
    -------------------------------------------------------------------------
CONFIG_C
  Relative segment, address: CODE_AREA 00005D80 - 00005DAB (0x2c bytes), align: 2
  Segment part 126. ROOT.
           ENTRY                   ADDRESS         REF BY
           =====                   =======         ======
           A09_1                   00005D80 
    -------------------------------------------------------------------------
CONFIG_C
  Relative segment, address: CODE_AREA 00005DAC - 00005DCB (0x20 bytes), align: 2
  Segment part 127. ROOT.
           ENTRY                   ADDRESS         REF BY
           =====                   =======         ======
           AN09                    00005DAC        InitMenu (main)
    -------------------------------------------------------------------------
CONFIG_C
  Relative segment, address: CODE_AREA 00005DCC - 00005DF7 (0x2c bytes), align: 2
  Segment part 128. ROOT.
           ENTRY                   ADDRESS         REF BY
           =====                   =======         ======
           A09_2                   00005DCC 
    -------------------------------------------------------------------------
CONFIG_C
  Relative segment, address: CODE_AREA 00005DF8 - 00005E2B (0x34 bytes), align: 2
  Segment part 129. ROOT.
           ENTRY                   ADDRESS         REF BY
           =====                   =======         ======
           AI09                    00005DF8        InitMenu (main)
    -------------------------------------------------------------------------
CONFIG_C
  Relative segment, address: CODE_AREA 00005E2C - 00005E57 (0x2c bytes), align: 2
  Segment part 130. ROOT.
           ENTRY                   ADDRESS         REF BY
           =====                   =======         ======
           A09_3                   00005E2C 
    -------------------------------------------------------------------------
CONFIG_C
  Relative segment, address: CODE_AREA 00005E58 - 00005E8B (0x34 bytes), align: 2
  Segment part 131. ROOT.
           ENTRY                   ADDRESS         REF BY
           =====                   =======         ======
           AF09                    00005E58        InitMenu (main)
    -------------------------------------------------------------------------
CONFIG_C
  Relative segment, address: CODE_AREA 00005E8C - 00005EB7 (0x2c bytes), align: 2
  Segment part 132. ROOT.
           ENTRY                   ADDRESS         REF BY
           =====                   =======         ======
           mA090                   00005E8C 
    -------------------------------------------------------------------------
CONFIG_C
  Relative segment, address: CODE_AREA 00005EB8 - 00005EE3 (0x2c bytes), align: 2
  Segment part 133. ROOT.
           ENTRY                   ADDRESS         REF BY
           =====                   =======         ======
           mA101                   00005EB8 
    -------------------------------------------------------------------------
CONFIG_C
  Relative segment, address: CODE_AREA 00005EE4 - 00005F0F (0x2c bytes), align: 2
  Segment part 134. ROOT.
           ENTRY                   ADDRESS         REF BY
           =====                   =======         ======
           A10_4                   00005EE4 
    -------------------------------------------------------------------------
CONFIG_C
  Relative segment, address: CODE_AREA 00005F10 - 00005F13 (0x4 bytes), align: 2
  Segment part 135. ROOT.
           ENTRY                   ADDRESS         REF BY
           =====                   =======         ======
           AT10                    00005F10        InitMenu (main)
    -------------------------------------------------------------------------
CONFIG_C
  Relative segment, address: CODE_AREA 00005F14 - 00005F93 (0x80 bytes), align: 2
  Segment part 136. ROOT.
           ENTRY                   ADDRESS         REF BY
           =====                   =======         ======
           BOX10                   00005F14 
    -------------------------------------------------------------------------
CONFIG_C
  Relative segment, address: CODE_AREA 00005F94 - 00005FBF (0x2c bytes), align: 2
  Segment part 137. ROOT.
           ENTRY                   ADDRESS         REF BY
           =====                   =======         ======
           A10_1                   00005F94 
    -------------------------------------------------------------------------
CONFIG_C
  Relative segment, address: CODE_AREA 00005FC0 - 00005FDF (0x20 bytes), align: 2
  Segment part 138. ROOT.
           ENTRY                   ADDRESS         REF BY
           =====                   =======         ======
           AN10                    00005FC0        InitMenu (main)
    -------------------------------------------------------------------------
CONFIG_C
  Relative segment, address: CODE_AREA 00005FE0 - 0000600B (0x2c bytes), align: 2
  Segment part 139. ROOT.
           ENTRY                   ADDRESS         REF BY
           =====                   =======         ======
           A10_2                   00005FE0 
    -------------------------------------------------------------------------
CONFIG_C
  Relative segment, address: CODE_AREA 0000600C - 0000603F (0x34 bytes), align: 2
  Segment part 140. ROOT.
           ENTRY                   ADDRESS         REF BY
           =====                   =======         ======
           AI10                    0000600C        InitMenu (main)
    -------------------------------------------------------------------------
CONFIG_C
  Relative segment, address: CODE_AREA 00006040 - 0000606B (0x2c bytes), align: 2
  Segment part 141. ROOT.
           ENTRY                   ADDRESS         REF BY
           =====                   =======         ======
           A10_3                   00006040 
    -------------------------------------------------------------------------
CONFIG_C
  Relative segment, address: CODE_AREA 0000606C - 0000609F (0x34 bytes), align: 2
  Segment part 142. ROOT.
           ENTRY                   ADDRESS         REF BY
           =====                   =======         ======
           AF10                    0000606C        InitMenu (main)
    -------------------------------------------------------------------------
CONFIG_C
  Relative segment, address: CODE_AREA 000060A0 - 000060CB (0x2c bytes), align: 2
  Segment part 143. ROOT.
           ENTRY                   ADDRESS         REF BY
           =====                   =======         ======
           mA100                   000060A0 
    -------------------------------------------------------------------------
CONFIG_C
  Relative segment, address: CODE_AREA 000060CC - 000060F7 (0x2c bytes), align: 2
  Segment part 144. ROOT.
           ENTRY                   ADDRESS         REF BY
           =====                   =======         ======
           mA111                   000060CC 
    -------------------------------------------------------------------------
CONFIG_C
  Relative segment, address: CODE_AREA 000060F8 - 00006123 (0x2c bytes), align: 2
  Segment part 145. ROOT.
           ENTRY                   ADDRESS         REF BY
           =====                   =======         ======
           A11_4                   000060F8 
    -------------------------------------------------------------------------
CONFIG_C
  Relative segment, address: CODE_AREA 00006124 - 00006127 (0x4 bytes), align: 2
  Segment part 146. ROOT.
           ENTRY                   ADDRESS         REF BY
           =====                   =======         ======
           AT11                    00006124        InitMenu (main)
    -------------------------------------------------------------------------
CONFIG_C
  Relative segment, address: CODE_AREA 00006128 - 000061A7 (0x80 bytes), align: 2
  Segment part 147. ROOT.
           ENTRY                   ADDRESS         REF BY
           =====                   =======         ======
           BOX11                   00006128 
    -------------------------------------------------------------------------
CONFIG_C
  Relative segment, address: CODE_AREA 000061A8 - 000061D3 (0x2c bytes), align: 2
  Segment part 148. ROOT.
           ENTRY                   ADDRESS         REF BY
           =====                   =======         ======
           A11_1                   000061A8 
    -------------------------------------------------------------------------
CONFIG_C
  Relative segment, address: CODE_AREA 000061D4 - 000061F3 (0x20 bytes), align: 2
  Segment part 149. ROOT.
           ENTRY                   ADDRESS         REF BY
           =====                   =======         ======
           AN11                    000061D4        InitMenu (main)
    -------------------------------------------------------------------------
CONFIG_C
  Relative segment, address: CODE_AREA 000061F4 - 0000621F (0x2c bytes), align: 2
  Segment part 150. ROOT.
           ENTRY                   ADDRESS         REF BY
           =====                   =======         ======
           A11_2                   000061F4 
    -------------------------------------------------------------------------
CONFIG_C
  Relative segment, address: CODE_AREA 00006220 - 00006253 (0x34 bytes), align: 2
  Segment part 151. ROOT.
           ENTRY                   ADDRESS         REF BY
           =====                   =======         ======
           AI11                    00006220        InitMenu (main)
    -------------------------------------------------------------------------
CONFIG_C
  Relative segment, address: CODE_AREA 00006254 - 0000627F (0x2c bytes), align: 2
  Segment part 152. ROOT.
           ENTRY                   ADDRESS         REF BY
           =====                   =======         ======
           A11_3                   00006254 
    -------------------------------------------------------------------------
CONFIG_C
  Relative segment, address: CODE_AREA 00006280 - 000062B3 (0x34 bytes), align: 2
  Segment part 153. ROOT.
           ENTRY                   ADDRESS         REF BY
           =====                   =======         ======
           AF11                    00006280        InitMenu (main)
    -------------------------------------------------------------------------
CONFIG_C
  Relative segment, address: CODE_AREA 000062B4 - 000062DF (0x2c bytes), align: 2
  Segment part 154. ROOT.
           ENTRY                   ADDRESS         REF BY
           =====                   =======         ======
           mA110                   000062B4 
    -------------------------------------------------------------------------
CONFIG_C
  Relative segment, address: CODE_AREA 000062E0 - 0000630B (0x2c bytes), align: 2
  Segment part 155. ROOT.
           ENTRY                   ADDRESS         REF BY
           =====                   =======         ======
           mA121                   000062E0 
    -------------------------------------------------------------------------
CONFIG_C
  Relative segment, address: CODE_AREA 0000630C - 00006337 (0x2c bytes), align: 2
  Segment part 156. ROOT.
           ENTRY                   ADDRESS         REF BY
           =====                   =======         ======
           A12_4                   0000630C 
    -------------------------------------------------------------------------
CONFIG_C
  Relative segment, address: CODE_AREA 00006338 - 0000633B (0x4 bytes), align: 2
  Segment part 157. ROOT.
           ENTRY                   ADDRESS         REF BY
           =====                   =======         ======
           AT12                    00006338        InitMenu (main)
    -------------------------------------------------------------------------
CONFIG_C
  Relative segment, address: CODE_AREA 0000633C - 000063BB (0x80 bytes), align: 2
  Segment part 158. ROOT.
           ENTRY                   ADDRESS         REF BY
           =====                   =======         ======
           BOX12                   0000633C 
    -------------------------------------------------------------------------
CONFIG_C
  Relative segment, address: CODE_AREA 000063BC - 000063E7 (0x2c bytes), align: 2
  Segment part 159. ROOT.
           ENTRY                   ADDRESS         REF BY
           =====                   =======         ======
           A12_1                   000063BC 
    -------------------------------------------------------------------------
CONFIG_C
  Relative segment, address: CODE_AREA 000063E8 - 00006407 (0x20 bytes), align: 2
  Segment part 160. ROOT.
           ENTRY                   ADDRESS         REF BY
           =====                   =======         ======
           AN12                    000063E8        InitMenu (main)
    -------------------------------------------------------------------------
CONFIG_C
  Relative segment, address: CODE_AREA 00006408 - 00006433 (0x2c bytes), align: 2
  Segment part 161. ROOT.
           ENTRY                   ADDRESS         REF BY
           =====                   =======         ======
           A12_2                   00006408 
    -------------------------------------------------------------------------
CONFIG_C
  Relative segment, address: CODE_AREA 00006434 - 00006467 (0x34 bytes), align: 2
  Segment part 162. ROOT.
           ENTRY                   ADDRESS         REF BY
           =====                   =======         ======
           AI12                    00006434        InitMenu (main)
    -------------------------------------------------------------------------
CONFIG_C
  Relative segment, address: CODE_AREA 00006468 - 00006493 (0x2c bytes), align: 2
  Segment part 163. ROOT.
           ENTRY                   ADDRESS         REF BY
           =====                   =======         ======
           A12_3                   00006468 
    -------------------------------------------------------------------------
CONFIG_C
  Relative segment, address: CODE_AREA 00006494 - 000064C7 (0x34 bytes), align: 2
  Segment part 164. ROOT.
           ENTRY                   ADDRESS         REF BY
           =====                   =======         ======
           AF12                    00006494        InitMenu (main)
    -------------------------------------------------------------------------
CONFIG_C
  Relative segment, address: CODE_AREA 000064C8 - 000064F3 (0x2c bytes), align: 2
  Segment part 165. ROOT.
           ENTRY                   ADDRESS         REF BY
           =====                   =======         ======
           mA120                   000064C8 
    -------------------------------------------------------------------------
CONFIG_C
  Relative segment, address: CODE_AREA 000064F4 - 0000651F (0x2c bytes), align: 2
  Segment part 166. ROOT.
           ENTRY                   ADDRESS         REF BY
           =====                   =======         ======
           mA131                   000064F4 
    -------------------------------------------------------------------------
CONFIG_C
  Relative segment, address: CODE_AREA 00006520 - 0000654B (0x2c bytes), align: 2
  Segment part 167. ROOT.
           ENTRY                   ADDRESS         REF BY
           =====                   =======         ======
           A13_4                   00006520 
    -------------------------------------------------------------------------
CONFIG_C
  Relative segment, address: CODE_AREA 0000654C - 0000654F (0x4 bytes), align: 2
  Segment part 168. ROOT.
           ENTRY                   ADDRESS         REF BY
           =====                   =======         ======
           AT13                    0000654C        InitMenu (main)
    -------------------------------------------------------------------------
CONFIG_C
  Relative segment, address: CODE_AREA 00006550 - 000065CF (0x80 bytes), align: 2
  Segment part 169. ROOT.
           ENTRY                   ADDRESS         REF BY
           =====                   =======         ======
           BOX13                   00006550 
    -------------------------------------------------------------------------
CONFIG_C
  Relative segment, address: CODE_AREA 000065D0 - 000065FB (0x2c bytes), align: 2
  Segment part 170. ROOT.
           ENTRY                   ADDRESS         REF BY
           =====                   =======         ======
           A13_1                   000065D0 
    -------------------------------------------------------------------------
CONFIG_C
  Relative segment, address: CODE_AREA 000065FC - 0000661B (0x20 bytes), align: 2
  Segment part 171. ROOT.
           ENTRY                   ADDRESS         REF BY
           =====                   =======         ======
           AN13                    000065FC        InitMenu (main)
    -------------------------------------------------------------------------
CONFIG_C
  Relative segment, address: CODE_AREA 0000661C - 00006647 (0x2c bytes), align: 2
  Segment part 172. ROOT.
           ENTRY                   ADDRESS         REF BY
           =====                   =======         ======
           A13_2                   0000661C 
    -------------------------------------------------------------------------
CONFIG_C
  Relative segment, address: CODE_AREA 00006648 - 0000667B (0x34 bytes), align: 2
  Segment part 173. ROOT.
           ENTRY                   ADDRESS         REF BY
           =====                   =======         ======
           AI13                    00006648        InitMenu (main)
    -------------------------------------------------------------------------
CONFIG_C
  Relative segment, address: CODE_AREA 0000667C - 000066A7 (0x2c bytes), align: 2
  Segment part 174. ROOT.
           ENTRY                   ADDRESS         REF BY
           =====                   =======         ======
           A13_3                   0000667C 
    -------------------------------------------------------------------------
CONFIG_C
  Relative segment, address: CODE_AREA 000066A8 - 000066DB (0x34 bytes), align: 2
  Segment part 175. ROOT.
           ENTRY                   ADDRESS         REF BY
           =====                   =======         ======
           AF13                    000066A8        InitMenu (main)
    -------------------------------------------------------------------------
CONFIG_C
  Relative segment, address: CODE_AREA 000066DC - 00006707 (0x2c bytes), align: 2
  Segment part 176. ROOT.
           ENTRY                   ADDRESS         REF BY
           =====                   =======         ======
           mA130                   000066DC 
    -------------------------------------------------------------------------
CONFIG_C
  Relative segment, address: CODE_AREA 00006708 - 00006733 (0x2c bytes), align: 2
  Segment part 177. ROOT.
           ENTRY                   ADDRESS         REF BY
           =====                   =======         ======
           mAPP0                   00006708 
    -------------------------------------------------------------------------
CONFIG_C
  Relative segment, address: CODE_AREA 00006734 - 0000675F (0x2c bytes), align: 2
  Segment part 178. ROOT.
           ENTRY                   ADDRESS         REF BY
           =====                   =======         ======
           SCR1                    00006734 
    -------------------------------------------------------------------------
CONFIG_C
  Relative segment, address: CODE_AREA 00006760 - 0000678B (0x2c bytes), align: 2
  Segment part 179. ROOT.
           ENTRY                   ADDRESS         REF BY
           =====                   =======         ======
           SCR21                   00006760 
    -------------------------------------------------------------------------
CONFIG_C
  Relative segment, address: CODE_AREA 0000678C - 000067B7 (0x2c bytes), align: 2
  Segment part 180. ROOT.
           ENTRY                   ADDRESS         REF BY
           =====                   =======         ======
           SCR2_1                  0000678C 
    -------------------------------------------------------------------------
CONFIG_C
  Relative segment, address: CODE_AREA 000067B8 - 000067BB (0x4 bytes), align: 2
  Segment part 181. ROOT.
           ENTRY                   ADDRESS         REF BY
           =====                   =======         ======
           TEMP_ENA                000067B8        InitShow (main)
    -------------------------------------------------------------------------
CONFIG_C
  Relative segment, address: CODE_AREA 000067BC - 000067E7 (0x2c bytes), align: 2
  Segment part 182. ROOT.
           ENTRY                   ADDRESS         REF BY
           =====                   =======         ======
           SCR2_2                  000067BC 
    -------------------------------------------------------------------------
CONFIG_C
  Relative segment, address: CODE_AREA 000067E8 - 000067EB (0x4 bytes), align: 2
  Segment part 183. ROOT.
           ENTRY                   ADDRESS         REF BY
           =====                   =======         ======
           TEMP_X                  000067E8        InitScreen (main)
    -------------------------------------------------------------------------
CONFIG_C
  Relative segment, address: CODE_AREA 000067EC - 000067EF (0x4 bytes), align: 2
  Segment part 184. ROOT.
           ENTRY                   ADDRESS         REF BY
           =====                   =======         ======
           TEMP_Y                  000067EC        InitScreen (main)
    -------------------------------------------------------------------------
CONFIG_C
  Relative segment, address: CODE_AREA 000067F0 - 0000681B (0x2c bytes), align: 2
  Segment part 185. ROOT.
           ENTRY                   ADDRESS         REF BY
           =====                   =======         ======
           SCR2_3                  000067F0 
    -------------------------------------------------------------------------
CONFIG_C
  Relative segment, address: CODE_AREA 0000681C - 0000681F (0x4 bytes), align: 2
  Segment part 186. ROOT.
           ENTRY                   ADDRESS         REF BY
           =====                   =======         ======
           TEMP_CS                 0000681C        InitShow (main)
    -------------------------------------------------------------------------
CONFIG_C
  Relative segment, address: CODE_AREA 00006820 - 0000684B (0x2c bytes), align: 2
  Segment part 187. ROOT.
           ENTRY                   ADDRESS         REF BY
           =====                   =======         ======
           SCR2_4                  00006820 
    -------------------------------------------------------------------------
CONFIG_C
  Relative segment, address: CODE_AREA 0000684C - 0000684F (0x4 bytes), align: 2
  Segment part 188. ROOT.
           ENTRY                   ADDRESS         REF BY
           =====                   =======         ======
           TEMP_CB                 0000684C        InitShow (main)
    -------------------------------------------------------------------------
CONFIG_C
  Relative segment, address: CODE_AREA 00006850 - 0000687B (0x2c bytes), align: 2
  Segment part 189. ROOT.
           ENTRY                   ADDRESS         REF BY
           =====                   =======         ======
           SCR2_5                  00006850 
    -------------------------------------------------------------------------
CONFIG_C
  Relative segment, address: CODE_AREA 0000687C - 0000687F (0x4 bytes), align: 2
  Segment part 190. ROOT.
           ENTRY                   ADDRESS         REF BY
           =====                   =======         ======
           TEMP_T                  0000687C        InitShow (main)
    -------------------------------------------------------------------------
CONFIG_C
  Relative segment, address: CODE_AREA 00006880 - 000068AB (0x2c bytes), align: 2
  Segment part 191. ROOT.
           ENTRY                   ADDRESS         REF BY
           =====                   =======         ======
           SCR2_6                  00006880 
    -------------------------------------------------------------------------
CONFIG_C
  Relative segment, address: CODE_AREA 000068AC - 000068AF (0x4 bytes), align: 2
  Segment part 192. ROOT.
           ENTRY                   ADDRESS         REF BY
           =====                   =======         ======
           TEMP_FT                 000068AC        InitShow (main)
    -------------------------------------------------------------------------
CONFIG_C
  Relative segment, address: CODE_AREA 000068B0 - 000068DB (0x2c bytes), align: 2
  Segment part 193. ROOT.
           ENTRY                   ADDRESS         REF BY
           =====                   =======         ======
           SCR20                   000068B0 
    -------------------------------------------------------------------------
CONFIG_C
  Relative segment, address: CODE_AREA 000068DC - 00006907 (0x2c bytes), align: 2
  Segment part 194. ROOT.
           ENTRY                   ADDRESS         REF BY
           =====                   =======         ======
           SCR31                   000068DC 
    -------------------------------------------------------------------------
CONFIG_C
  Relative segment, address: CODE_AREA 00006908 - 00006933 (0x2c bytes), align: 2
  Segment part 195. ROOT.
[...]
      | Stack used (prev) :  00000000
      | + function block  :  00000018
  <-Sub-tree of type: Indirectly called function tree that does not make
                    : indirect calls (Is not an interrupt and is not flagged
                    : as not overlayable)
    | Stack used          :  00000018


  ->Sub-tree of type: Indirectly called function tree that does not make
                    : indirect calls (Is not an interrupt and is not flagged
                    : as not overlayable)
                             CSTACK
    | Stack used (prev) :  00000000
  01  DrawGUI
      | Stack used (prev) :  00000000
      | + function block  :  000000B8
  <-Sub-tree of type: Indirectly called function tree that does not make
                    : indirect calls (Is not an interrupt and is not flagged
                    : as not overlayable)
    | Stack used          :  000000B8


  ->Sub-tree of type: Indirectly called function tree that does not make
                    : indirect calls (Is not an interrupt and is not flagged
                    : as not overlayable)
                             CSTACK
    | Stack used (prev) :  00000000
  01  TaskRedraw
      | Stack used (prev) :  00000000
      | + function block  :  00000004
  <-Sub-tree of type: Indirectly called function tree that does not make
                    : indirect calls (Is not an interrupt and is not flagged
                    : as not overlayable)
    | Stack used          :  00000004


  ->Sub-tree of type: Indirectly called function tree that does not make
                    : indirect calls (Is not an interrupt and is not flagged
                    : as not overlayable)
                             CSTACK
    | Stack used (prev) :  00000000
  01  TaskCreate
      | Stack used (prev) :  00000000
      | + function block  :  00000014
  <-Sub-tree of type: Indirectly called function tree that does not make
                    : indirect calls (Is not an interrupt and is not flagged
                    : as not overlayable)
    | Stack used          :  00000014


  ->Sub-tree of type: Indirectly called function tree that does not make
                    : indirect calls (Is not an interrupt and is not flagged
                    : as not overlayable)
                             CSTACK
    | Stack used (prev) :  00000000
  01  TaskClose
      | Stack used (prev) :  00000000
      | + function block  :  00000010
  <-Sub-tree of type: Indirectly called function tree that does not make
                    : indirect calls (Is not an interrupt and is not flagged
                    : as not overlayable)
    | Stack used          :  00000010


  ->Sub-tree of type: Indirectly called function tree that does not make
                    : indirect calls (Is not an interrupt and is not flagged
                    : as not overlayable)
                             CSTACK
    | Stack used (prev) :  00000000
  01  TaskFocus
      | Stack used (prev) :  00000000
      | + function block  :  00000000
  <-Sub-tree of type: Indirectly called function tree that does not make
                    : indirect calls (Is not an interrupt and is not flagged
                    : as not overlayable)
    | Stack used          :  00000000


  ->Sub-tree of type: Indirectly called function tree that does not make
                    : indirect calls (Is not an interrupt and is not flagged
                    : as not overlayable)
                             CSTACK
    | Stack used (prev) :  00000000
  01  TaskUnfus
      | Stack used (prev) :  00000000
      | + function block  :  00000000
  <-Sub-tree of type: Indirectly called function tree that does not make
                    : indirect calls (Is not an interrupt and is not flagged
                    : as not overlayable)
    | Stack used          :  00000000


  ->Sub-tree of type: Indirectly called function tree that does not make
                    : indirect calls (Is not an interrupt and is not flagged
                    : as not overlayable)
                             CSTACK
    | Stack used (prev) :  00000000
  01  TaskKeypress
      | Stack used (prev) :  00000000
      | + function block  :  00000004
  <-Sub-tree of type: Indirectly called function tree that does not make
                    : indirect calls (Is not an interrupt and is not flagged
                    : as not overlayable)
    | Stack used          :  00000004


  ->Sub-tree of type: Indirectly called function tree that does not make
                    : indirect calls (Is not an interrupt and is not flagged
                    : as not overlayable)
                             CSTACK
    | Stack used (prev) :  00000000
  01  TaskMethod8
      | Stack used (prev) :  00000000
      | + function block  :  00000000
  <-Sub-tree of type: Indirectly called function tree that does not make
                    : indirect calls (Is not an interrupt and is not flagged
                    : as not overlayable)
    | Stack used          :  00000000


  ->Sub-tree of type: Indirectly called function tree that does not make
                    : indirect calls (Is not an interrupt and is not flagged
                    : as not overlayable)
                             CSTACK
    | Stack used (prev) :  00000000
  01  TaskMethod9
      | Stack used (prev) :  00000000
      | + function block  :  00000000
  <-Sub-tree of type: Indirectly called function tree that does not make
                    : indirect calls (Is not an interrupt and is not flagged
                    : as not overlayable)
    | Stack used          :  00000000


  ->Sub-tree of type: Indirectly called function tree that does not make
                    : indirect calls (Is not an interrupt and is not flagged
                    : as not overlayable)
                             CSTACK
    | Stack used (prev) :  00000000
  01  TaskOnCreate
      | Stack used (prev) :  00000000
      | + function block  :  00000028
  <-Sub-tree of type: Indirectly called function tree that does not make
                    : indirect calls (Is not an interrupt and is not flagged
                    : as not overlayable)
    | Stack used          :  00000028


  ->Sub-tree of type: Indirectly called function tree that does not make
                    : indirect calls (Is not an interrupt and is not flagged
                    : as not overlayable)
                             CSTACK
    | Stack used (prev) :  00000000
  01  TaskKiller
      | Stack used (prev) :  00000000
      | + function block  :  00000000
  <-Sub-tree of type: Indirectly called function tree that does not make
                    : indirect calls (Is not an interrupt and is not flagged
                    : as not overlayable)
    | Stack used          :  00000000


  ->Sub-tree of type: Indirectly called function tree that does not make
                    : indirect calls (Is not an interrupt and is not flagged
                    : as not overlayable)
                             CSTACK
    | Stack used (prev) :  00000000
  01  TaskOnClose
      | Stack used (prev) :  00000000
      | + function block  :  00000004
  <-Sub-tree of type: Indirectly called function tree that does not make
                    : indirect calls (Is not an interrupt and is not flagged
                    : as not overlayable)
    | Stack used          :  00000004


  ->Sub-tree of type: Indirectly called function tree that does not make
                    : indirect calls (Is not an interrupt and is not flagged
                    : as not overlayable)
                             CSTACK
    | Stack used (prev) :  00000000
  01  TaskOnMessage
      | Stack used (prev) :  00000000
      | + function block  :  00000000
  <-Sub-tree of type: Indirectly called function tree that does not make
                    : indirect calls (Is not an interrupt and is not flagged
                    : as not overlayable)
    | Stack used          :  00000000


  ->Sub-tree of type: Indirectly called function tree that does not make
                    : indirect calls (Is not an interrupt and is not flagged
                    : as not overlayable)
                             CSTACK
    | Stack used (prev) :  00000000
  01  DaemonKeyHook
      | Stack used (prev) :  00000000
      | + function block  :  0000000C
  <-Sub-tree of type: Indirectly called function tree that does not make
                    : indirect calls (Is not an interrupt and is not flagged
                    : as not overlayable)
    | Stack used          :  0000000C


  ->Sub-tree of type: Indirectly called function tree that does not make
                    : indirect calls (Is not an interrupt and is not flagged
                    : as not overlayable)
                             CSTACK
    | Stack used (prev) :  00000000
  01  TimerProc
      | Stack used (prev) :  00000000
      | + function block  :  00000004
  <-Sub-tree of type: Indirectly called function tree that does not make
                    : indirect calls (Is not an interrupt and is not flagged
                    : as not overlayable)
    | Stack used          :  00000004


  ->Sub-tree of type: Indirectly called function tree that does not make
                    : indirect calls (Is not an interrupt and is not flagged
                    : as not overlayable)
                             CSTACK
    | Stack used (prev) :  00000000
  01  DaemonOnMessage
      | Stack used (prev) :  00000000
      | + function block  :  00000074
  <-Sub-tree of type: Indirectly called function tree that does not make
                    : indirect calls (Is not an interrupt and is not flagged
                    : as not overlayable)
    | Stack used          :  00000074


  ->Sub-tree of type: Indirectly called function tree that does not make
                    : indirect calls (Is not an interrupt and is not flagged
                    : as not overlayable)
                             CSTACK
    | Stack used (prev) :  00000000
  01  Destructor
      | Stack used (prev) :  00000000
      | + function block  :  00000004
  <-Sub-tree of type: Indirectly called function tree that does not make
                    : indirect calls (Is not an interrupt and is not flagged
                    : as not overlayable)
    | Stack used          :  00000004


  ->Sub-tree of type: Indirectly called function tree that does not make
                    : indirect calls (Is not an interrupt and is not flagged
                    : as not overlayable)
                             CSTACK
    | Stack used (prev) :  00000000
  01  DaemonOnClose
      | Stack used (prev) :  00000000
      | + function block  :  0000000C
  <-Sub-tree of type: Indirectly called function tree that does not make
                    : indirect calls (Is not an interrupt and is not flagged
                    : as not overlayable)
    | Stack used          :  0000000C


  ->Sub-tree of type: Indirectly called function tree that does not make
                    : indirect calls (Is not an interrupt and is not flagged
                    : as not overlayable)
                             CSTACK
    | Stack used (prev) :  00000000
  01  strtoul
      | Stack used (prev) :  00000000
      | + function block  :  00000008
  <-Sub-tree of type: Indirectly called function tree that does not make
                    : indirect calls (Is not an interrupt and is not flagged
                    : as not overlayable)
    | Stack used          :  00000008


  ->Sub-tree of type: Function tree
                             CSTACK
    | Stack used (prev) :  000000B8
  01  LoadConfigData
      | Stack used (prev) :  000000B8
      | + function block  :  00000024
  <-Sub-tree of type: Function tree
    | Stack used          :  000000DC


  ->Sub-tree of type: Function tree
                             CSTACK
    | Stack used (prev) :  000000DC
  01  InitConfig
      | Stack used (prev) :  000000DC
      | + function block  :  00000008
  <-Sub-tree of type: Function tree
    | Stack used          :  000000E4


  ->Sub-tree of type: Function tree
                             CSTACK
    | Stack used (prev) :  000000E4
  01  RunAPP
      | Stack used (prev) :  000000E4
      | + function block  :  0000000C
  <-Sub-tree of type: Function tree
    | Stack used          :  000000F0


  ->Sub-tree of type: Function tree
                             CSTACK
    | Stack used (prev) :  000000F0
  01  GetLDate
      | Stack used (prev) :  000000F0
      | + function block  :  00000028
  <-Sub-tree of type: Function tree
    | Stack used          :  00000118


  ->Sub-tree of type: Function tree
                             CSTACK
    | Stack used (prev) :  00000118
  01  GetLunar
      | Stack used (prev) :  00000118
      | + function block  :  00000084
  <-Sub-tree of type: Function tree
    | Stack used          :  0000019C


  ->Sub-tree of type: Function tree
                             CSTACK
    | Stack used (prev) :  0000019C
  01  PixlsWidth
      | Stack used (prev) :  0000019C
      | + function block  :  00000014
  <-Sub-tree of type: Function tree
    | Stack used          :  000001B0


  ->Sub-tree of type: Function tree
                             CSTACK
    | Stack used (prev) :  000001B0
  01  strcmp_nocase
      | Stack used (prev) :  000001B0
      | + function block  :  00000000
  <-Sub-tree of type: Function tree
    | Stack used          :  000001B0


  ->Sub-tree of type: Function tree
                             CSTACK
    | Stack used (prev) :  000001B0
  01  PlayMusic
      | Stack used (prev) :  000001B0
      | + function block  :  000000F4
  <-Sub-tree of type: Function tree
    | Stack used          :  000002A4


  ->Sub-tree of type: Function tree
                             CSTACK
    | Stack used (prev) :  000002A4
  01  MidStr
      | Stack used (prev) :  000002A4
      | + function block  :  00000118
  <-Sub-tree of type: Function tree
    | Stack used          :  000003BC


  ->Sub-tree of type: Function tree
                             CSTACK
    | Stack used (prev) :  000003BC
  01  FindBCFGFile
      | Stack used (prev) :  000003BC
      | + function block  :  000003E4
  <-Sub-tree of type: Function tree
    | Stack used          :  000007A0


  ->Sub-tree of type: Function tree
                             CSTACK
    | Stack used (prev) :  000007A0
  01  SetIDS
      | Stack used (prev) :  000007A0
      | + function block  :  0000000C
  <-Sub-tree of type: Function tree
    | Stack used          :  000007AC


  ->Sub-tree of type: Function tree
                             CSTACK
    | Stack used (prev) :  000007AC
  01  InitShow
      | Stack used (prev) :  000007AC
      | + function block  :  0000003C
  <-Sub-tree of type: Function tree
    | Stack used          :  000007E8


  ->Sub-tree of type: Function tree
                             CSTACK
    | Stack used (prev) :  000007E8
  01  FillScreen
      | Stack used (prev) :  000007E8
      | + function block  :  00000018
  <-Sub-tree of type: Function tree
    | Stack used          :  00000800


  ->Sub-tree of type: Function tree
                             CSTACK
    | Stack used (prev) :  00000800
  01  InitScreen
      | Stack used (prev) :  00000800
      | + function block  :  0000008C
  <-Sub-tree of type: Function tree
    | Stack used          :  0000088C


  ->Sub-tree of type: Function tree
                             CSTACK
    | Stack used (prev) :  0000088C
  01  APP_TRAF
      | Stack used (prev) :  0000088C
      | + function block  :  00000008
  <-Sub-tree of type: Function tree
    | Stack used          :  00000894


  ->Sub-tree of type: Function tree
                             CSTACK
    | Stack used (prev) :  00000894
  01  InitMenu
      | Stack used (prev) :  00000894
      | + function block  :  00000014
  <-Sub-tree of type: Function tree
    | Stack used          :  000008A8


  ->Sub-tree of type: Function tree
                             CSTACK
    | Stack used (prev) :  000008A8
  01  BuildGUI
      | Stack used (prev) :  000008A8
      | + function block  :  00000040
  <-Sub-tree of type: Function tree
    | Stack used          :  000008E8


  ->Sub-tree of type: Function tree
                             CSTACK
    | Stack used (prev) :  000008E8
  01  DoIt
      | Stack used (prev) :  000008E8
      | + function block  :  0000000C
  <-Sub-tree of type: Function tree
    | Stack used          :  000008F4


  ->Sub-tree of type: Function tree
                             CSTACK
    | Stack used (prev) :  000008F4
  01  DaemonInit
      | Stack used (prev) :  000008F4
      | + function block  :  00000020
  <-Sub-tree of type: Function tree
    | Stack used          :  00000914


  ->Sub-tree of type: Function tree
                             CSTACK
    | Stack used (prev) :  00000914
  01  main
      | Stack used (prev) :  00000914
      | + function block  :  00000010
  <-Sub-tree of type: Function tree
    | Stack used          :  00000924


  ->Sub-tree of type: Function tree
                             CSTACK
    | Stack used (prev) :  00000924
  01  _Geterrno
      | Stack used (prev) :  00000924
      | + function block  :  00000008
  <-Sub-tree of type: Function tree
    | Stack used          :  0000092C


  ->Sub-tree of type: Function tree
                             CSTACK
    | Stack used (prev) :  0000092C
  01  _Memchr
      | Stack used (prev) :  0000092C
      | + function block  :  00000000
  <-Sub-tree of type: Function tree
    | Stack used          :  0000092C


  ->Sub-tree of type: Function tree
                             CSTACK
    | Stack used (prev) :  0000092C
  01  _Stoul
      | Stack used (prev) :  0000092C
      | + function block  :  00000030
  <-Sub-tree of type: Function tree
    | Stack used          :  0000095C




                ****************************************
                *                                      *
                *      SEGMENTS IN ADDRESS ORDER       *
                *                                      *
                ****************************************


SEGMENT              SPACE    START ADDRESS   END ADDRESS     SIZE  TYPE  ALIGN
=======              =====    =============   ===========     ====  ====  =====
ELFBEGIN             CODE_AREA           00000000                     rel    0
DATA_ID              CODE_AREA      00000000 - 000002F3         2F4   rel    2
START                CODE_AREA           000002F4                     dse    0
CODE                 CODE_AREA      000002F4 - 00003D03        3A10   rel    2
DATA_C               CODE_AREA      00003D04 - 0000477E         A7B   rel    2
INITTAB              CODE_AREA      00004780 - 00004797          18   rel    2
DATA_Z               CODE_AREA      00004798 - 00004929         192   rel    2
DATA_N               CODE_AREA           0000492A                     dse    0
CONFIG_C             CODE_AREA      0000492C - 000087C7        3E9C   rel    2
DATA_I               DATA_AREA      00000000 - 000002F3         2F4   rel    2

                ****************************************
                *                                      *
                *        END OF CROSS REFERENCE        *
                *                                      *
                ****************************************

 34 757 bytes of CODE memory
    756 bytes of DATA memory

Errors: none
Warnings: none

