################################################################################
#                                                                              #
#      IAR Universal Linker V4.60I/386                                         #
#                                                                              #
#           Link time     =  12/Jan/2012  10:48:40                             #
#           Target CPU    =  ARM                                               #
#           List file     =  "D:\SVN\SieELF\SieELF\NSG_ELF_Emulator\NSE_ELF\Ot #
#                            her\SGold x65\List\nse_elf_x65.map"               #
#           Output file 1 =  D:\SVN\SieELF\SieELF\NSG_ELF_Emulator\NSE_ELF\ELF #
#                            \nse_elf_x65.elf                                  #
#                            Format: elf, variant: -ynpra                      #
#           Command line  =  "D:\SVN\SieELF\SieELF\NSG_ELF_Emulator\NSE_ELF\Ot #
#                            her\SGold x65\Obj\addfunc.r79"                    #
#                            "D:\SVN\SieELF\SieELF\NSG_ELF_Emulator\NSE_ELF\Ot #
#                            her\SGold x65\Obj\conf_loader.r79"                #
#                            "D:\SVN\SieELF\SieELF\NSG_ELF_Emulator\NSE_ELF\Ot #
#                            her\SGold x65\Obj\config_data.r79"                #
#                            "D:\SVN\SieELF\SieELF\NSG_ELF_Emulator\NSE_ELF\Ot #
#                            her\SGold x65\Obj\func.r79"                       #
#                            "D:\SVN\SieELF\SieELF\NSG_ELF_Emulator\NSE_ELF\Ot #
#                            her\SGold x65\Obj\func_ext.r79"                   #
#                            "D:\SVN\SieELF\SieELF\NSG_ELF_Emulator\NSE_ELF\Ot #
#                            her\SGold x65\Obj\main.r79"                       #
#                            -o                                                #
#                            D:\SVN\SieELF\SieELF\NSG_ELF_Emulator\NSE_ELF\ELF #
#                            \nse_elf_x65.elf                                  #
#                            -Felf -l                                          #
#                            "D:\SVN\SieELF\SieELF\NSG_ELF_Emulator\NSE_ELF\Ot #
#                            her\SGold x65\List\nse_elf_x65.map"               #
#                            -xmsnio                                           #
#                            "-ID:\Program Files\IAR\Embedded Workbench 4.0 Ev #
#                            aluation\ARM\LIB\"                                #
#                            -f                                                #
#                            D:\SVN\SieELF\SieELF\NSG_ELF_Emulator\NSE_ELF\tes #
#                            t.xcl                                             #
#                            (-carm -V(CODE)CODE_AREA,12                       #
#                            -V(DATA)DATA_AREA,12                              #
#                            -Z(CODE_AREA)ELFBEGIN,DATA_ID,START,CODE,DATA_C,I #
#                            NITTAB,DATA_Z,DATA_N,CONFIG_C=0-FFFFFFFF          #
#                            -Z(DATA_AREA)DATA_I=0-FFFFFFFF) -ynpra            #
#                            "D:\Program Files\IAR\Embedded Workbench 4.0 Eval #
#                            uation\ARM\LIB\dl5tpainl8n.r79"                   #
#                            -s main                                           #
#                                                                              #
#                        Copyright 1987-2007 IAR Systems. All rights reserved. #
################################################################################





                ****************************************
                *                                      *
                *           CROSS REFERENCE            *
                *                                      *
                ****************************************

       Program entry at : CODE_AREA 0000128C  Relocatable, from module : main




                ****************************************
                *                                      *
                *            RUNTIME MODEL             *
                *                                      *
                ****************************************

  StackAlign4  = USED
  __cpu_mode   = __pcs__interwork
  __data_model = absolute
  __endian     = little
  __rt_version = 6



                ****************************************
                *                                      *
                *              MODULE MAP              *
                *                                      *
                ****************************************


  DEFINED ABSOLUTE ENTRIES
    *************************************************************************

  DEFINED ABSOLUTE ENTRIES
    *************************************************************************

  FILE NAME : D:\SVN\SieELF\SieELF\NSG_ELF_Emulator\NSE_ELF\Other\SGold x65\Obj\addfunc.r79
  PROGRAM MODULE, NAME : addfunc

  SEGMENTS IN THE MODULE
  ======================
CODE
  Relative segment, address: CODE_AREA 00000008 - 0000000B (0x4 bytes), align: 2
  Segment part 0. ROOT.
           ENTRY                   ADDRESS         REF BY
           =====                   =======         ======
           onKey_bx                00000008        nse_onkey (main)
           onMessage_bx            00000008        nse_onmessage (main)

    *************************************************************************

  FILE NAME : D:\SVN\SieELF\SieELF\NSG_ELF_Emulator\NSE_ELF\Other\SGold x65\Obj\conf_loader.r79
  PROGRAM MODULE, NAME : conf_loader

  SEGMENTS IN THE MODULE
  ======================
DATA_I
  Relative segment, address: DATA_AREA 00000000 - 00000003 (0x4 bytes), align: 2
  Segment part 4.             Intra module refs:   LoadConfigData
           ENTRY                   ADDRESS         REF BY
           =====                   =======         ======
           successed_config_filename
                                   00000000 
    -------------------------------------------------------------------------
CODE
  Segment part 6. NOT NEEDED.
    -------------------------------------------------------------------------
CODE
  Relative segment, address: CODE_AREA 0000000C - 00000137 (0x12c bytes), align: 2
  Segment part 7.             Intra module refs:   InitConfig
           ENTRY                   ADDRESS         REF BY
           =====                   =======         ======
           LoadConfigData          0000000C 
               stack 1 = 00000000 ( 00000030 )
    -------------------------------------------------------------------------
CODE
  Segment part 8. NOT NEEDED.
    -------------------------------------------------------------------------
CODE
  Relative segment, address: CODE_AREA 00000138 - 0000015F (0x28 bytes), align: 2
  Segment part 9.
           ENTRY                   ADDRESS         REF BY
           =====                   =======         ======
           InitConfig              00000138        main (main)
                                                   maincsm_onmessage (main)
               stack 1 = 00000000 ( 00000008 )
    -------------------------------------------------------------------------
CSTACK
  Segment part 1. NOT NEEDED.
    -------------------------------------------------------------------------
DATA_ID
  Relative segment, address: CODE_AREA 00000000 - 00000003 (0x4 bytes), align: 2
  Segment part 5.             Intra module refs:   successed_config_filename
    -------------------------------------------------------------------------
DATA_ID
  Segment part 10. NOT NEEDED.
           ENTRY                   ADDRESS         REF BY
           =====                   =======         ======
           ?*?DATA_ID              
    -------------------------------------------------------------------------
INITTAB
  Relative segment, address: CODE_AREA 000014D0 - 000014DB (0xc bytes), align: 2
  Segment part 11. ROOT.
           ENTRY                   ADDRESS         REF BY
           =====                   =======         ======
           ?init?tab?DATA_I        000014D0 
    -------------------------------------------------------------------------
CONFIG_C
  Segment part 12. NOT NEEDED.
    -------------------------------------------------------------------------
DATA_C
  Relative segment, address: CODE_AREA 000014CC - 000014CC (0x1 bytes), align: 0
  Segment part 2.             Intra module refs:   Segment part 5
    -------------------------------------------------------------------------
DATA_C
  Relative segment, address: CODE_AREA 000013A4 - 000013D3 (0x30 bytes), align: 2
  Segment part 3.             Intra module refs:   InitConfig

    *************************************************************************

  FILE NAME : D:\SVN\SieELF\SieELF\NSG_ELF_Emulator\NSE_ELF\Other\SGold x65\Obj\config_data.r79
  PROGRAM MODULE, NAME : config_data

  SEGMENTS IN THE MODULE
  ======================
CONFIG_C
  Relative segment, address: CODE_AREA 000017E4 - 0000180F (0x2c bytes), align: 2
  Segment part 2. ROOT.
           ENTRY                   ADDRESS         REF BY
           =====                   =======         ======
           cfghdr_01_begin         000017E4        LoadConfigData (conf_loader)
    -------------------------------------------------------------------------
CONFIG_C
  Relative segment, address: CODE_AREA 00001810 - 0000183B (0x2c bytes), align: 2
  Segment part 3. ROOT.
           ENTRY                   ADDRESS         REF BY
           =====                   =======         ======
           cfghdr_01_00_begin      00001810 
    -------------------------------------------------------------------------
CONFIG_C
  Relative segment, address: CODE_AREA 0000183C - 00001867 (0x2c bytes), align: 2
  Segment part 4. ROOT.
           ENTRY                   ADDRESS         REF BY
           =====                   =======         ======
           cfghdr_01_00__1         0000183C 
    -------------------------------------------------------------------------
CONFIG_C
  Relative segment, address: CODE_AREA 00001868 - 0000186B (0x4 bytes), align: 2
  Segment part 5. ROOT.
           ENTRY                   ADDRESS         REF BY
           =====                   =======         ======
           bcfg_csm_act            00001868        CreateCSM_mod (func_ext)
    -------------------------------------------------------------------------
CONFIG_C
  Relative segment, address: CODE_AREA 0000186C - 000018AB (0x40 bytes), align: 2
  Segment part 6. ROOT.
           ENTRY                   ADDRESS         REF BY
           =====                   =======         ======
           cfghdr_01_00__1c        0000186C 
    -------------------------------------------------------------------------
CONFIG_C
  Relative segment, address: CODE_AREA 000018AC - 000018D7 (0x2c bytes), align: 2
  Segment part 7. ROOT.
           ENTRY                   ADDRESS         REF BY
           =====                   =======         ======
           cfghdr_01_00__2         000018AC 
    -------------------------------------------------------------------------
CONFIG_C
  Relative segment, address: CODE_AREA 000018D8 - 000018DB (0x4 bytes), align: 2
  Segment part 8. ROOT.
           ENTRY                   ADDRESS         REF BY
           =====                   =======         ======
           bcfg_markcsm_ena        000018D8        CreateCSM_mod (func_ext)
    -------------------------------------------------------------------------
CONFIG_C
  Relative segment, address: CODE_AREA 000018DC - 00001907 (0x2c bytes), align: 2
  Segment part 9. ROOT.
           ENTRY                   ADDRESS         REF BY
           =====                   =======         ======
           cfghdr_01_00_end        000018DC 
    -------------------------------------------------------------------------
CONFIG_C
  Relative segment, address: CODE_AREA 00001908 - 00001933 (0x2c bytes), align: 2
  Segment part 10. ROOT.
           ENTRY                   ADDRESS         REF BY
           =====                   =======         ======
           cfghdr_01_01_begin      00001908 
    -------------------------------------------------------------------------
CONFIG_C
  Relative segment, address: CODE_AREA 00001934 - 0000195F (0x2c bytes), align: 2
  Segment part 11. ROOT.
           ENTRY                   ADDRESS         REF BY
           =====                   =======         ======
           cfghdr_01_01__1         00001934 
    -------------------------------------------------------------------------
CONFIG_C
  Relative segment, address: CODE_AREA 00001960 - 00001963 (0x4 bytes), align: 2
  Segment part 12. ROOT.
           ENTRY                   ADDRESS         REF BY
           =====                   =======         ======
           bcfg_0x136_ena          00001960        Segment part 22 (main)
    -------------------------------------------------------------------------
CONFIG_C
  Relative segment, address: CODE_AREA 00001964 - 0000198F (0x2c bytes), align: 2
  Segment part 13. ROOT.
           ENTRY                   ADDRESS         REF BY
           =====                   =======         ======
           cfghdr_01_01__2         00001964 
    -------------------------------------------------------------------------
CONFIG_C
  Relative segment, address: CODE_AREA 00001990 - 00001993 (0x4 bytes), align: 2
  Segment part 14. ROOT.
           ENTRY                   ADDRESS         REF BY
           =====                   =======         ======
           bcfg_0x137_ena          00001990        Segment part 21 (main)
    -------------------------------------------------------------------------
CONFIG_C
  Relative segment, address: CODE_AREA 00001994 - 000019BF (0x2c bytes), align: 2
  Segment part 15. ROOT.
           ENTRY                   ADDRESS         REF BY
           =====                   =======         ======
           cfghdr_01_01__3         00001994 
    -------------------------------------------------------------------------
CONFIG_C
  Relative segment, address: CODE_AREA 000019C0 - 000019C3 (0x4 bytes), align: 2
  Segment part 16. ROOT.
           ENTRY                   ADDRESS         REF BY
           =====                   =======         ======
           bcfg_0x138_ena          000019C0        Segment part 23 (main)
    -------------------------------------------------------------------------
CONFIG_C
  Relative segment, address: CODE_AREA 000019C4 - 000019EF (0x2c bytes), align: 2
  Segment part 17. ROOT.
           ENTRY                   ADDRESS         REF BY
           =====                   =======         ======
           cfghdr_01_01__4         000019C4 
    -------------------------------------------------------------------------
CONFIG_C
  Relative segment, address: CODE_AREA 000019F0 - 000019F3 (0x4 bytes), align: 2
  Segment part 18. ROOT.
           ENTRY                   ADDRESS         REF BY
           =====                   =======         ======
           bcfg_0x139_ena          000019F0        Segment part 24 (main)
    -------------------------------------------------------------------------
CONFIG_C
  Relative segment, address: CODE_AREA 000019F4 - 00001A1F (0x2c bytes), align: 2
  Segment part 19. ROOT.
           ENTRY                   ADDRESS         REF BY
           =====                   =======         ======
           cfghdr_01_01__5         000019F4 
    -------------------------------------------------------------------------
CONFIG_C
  Relative segment, address: CODE_AREA 00001A20 - 00001A23 (0x4 bytes), align: 2
  Segment part 20. ROOT.
           ENTRY                   ADDRESS         REF BY
           =====                   =======         ======
           bcfg_0x13A_ena          00001A20        Segment part 25 (main)
    -------------------------------------------------------------------------
CONFIG_C
  Relative segment, address: CODE_AREA 00001A24 - 00001A4F (0x2c bytes), align: 2
  Segment part 21. ROOT.
           ENTRY                   ADDRESS         REF BY
           =====                   =======         ======
           cfghdr_01_01_end        00001A24 
    -------------------------------------------------------------------------
CONFIG_C
  Relative segment, address: CODE_AREA 00001A50 - 00001A7B (0x2c bytes), align: 2
  Segment part 22. ROOT.
           ENTRY                   ADDRESS         REF BY
           =====                   =======         ======
           cfghdr_01_02_begin      00001A50 
    -------------------------------------------------------------------------
CONFIG_C
  Relative segment, address: CODE_AREA 00001A7C - 00001AA7 (0x2c bytes), align: 2
  Segment part 23. ROOT.
           ENTRY                   ADDRESS         REF BY
           =====                   =======         ======
           cfghdr_01_02__1         00001A7C 
    -------------------------------------------------------------------------
CONFIG_C
  Relative segment, address: CODE_AREA 00001AA8 - 00001AAB (0x4 bytes), align: 2
  Segment part 24. ROOT.
           ENTRY                   ADDRESS         REF BY
           =====                   =======         ======
           bcfg_0x152_ena          00001AA8        Segment part 27 (main)
    -------------------------------------------------------------------------
CONFIG_C
  Relative segment, address: CODE_AREA 00001AAC - 00001AD7 (0x2c bytes), align: 2
  Segment part 25. ROOT.
           ENTRY                   ADDRESS         REF BY
           =====                   =======         ======
           cfghdr_01_02__2         00001AAC 
    -------------------------------------------------------------------------
CONFIG_C
  Relative segment, address: CODE_AREA 00001AD8 - 00001ADB (0x4 bytes), align: 2
  Segment part 26. ROOT.
           ENTRY                   ADDRESS         REF BY
           =====                   =======         ======
           bcfg_0x167_ena          00001AD8        Segment part 26 (main)
    -------------------------------------------------------------------------
CONFIG_C
  Relative segment, address: CODE_AREA 00001ADC - 00001B07 (0x2c bytes), align: 2
  Segment part 27. ROOT.
           ENTRY                   ADDRESS         REF BY
           =====                   =======         ======
           cfghdr_01_02__3         00001ADC 
    -------------------------------------------------------------------------
CONFIG_C
  Relative segment, address: CODE_AREA 00001B08 - 00001B0B (0x4 bytes), align: 2
  Segment part 28. ROOT.
           ENTRY                   ADDRESS         REF BY
           =====                   =======         ======
           bcfg_0x217_ena          00001B08        Segment part 28 (main)
    -------------------------------------------------------------------------
CONFIG_C
  Relative segment, address: CODE_AREA 00001B0C - 00001B37 (0x2c bytes), align: 2
  Segment part 29. ROOT.
           ENTRY                   ADDRESS         REF BY
           =====                   =======         ======
           cfghdr_01_02_end        00001B0C 
    -------------------------------------------------------------------------
CONFIG_C
  Relative segment, address: CODE_AREA 00001B38 - 00001B63 (0x2c bytes), align: 2
  Segment part 30. ROOT.
           ENTRY                   ADDRESS         REF BY
           =====                   =======         ======
           cfghdr_01_03_begin      00001B38 
    -------------------------------------------------------------------------
CONFIG_C
  Relative segment, address: CODE_AREA 00001B64 - 00001B8F (0x2c bytes), align: 2
  Segment part 31. ROOT.
           ENTRY                   ADDRESS         REF BY
           =====                   =======         ======
           cfghdr_01_03__1         00001B64 
    -------------------------------------------------------------------------
CONFIG_C
  Relative segment, address: CODE_AREA 00001B90 - 00001B93 (0x4 bytes), align: 2
  Segment part 32. ROOT.
           ENTRY                   ADDRESS         REF BY
           =====                   =======         ======
           bcfg_0x04A_ena          00001B90        Segment part 29 (main)
    -------------------------------------------------------------------------
CONFIG_C
  Relative segment, address: CODE_AREA 00001B94 - 00001BBF (0x2c bytes), align: 2
  Segment part 33. ROOT.
           ENTRY                   ADDRESS         REF BY
           =====                   =======         ======
           cfghdr_01_03__2         00001B94 
    -------------------------------------------------------------------------
CONFIG_C
  Relative segment, address: CODE_AREA 00001BC0 - 00001BC3 (0x4 bytes), align: 2
  Segment part 34. ROOT.
           ENTRY                   ADDRESS         REF BY
           =====                   =======         ======
           bcfg_0x099_ena          00001BC0        Segment part 30 (main)
    -------------------------------------------------------------------------
CONFIG_C
  Relative segment, address: CODE_AREA 00001BC4 - 00001BEF (0x2c bytes), align: 2
  Segment part 35. ROOT.
           ENTRY                   ADDRESS         REF BY
           =====                   =======         ======
           cfghdr_01_03_end        00001BC4 
    -------------------------------------------------------------------------
CONFIG_C
  Relative segment, address: CODE_AREA 00001BF0 - 00001C1B (0x2c bytes), align: 2
  Segment part 36. ROOT.
           ENTRY                   ADDRESS         REF BY
           =====                   =======         ======
           cfghdr_01_04_begin      00001BF0 
    -------------------------------------------------------------------------
CONFIG_C
  Relative segment, address: CODE_AREA 00001C1C - 00001C47 (0x2c bytes), align: 2
  Segment part 37. ROOT.
           ENTRY                   ADDRESS         REF BY
           =====                   =======         ======
           cfghdr_01_04__1         00001C1C 
    -------------------------------------------------------------------------
CONFIG_C
  Relative segment, address: CODE_AREA 00001C48 - 00001C4B (0x4 bytes), align: 2
  Segment part 38. ROOT.
           ENTRY                   ADDRESS         REF BY
           =====                   =======         ======
           bcfg_fss_fstype         00001C48        CreateSecondaryRamLib (main)
    -------------------------------------------------------------------------
CONFIG_C
  Relative segment, address: CODE_AREA 00001C4C - 00001C8B (0x40 bytes), align: 2
  Segment part 39. ROOT.
           ENTRY                   ADDRESS         REF BY
           =====                   =======         ======
           cfghdr_01_04__01c       00001C4C 
    -------------------------------------------------------------------------
CONFIG_C
  Relative segment, address: CODE_AREA 00001C8C - 00001CB7 (0x2c bytes), align: 2
  Segment part 40. ROOT.
           ENTRY                   ADDRESS         REF BY
           =====                   =======         ======
           cfghdr_01_04__2         00001C8C 
    -------------------------------------------------------------------------
CONFIG_C
  Relative segment, address: CODE_AREA 00001CB8 - 00001CBB (0x4 bytes), align: 2
  Segment part 41. ROOT.
           ENTRY                   ADDRESS         REF BY
           =====                   =======         ======
           bcfg_fss_type           00001CB8        nse_keyhook (main)
    -------------------------------------------------------------------------
CONFIG_C
  Relative segment, address: CODE_AREA 00001CBC - 00001D1B (0x60 bytes), align: 2
  Segment part 42. ROOT.
           ENTRY                   ADDRESS         REF BY
           =====                   =======         ======
           cfghdr_01_04__2c        00001CBC 
    -------------------------------------------------------------------------
CONFIG_C
  Relative segment, address: CODE_AREA 00001D1C - 00001D47 (0x2c bytes), align: 2
  Segment part 43. ROOT.
           ENTRY                   ADDRESS         REF BY
           =====                   =======         ======
           cfghdr_01_04__3         00001D1C 
    -------------------------------------------------------------------------
CONFIG_C
  Relative segment, address: CODE_AREA 00001D48 - 00001D4B (0x4 bytes), align: 2
  Segment part 44. ROOT.
           ENTRY                   ADDRESS         REF BY
           =====                   =======         ======
           bcfg_fss_key            00001D48        nse_keyhook (main)
    -------------------------------------------------------------------------
CONFIG_C
  Relative segment, address: CODE_AREA 00001D4C - 00001D77 (0x2c bytes), align: 2
  Segment part 45. ROOT.
           ENTRY                   ADDRESS         REF BY
           =====                   =======         ======
           cfghdr_01_04__4         00001D4C 
    -------------------------------------------------------------------------
CONFIG_C
  Relative segment, address: CODE_AREA 00001D78 - 00001D7B (0x4 bytes), align: 2
  Segment part 46. ROOT.
           ENTRY                   ADDRESS         REF BY
           =====                   =======         ======
           bcfg_fss_msg            00001D78        nse_keyhook (main)
    -------------------------------------------------------------------------
CONFIG_C
  Relative segment, address: CODE_AREA 00001D7C - 00001DA7 (0x2c bytes), align: 2
  Segment part 47. ROOT.
           ENTRY                   ADDRESS         REF BY
           =====                   =======         ======
           cfghdr_01_04_end        00001D7C 
    -------------------------------------------------------------------------
CONFIG_C
  Relative segment, address: CODE_AREA 00001DA8 - 00001DD3 (0x2c bytes), align: 2
  Segment part 48. ROOT.
           ENTRY                   ADDRESS         REF BY
           =====                   =======         ======
           cfghdr_01_05_begin      00001DA8 
    -------------------------------------------------------------------------
CONFIG_C
  Relative segment, address: CODE_AREA 00001DD4 - 00001DFF (0x2c bytes), align: 2
  Segment part 49. ROOT.
           ENTRY                   ADDRESS         REF BY
           =====                   =======         ======
           cfghdr_01_05__1         00001DD4 
    -------------------------------------------------------------------------
CONFIG_C
  Relative segment, address: CODE_AREA 00001E00 - 00001E03 (0x4 bytes), align: 2
  Segment part 50. ROOT.
           ENTRY                   ADDRESS         REF BY
           =====                   =======         ======
           bcfg_isnsg              00001E00        CreateSecondaryRamLib (main)
    -------------------------------------------------------------------------
CONFIG_C
  Relative segment, address: CODE_AREA 00001E04 - 00001E63 (0x60 bytes), align: 2
  Segment part 51. ROOT.
           ENTRY                   ADDRESS         REF BY
           =====                   =======         ======
           cfghdr_01_05__1c        00001E04 
    -------------------------------------------------------------------------
CONFIG_C
  Relative segment, address: CODE_AREA 00001E64 - 00001E8F (0x2c bytes), align: 2
  Segment part 52. ROOT.
           ENTRY                   ADDRESS         REF BY
           =====                   =======         ======
           cfghdr_01_05_end        00001E64 
    -------------------------------------------------------------------------
CONFIG_C
  Relative segment, address: CODE_AREA 00001E90 - 00001EBB (0x2c bytes), align: 2
  Segment part 53. ROOT.
           ENTRY                   ADDRESS         REF BY
           =====                   =======         ======
           cfghdr_01_end           00001E90 
    -------------------------------------------------------------------------
CONFIG_C
  Relative segment, address: CODE_AREA 00001EBC - 00001EE7 (0x2c bytes), align: 2
  Segment part 54. ROOT.
           ENTRY                   ADDRESS         REF BY
           =====                   =======         ======
           cfghdr_02_begin         00001EBC 
    -------------------------------------------------------------------------
CONFIG_C
  Relative segment, address: CODE_AREA 00001EE8 - 00001F13 (0x2c bytes), align: 2
  Segment part 55. ROOT.
           ENTRY                   ADDRESS         REF BY
           =====                   =======         ======
           cfghdr_02__01           00001EE8 
    -------------------------------------------------------------------------
CONFIG_C
  Relative segment, address: CODE_AREA 00001F14 - 00001F17 (0x4 bytes), align: 2
  Segment part 56. ROOT.
           ENTRY                   ADDRESS         REF BY
           =====                   =======         ======
           bcfg_ka_type            00001F14        CreateSecondaryRamLib (main)
    -------------------------------------------------------------------------
CONFIG_C
  Relative segment, address: CODE_AREA 00001F18 - 00001F57 (0x40 bytes), align: 2
  Segment part 57. ROOT.
           ENTRY                   ADDRESS         REF BY
           =====                   =======         ======
           cfghdr_02__01c          00001F18 
    -------------------------------------------------------------------------
CONFIG_C
  Relative segment, address: CODE_AREA 00001F58 - 00001F83 (0x2c bytes), align: 2
  Segment part 58. ROOT.
           ENTRY                   ADDRESS         REF BY
           =====                   =======         ======
           cfghdr_02__02           00001F58 
    -------------------------------------------------------------------------
CONFIG_C
  Relative segment, address: CODE_AREA 00001F84 - 00001F87 (0x4 bytes), align: 2
  Segment part 59. ROOT.
           ENTRY                   ADDRESS         REF BY
           =====                   =======         ======
           bcfg_type               00001F84        Segment part 42 (main)
    -------------------------------------------------------------------------
CONFIG_C
  Relative segment, address: CODE_AREA 00001F88 - 00001FE7 (0x60 bytes), align: 2
  Segment part 60. ROOT.
           ENTRY                   ADDRESS         REF BY
           =====                   =======         ======
           cfghdr_02__02c          00001F88 
    -------------------------------------------------------------------------
CONFIG_C
  Relative segment, address: CODE_AREA 00001FE8 - 00002013 (0x2c bytes), align: 2
  Segment part 61. ROOT.
           ENTRY                   ADDRESS         REF BY
           =====                   =======         ======
           cfghdr_02__03           00001FE8 
    -------------------------------------------------------------------------
CONFIG_C
  Relative segment, address: CODE_AREA 00002014 - 00002017 (0x4 bytes), align: 2
  Segment part 62. ROOT.
           ENTRY                   ADDRESS         REF BY
           =====                   =======         ======
           bcfg_key                00002014        nse_keyhook (main)
    -------------------------------------------------------------------------
CONFIG_C
  Relative segment, address: CODE_AREA 00002018 - 00002043 (0x2c bytes), align: 2
  Segment part 63. ROOT.
           ENTRY                   ADDRESS         REF BY
           =====                   =======         ======
           cfghdr_02__04           00002018 
    -------------------------------------------------------------------------
CONFIG_C
  Relative segment, address: CODE_AREA 00002044 - 00002047 (0x4 bytes), align: 2
  Segment part 64. ROOT.
           ENTRY                   ADDRESS         REF BY
           =====                   =======         ======
           bcfg_msg                00002044        nse_keyhook (main)
    -------------------------------------------------------------------------
CONFIG_C
  Relative segment, address: CODE_AREA 00002048 - 00002073 (0x2c bytes), align: 2
  Segment part 65. ROOT.
           ENTRY                   ADDRESS         REF BY
           =====                   =======         ======
           cfghdr_02_01_begin      00002048 
    -------------------------------------------------------------------------
CONFIG_C
  Relative segment, address: CODE_AREA 00002074 - 0000209F (0x2c bytes), align: 2
  Segment part 66. ROOT.
           ENTRY                   ADDRESS         REF BY
           =====                   =======         ======
           cfghdr_02_01__1         00002074 
    -------------------------------------------------------------------------
CONFIG_C
  Relative segment, address: CODE_AREA 000020A0 - 000020A3 (0x4 bytes), align: 2
  Segment part 67. ROOT.
           ENTRY                   ADDRESS         REF BY
           =====                   =======         ======
           bcfg_ls_ena             000020A0        nse_onkey (main)
    -------------------------------------------------------------------------
CONFIG_C
  Relative segment, address: CODE_AREA 000020A4 - 000020CF (0x2c bytes), align: 2
  Segment part 68. ROOT.
           ENTRY                   ADDRESS         REF BY
           =====                   =======         ======
           cfghdr_02_01__2         000020A4 
    -------------------------------------------------------------------------
CONFIG_C
  Relative segment, address: CODE_AREA 000020D0 - 000020D3 (0x4 bytes), align: 2
  Segment part 69. ROOT.
           ENTRY                   ADDRESS         REF BY
           =====                   =======         ======
           bcfg_rs_ena             000020D0        nse_onkey (main)
    -------------------------------------------------------------------------
CONFIG_C
  Relative segment, address: CODE_AREA 000020D4 - 000020FF (0x2c bytes), align: 2
  Segment part 70. ROOT.
           ENTRY                   ADDRESS         REF BY
           =====                   =======         ======
           cfghdr_02_01__3         000020D4 
    -------------------------------------------------------------------------
CONFIG_C
  Relative segment, address: CODE_AREA 00002100 - 00002103 (0x4 bytes), align: 2
  Segment part 71. ROOT.
           ENTRY                   ADDRESS         REF BY
           =====                   =======         ======
           bcfg_ub_ena             00002100        nse_onkey (main)
    -------------------------------------------------------------------------
CONFIG_C
  Relative segment, address: CODE_AREA 00002104 - 0000212F (0x2c bytes), align: 2
  Segment part 72. ROOT.
           ENTRY                   ADDRESS         REF BY
           =====                   =======         ======
           cfghdr_02_01__4         00002104 
    -------------------------------------------------------------------------
CONFIG_C
  Relative segment, address: CODE_AREA 00002130 - 00002133 (0x4 bytes), align: 2
  Segment part 73. ROOT.
           ENTRY                   ADDRESS         REF BY
           =====                   =======         ======
           bcfg_db_ena             00002130        nse_onkey (main)
    -------------------------------------------------------------------------
CONFIG_C
  Relative segment, address: CODE_AREA 00002134 - 0000215F (0x2c bytes), align: 2
  Segment part 74. ROOT.
           ENTRY                   ADDRESS         REF BY
           =====                   =======         ======
           cfghdr_02_01__5         00002134 
    -------------------------------------------------------------------------
CONFIG_C
  Relative segment, address: CODE_AREA 00002160 - 00002163 (0x4 bytes), align: 2
  Segment part 75. ROOT.
           ENTRY                   ADDRESS         REF BY
           =====                   =======         ======
           bcfg_lb_ena             00002160        nse_onkey (main)
    -------------------------------------------------------------------------
CONFIG_C
  Relative segment, address: CODE_AREA 00002164 - 0000218F (0x2c bytes), align: 2
  Segment part 76. ROOT.
           ENTRY                   ADDRESS         REF BY
           =====                   =======         ======
           cfghdr_02_01__6         00002164 
    -------------------------------------------------------------------------
CONFIG_C
  Relative segment, address: CODE_AREA 00002190 - 00002193 (0x4 bytes), align: 2
  Segment part 77. ROOT.
           ENTRY                   ADDRESS         REF BY
           =====                   =======         ======
           bcfg_rb_ena             00002190        nse_onkey (main)
    -------------------------------------------------------------------------
CONFIG_C
  Relative segment, address: CODE_AREA 00002194 - 000021BF (0x2c bytes), align: 2
  Segment part 78. ROOT.
           ENTRY                   ADDRESS         REF BY
           =====                   =======         ======
           cfghdr_02_01_end        00002194 
    -------------------------------------------------------------------------
CONFIG_C
  Relative segment, address: CODE_AREA 000021C0 - 000021EB (0x2c bytes), align: 2
  Segment part 79. ROOT.
           ENTRY                   ADDRESS         REF BY
           =====                   =======         ======
           cfghdr_02_end           000021C0 
    -------------------------------------------------------------------------
CSTACK
  Segment part 1. NOT NEEDED.

    *************************************************************************

  FILE NAME : D:\SVN\SieELF\SieELF\NSG_ELF_Emulator\NSE_ELF\Other\SGold x65\Obj\func.r79
  PROGRAM MODULE, NAME : func

  SEGMENTS IN THE MODULE
  ======================
ELFBEGIN
  Relative segment, address: CODE_AREA 00000000, align: 0
  Segment part 0. ROOT.
           ENTRY                   ADDRESS         REF BY
           =====                   =======         ======
           ELF_BEGIN               00000000        ELFUnload (main)
    -------------------------------------------------------------------------
CODE
  Relative segment, address: CODE_AREA 00000160 - 00000167 (0x8 bytes), align: 2
  Segment part 1. ROOT.
           ENTRY                   ADDRESS         REF BY
           =====                   =======         ======
           kill_data               00000160        ELFUnload (main)
           seqkill                 00000164 

    *************************************************************************

  FILE NAME : D:\SVN\SieELF\SieELF\NSG_ELF_Emulator\NSE_ELF\Other\SGold x65\Obj\func_ext.r79
  PROGRAM MODULE, NAME : func_ext

  SEGMENTS IN THE MODULE
  ======================
CODE
  Segment part 4. NOT NEEDED.
    -------------------------------------------------------------------------
CODE
  Relative segment, address: CODE_AREA 00000168 - 0000025B (0xf4 bytes), align: 2
  Segment part 5.
           ENTRY                   ADDRESS         REF BY
           =====                   =======         ======
           CreateCSM_mod           00000168        CreateSecondaryRamLib (main)
               stack 1 = 00000000 ( 00000018 )
    -------------------------------------------------------------------------
CODE
  Segment part 6. NOT NEEDED.
    -------------------------------------------------------------------------
CODE
  Relative segment, address: CODE_AREA 0000025C - 000002AB (0x50 bytes), align: 2
  Segment part 7.
           ENTRY                   ADDRESS         REF BY
           =====                   =======         ======
           CreateGUI_mod           0000025C        CreateSecondaryRamLib (main)
               stack 1 = 00000000 ( 00000008 )
    -------------------------------------------------------------------------
CODE
  Segment part 8. NOT NEEDED.
    -------------------------------------------------------------------------
CODE
  Relative segment, address: CODE_AREA 000002AC - 00000303 (0x58 bytes), align: 2
  Segment part 9.
           ENTRY                   ADDRESS         REF BY
           =====                   =======         ======
           CreateGUI_ID_mod        000002AC        CreateSecondaryRamLib (main)
               stack 1 = 00000000 ( 0000000C )
    -------------------------------------------------------------------------
CODE
  Segment part 10. NOT NEEDED.
    -------------------------------------------------------------------------
CODE
  Relative segment, address: CODE_AREA 00000304 - 00000353 (0x50 bytes), align: 2
  Segment part 11.
           ENTRY                   ADDRESS         REF BY
           =====                   =======         ======
           CreateGUI_30or2_mod     00000304        CreateSecondaryRamLib (main)
               stack 1 = 00000000 ( 00000008 )
    -------------------------------------------------------------------------
CODE
  Segment part 12. NOT NEEDED.
    -------------------------------------------------------------------------
CODE
  Relative segment, address: CODE_AREA 00000354 - 000003AB (0x58 bytes), align: 2
  Segment part 13.
           ENTRY                   ADDRESS         REF BY
           =====                   =======         ======
           CreateGUIWithDummyCSM_mod
                                   00000354        CreateSecondaryRamLib (main)
               stack 1 = 00000000 ( 0000000C )
    -------------------------------------------------------------------------
CODE
  Segment part 14. NOT NEEDED.
    -------------------------------------------------------------------------
CODE
  Relative segment, address: CODE_AREA 000003AC - 00000403 (0x58 bytes), align: 2
  Segment part 15.
           ENTRY                   ADDRESS         REF BY
           =====                   =======         ======
           CreateGUIWithDummyCSM_30or2_mod
                                   000003AC        CreateSecondaryRamLib (main)
               stack 1 = 00000000 ( 0000000C )
    -------------------------------------------------------------------------
CODE
  Segment part 16. NOT NEEDED.
    -------------------------------------------------------------------------
CODE
  Relative segment, address: CODE_AREA 00000404 - 0000048F (0x8c bytes), align: 2
  Segment part 17.
           ENTRY                   ADDRESS         REF BY
           =====                   =======         ======
           CreateInputTextDialog_mod
                                   00000404        CreateSecondaryRamLib (main)
               stack 1 = 00000000 ( 00000024 )
    -------------------------------------------------------------------------
CODE
  Segment part 18. NOT NEEDED.
    -------------------------------------------------------------------------
CODE
  Relative segment, address: CODE_AREA 00000490 - 00000503 (0x74 bytes), align: 2
  Segment part 19.
           ENTRY                   ADDRESS         REF BY
           =====                   =======         ======
           CreateMenu_mod          00000490        CreateSecondaryRamLib (main)
               stack 1 = 00000000 ( 00000034 )
    -------------------------------------------------------------------------
CODE
  Segment part 20. NOT NEEDED.
    -------------------------------------------------------------------------
CODE
  Relative segment, address: CODE_AREA 00000504 - 00000563 (0x60 bytes), align: 2
  Segment part 21.
           ENTRY                   ADDRESS         REF BY
           =====                   =======         ======
           CreateMultiLinesMenu_mod
                                   00000504        CreateSecondaryRamLib (main)
               stack 1 = 00000000 ( 00000024 )
    -------------------------------------------------------------------------
CODE
  Segment part 22. NOT NEEDED.
    -------------------------------------------------------------------------
CODE
  Relative segment, address: CODE_AREA 00000564 - 0000062B (0xc8 bytes), align: 2
  Segment part 23.
           ENTRY                   ADDRESS         REF BY
           =====                   =======         ======
           PlayFile_mod            00000564        CreateSecondaryRamLib (main)
               stack 1 = 00000000 ( 00000034 )
    -------------------------------------------------------------------------
CODE
  Segment part 24. NOT NEEDED.
    -------------------------------------------------------------------------
CODE
  Relative segment, address: CODE_AREA 0000062C - 0000064B (0x20 bytes), align: 2
  Segment part 25.
           ENTRY                   ADDRESS         REF BY
           =====                   =======         ======
           PlayMelodyInMem_mod     0000062C        CreateSecondaryRamLib (main)
               stack 1 = 00000000 ( 0000000C )
    -------------------------------------------------------------------------
CODE
  Segment part 26. NOT NEEDED.
    -------------------------------------------------------------------------
DATA_Z
  Relative segment, address: CODE_AREA 000014E8 - 0000169F (0x1b8 bytes), align: 2
  Segment part 3.             Intra module refs:   Segment part 32
           ENTRY                   ADDRESS         REF BY
           =====                   =======         ======
           dir                     000014E8 
    -------------------------------------------------------------------------
CODE
  Relative segment, address: CODE_AREA 0000064C - 0000077B (0x130 bytes), align: 2
  Segment part 27.
           ENTRY                   ADDRESS         REF BY
           =====                   =======         ======
           FindFirstFile_mod       0000064C        CreateSecondaryRamLib (main)
               stack 1 = 00000000 ( 00000014 )
    -------------------------------------------------------------------------
CODE
  Segment part 28. NOT NEEDED.
    -------------------------------------------------------------------------
CODE
  Relative segment, address: CODE_AREA 0000077C - 000008B7 (0x13c bytes), align: 2
  Segment part 29.
           ENTRY                   ADDRESS         REF BY
           =====                   =======         ======
           FindNextFile_mod        0000077C        CreateSecondaryRamLib (main)
               stack 1 = 00000000 ( 00000010 )
    -------------------------------------------------------------------------
CODE
  Segment part 30. NOT NEEDED.
    -------------------------------------------------------------------------
CODE
  Relative segment, address: CODE_AREA 000008B8 - 000009DB (0x124 bytes), align: 2
  Segment part 31.
           ENTRY                   ADDRESS         REF BY
           =====                   =======         ======
           FindClose_mod           000008B8        CreateSecondaryRamLib (main)
               stack 1 = 00000000 ( 00000010 )
    -------------------------------------------------------------------------
CODE
  Relative segment, address: CODE_AREA 000009DC - 000009DF (0x4 bytes), align: 2
  Segment part 32.            Intra module refs:   FindClose_mod
                                                   FindFirstFile_mod
                                                   FindNextFile_mod
    -------------------------------------------------------------------------
CSTACK
  Segment part 1. NOT NEEDED.
    -------------------------------------------------------------------------
INITTAB
  Relative segment, address: CODE_AREA 000014DC - 000014E7 (0xc bytes), align: 2
  Segment part 33. ROOT.
           ENTRY                   ADDRESS         REF BY
           =====                   =======         ======
           ?init?tab?DATA_Z        000014DC 
    -------------------------------------------------------------------------
DATA_C
  Relative segment, address: CODE_AREA 000013D4 - 000013F3 (0x20 bytes), align: 2
  Segment part 2.             Intra module refs:   CreateCSM_mod

    *************************************************************************

  FILE NAME : D:\SVN\SieELF\SieELF\NSG_ELF_Emulator\NSE_ELF\Other\SGold x65\Obj\main.r79
  PROGRAM MODULE, NAME : main

  SEGMENTS IN THE MODULE
  ======================
DATA_I
  Relative segment, address: DATA_AREA 00000004 - 00000007 (0x4 bytes), align: 2
  Segment part 5.             Intra module refs:   nse_keyhook
           ENTRY                   ADDRESS         REF BY
           =====                   =======         ======
           keyup                   00000004 
    -------------------------------------------------------------------------
DATA_Z
  Relative segment, address: CODE_AREA 000016A0 - 000016A3 (0x4 bytes), align: 2
  Segment part 7.             Intra module refs:   Segment part 44
           ENTRY                   ADDRESS         REF BY
           =====                   =======         ======
           key_hook                000016A0 
    -------------------------------------------------------------------------
DATA_Z
  Relative segment, address: CODE_AREA 000016A4 - 000016B7 (0x14 bytes), align: 2
  Segment part 8.             Intra module refs:   nse_onmessage
           ENTRY                   ADDRESS         REF BY
           =====                   =======         ======
           gbs_msg_nsg_msg         000016A4 
    -------------------------------------------------------------------------
DATA_Z
  Relative segment, address: CODE_AREA 000016B8 - 000016CB (0x14 bytes), align: 2
  Segment part 9.             Intra module refs:   nse_onkey
           ENTRY                   ADDRESS         REF BY
           =====                   =======         ======
           gbs_msg_nsg_key         000016B8 
    -------------------------------------------------------------------------
CODE
  Segment part 11. NOT NEEDED.
    -------------------------------------------------------------------------
CODE
  Relative segment, address: CODE_AREA 000009E0 - 00000C67 (0x288 bytes), align: 2
  Segment part 12.            Intra module refs:   Segment part 43
           ENTRY                   ADDRESS         REF BY
           =====                   =======         ======
           nse_keyhook             000009E0 
               stack 1 = 00000000 ( 0000002C )
    -------------------------------------------------------------------------
CODE
  Segment part 13. NOT NEEDED.
    -------------------------------------------------------------------------
CODE
  Relative segment, address: CODE_AREA 00000C68 - 00000DDB (0x174 bytes), align: 2
  Segment part 14.            Intra module refs:   CreateSecondaryRamLib
           ENTRY                   ADDRESS         REF BY
           =====                   =======         ======
           nse_onkey               00000C68 
               stack 1 = 00000000 ( 00000014 )
    -------------------------------------------------------------------------
CODE
  Segment part 15. NOT NEEDED.
    -------------------------------------------------------------------------
CODE
  Relative segment, address: CODE_AREA 00000DDC - 00000E6F (0x94 bytes), align: 2
  Segment part 16.            Intra module refs:   CreateSecondaryRamLib
           ENTRY                   ADDRESS         REF BY
           =====                   =======         ======
           nse_onmessage           00000DDC 
               stack 1 = 00000000 ( 00000008 )
    -------------------------------------------------------------------------
CODE
  Segment part 17. NOT NEEDED.
    -------------------------------------------------------------------------
CODE
  Relative segment, address: CODE_AREA 00000E70 - 00001067 (0x1f8 bytes), align: 2
  Segment part 18.            Intra module refs:   main
                                                   maincsm_onmessage
           ENTRY                   ADDRESS         REF BY
           =====                   =======         ======
           CreateSecondaryRamLib   00000E70 
               stack 1 = 00000000 ( 00000004 )
    -------------------------------------------------------------------------
CODE
  Segment part 19. NOT NEEDED.
    -------------------------------------------------------------------------
CODE
  Relative segment, address: CODE_AREA 00001068 - 0000118F (0x128 bytes), align: 2
  Segment part 20.            Intra module refs:   maincsm_onclose
                                                   maincsm_onmessage
           ENTRY                   ADDRESS         REF BY
           =====                   =======         ======
           RepairRAMSWILib         00001068 
               stack 1 = 00000000 ( 00000004 )
    -------------------------------------------------------------------------
CODE
  Relative segment, address: CODE_AREA 00001190 - 00001193 (0x4 bytes), align: 2
  Segment part 21.            Intra module refs:   CreateSecondaryRamLib
                                                   RepairRAMSWILib
    -------------------------------------------------------------------------
CODE
  Relative segment, address: CODE_AREA 00001194 - 00001197 (0x4 bytes), align: 2
  Segment part 22.            Intra module refs:   CreateSecondaryRamLib
                                                   RepairRAMSWILib
    -------------------------------------------------------------------------
CODE
  Relative segment, address: CODE_AREA 00001198 - 0000119B (0x4 bytes), align: 2
  Segment part 23.            Intra module refs:   CreateSecondaryRamLib
                                                   RepairRAMSWILib
    -------------------------------------------------------------------------
CODE
  Relative segment, address: CODE_AREA 0000119C - 0000119F (0x4 bytes), align: 2
  Segment part 24.            Intra module refs:   CreateSecondaryRamLib
                                                   RepairRAMSWILib
    -------------------------------------------------------------------------
CODE
  Relative segment, address: CODE_AREA 000011A0 - 000011A3 (0x4 bytes), align: 2
  Segment part 25.            Intra module refs:   CreateSecondaryRamLib
                                                   RepairRAMSWILib
    -------------------------------------------------------------------------
CODE
  Relative segment, address: CODE_AREA 000011A4 - 000011A7 (0x4 bytes), align: 2
  Segment part 26.            Intra module refs:   CreateSecondaryRamLib
                                                   RepairRAMSWILib
    -------------------------------------------------------------------------
CODE
  Relative segment, address: CODE_AREA 000011A8 - 000011AB (0x4 bytes), align: 2
  Segment part 27.            Intra module refs:   CreateSecondaryRamLib
                                                   RepairRAMSWILib
    -------------------------------------------------------------------------
CODE
  Relative segment, address: CODE_AREA 000011AC - 000011AF (0x4 bytes), align: 2
  Segment part 28.            Intra module refs:   CreateSecondaryRamLib
                                                   RepairRAMSWILib
    -------------------------------------------------------------------------
CODE
  Relative segment, address: CODE_AREA 000011B0 - 000011B3 (0x4 bytes), align: 2
  Segment part 29.            Intra module refs:   CreateSecondaryRamLib
                                                   RepairRAMSWILib
    -------------------------------------------------------------------------
CODE
  Relative segment, address: CODE_AREA 000011B4 - 000011B7 (0x4 bytes), align: 2
  Segment part 30.            Intra module refs:   CreateSecondaryRamLib
                                                   RepairRAMSWILib
    -------------------------------------------------------------------------
CODE
  Segment part 31. NOT NEEDED.
    -------------------------------------------------------------------------
CODE
  Relative segment, address: CODE_AREA 000011B8 - 0000124F (0x98 bytes), align: 2
  Segment part 32.            Intra module refs:   Segment part 3
           LOCAL                   ADDRESS         
           =====                   =======         
           maincsm_onmessage       000011B8 
               stack 1 = 00000000 ( 0000000C )
    -------------------------------------------------------------------------
CODE
  Segment part 33. NOT NEEDED.
    -------------------------------------------------------------------------
CODE
  Relative segment, address: CODE_AREA 00001250 - 00001253 (0x4 bytes), align: 2
  Segment part 34.            Intra module refs:   Segment part 3
           LOCAL                   ADDRESS         
           =====                   =======         
           maincsm_oncreate        00001250 
    -------------------------------------------------------------------------
CODE
  Segment part 35. NOT NEEDED.
    -------------------------------------------------------------------------
CODE
  Relative segment, address: CODE_AREA 00001254 - 0000126F (0x1c bytes), align: 2
  Segment part 36.            Intra module refs:   Segment part 41
           LOCAL                   ADDRESS         
           =====                   =======         
           ELFUnload               00001254 
               stack 1 = 00000000 ( 00000004 )
    -------------------------------------------------------------------------
CODE
  Segment part 37. NOT NEEDED.
    -------------------------------------------------------------------------
CODE
  Relative segment, address: CODE_AREA 00001270 - 0000128B (0x1c bytes), align: 2
  Segment part 38.            Intra module refs:   Segment part 3
           LOCAL                   ADDRESS         
           =====                   =======         
           maincsm_onclose         00001270 
               stack 1 = 00000000 ( 00000004 )
    -------------------------------------------------------------------------
CODE
  Segment part 39. NOT NEEDED.
    -------------------------------------------------------------------------
DATA_Z
  Relative segment, address: CODE_AREA 000016CC - 000017E3 (0x118 bytes), align: 2
  Segment part 10.            Intra module refs:   Segment part 3
           ENTRY                   ADDRESS         REF BY
           =====                   =======         ======
           maincsm_name_body       000016CC 
    -------------------------------------------------------------------------
DATA_C
  Relative segment, address: CODE_AREA 000013F4 - 00001453 (0x60 bytes), align: 2
  Segment part 2.             Intra module refs:   nse_keyhook
    -------------------------------------------------------------------------
DATA_C
  Relative segment, address: CODE_AREA 00001454 - 000014C7 (0x74 bytes), align: 2
  Segment part 3.             Intra module refs:   main
    -------------------------------------------------------------------------
DATA_C
  Relative segment, address: CODE_AREA 000014C8 - 000014CB (0x4 bytes), align: 2
  Segment part 4.             Intra module refs:   Segment part 3
           ENTRY                   ADDRESS         REF BY
           =====                   =======         ======
           minus11                 000014C8 
    -------------------------------------------------------------------------
CODE
  Relative segment, address: CODE_AREA 0000128C - 00001393 (0x108 bytes), align: 2
  Segment part 40.
           ENTRY                   ADDRESS         REF BY
           =====                   =======         ======
           main                    0000128C        Absolute parts (?ABS_ENTRY_MOD)
               stack 1 = 00000000 ( 00000040 )
    -------------------------------------------------------------------------
CODE
  Relative segment, address: CODE_AREA 00001394 - 00001397 (0x4 bytes), align: 2
  Segment part 41.            Intra module refs:   main
                                                   maincsm_onclose
    -------------------------------------------------------------------------
CODE
  Relative segment, address: CODE_AREA 00001398 - 0000139B (0x4 bytes), align: 2
  Segment part 42.            Intra module refs:   main
                                                   maincsm_onmessage
                                                   nse_keyhook
    -------------------------------------------------------------------------
CODE
  Relative segment, address: CODE_AREA 0000139C - 0000139F (0x4 bytes), align: 2
  Segment part 43.            Intra module refs:   main
                                                   maincsm_onclose
                                                   maincsm_onmessage
    -------------------------------------------------------------------------
CODE
  Relative segment, address: CODE_AREA 000013A0 - 000013A3 (0x4 bytes), align: 2
  Segment part 44.            Intra module refs:   main
                                                   maincsm_onmessage
    -------------------------------------------------------------------------
CODE
  Segment part 45. NOT NEEDED.Intra module refs:   nse_onkey
    -------------------------------------------------------------------------
CODE
  Segment part 46. NOT NEEDED.Intra module refs:   nse_onmessage
    -------------------------------------------------------------------------
CODE
  Segment part 47. NOT NEEDED.Intra module refs:   main
                                                   maincsm_onmessage
    -------------------------------------------------------------------------
CODE
  Segment part 48. NOT NEEDED.Intra module refs:   ELFUnload
    -------------------------------------------------------------------------
CSTACK
  Segment part 1. NOT NEEDED.
    -------------------------------------------------------------------------
DATA_ID
  Relative segment, address: CODE_AREA 00000004 - 00000007 (0x4 bytes), align: 2
  Segment part 6.             Intra module refs:   keyup
    -------------------------------------------------------------------------
INITTAB
  Segment part 49. TENTATIVE. Used definition from func_ext
           ENTRY                   ADDRESS         REF BY
           =====                   =======         ======
           ?init?tab?DATA_Z        
    -------------------------------------------------------------------------
DATA_ID
  Segment part 50. TENTATIVE. Used definition from conf_loader
           ENTRY                   ADDRESS         REF BY
           =====                   =======         ======
           ?*?DATA_ID              
    -------------------------------------------------------------------------
INITTAB
  Segment part 51. TENTATIVE. Used definition from conf_loader
           ENTRY                   ADDRESS         REF BY
           =====                   =======         ======
           ?init?tab?DATA_I        




                ****************************************
                *                                      *
                *            MODULE SUMMARY            *
                *                                      *
                ****************************************

Module            CODE   DATA
------            ----   ----
                 (Rel)  (Rel)
addfunc              4
conf_loader        393      4
  + shared          12
config_data      2 568
func                 8
func_ext         2 640
  + shared          12
main             3 044      4
N/A (alignment)
------           -----      -
Total:           8 681      8


                ****************************************
                *                                      *
                *              CALL GRAPH              *
                *                                      *
                ****************************************

  ->Sub-tree of type: Indirectly called function tree that does not make
                    : indirect calls (Is not an interrupt and is not flagged
                    : as not overlayable)
                             CSTACK
    | Stack used (prev) :  00000000
  01  CreateCSM_mod
      | Stack used (prev) :  00000000
      | + function block  :  00000018
  <-Sub-tree of type: Indirectly called function tree that does not make
                    : indirect calls (Is not an interrupt and is not flagged
                    : as not overlayable)
    | Stack used          :  00000018


  ->Sub-tree of type: Indirectly called function tree that does not make
                    : indirect calls (Is not an interrupt and is not flagged
                    : as not overlayable)
                             CSTACK
    | Stack used (prev) :  00000000
  01  CreateGUI_mod
      | Stack used (prev) :  00000000
      | + function block  :  00000008
  <-Sub-tree of type: Indirectly called function tree that does not make
                    : indirect calls (Is not an interrupt and is not flagged
                    : as not overlayable)
    | Stack used          :  00000008


  ->Sub-tree of type: Indirectly called function tree that does not make
                    : indirect calls (Is not an interrupt and is not flagged
                    : as not overlayable)
                             CSTACK
    | Stack used (prev) :  00000000
  01  CreateGUI_ID_mod
      | Stack used (prev) :  00000000
      | + function block  :  0000000C
  <-Sub-tree of type: Indirectly called function tree that does not make
                    : indirect calls (Is not an interrupt and is not flagged
                    : as not overlayable)
    | Stack used          :  0000000C


  ->Sub-tree of type: Indirectly called function tree that does not make
                    : indirect calls (Is not an interrupt and is not flagged
                    : as not overlayable)
                             CSTACK
    | Stack used (prev) :  00000000
  01  CreateGUI_30or2_mod
      | Stack used (prev) :  00000000
      | + function block  :  00000008
  <-Sub-tree of type: Indirectly called function tree that does not make
                    : indirect calls (Is not an interrupt and is not flagged
                    : as not overlayable)
    | Stack used          :  00000008


  ->Sub-tree of type: Indirectly called function tree that does not make
                    : indirect calls (Is not an interrupt and is not flagged
                    : as not overlayable)
                             CSTACK
    | Stack used (prev) :  00000000
  01  CreateGUIWithDummyCSM_mod
      | Stack used (prev) :  00000000
      | + function block  :  0000000C
  <-Sub-tree of type: Indirectly called function tree that does not make
                    : indirect calls (Is not an interrupt and is not flagged
                    : as not overlayable)
    | Stack used          :  0000000C


  ->Sub-tree of type: Indirectly called function tree that does not make
                    : indirect calls (Is not an interrupt and is not flagged
                    : as not overlayable)
                             CSTACK
    | Stack used (prev) :  00000000
  01  CreateGUIWithDummyCSM_30or2_mod
      | Stack used (prev) :  00000000
      | + function block  :  0000000C
  <-Sub-tree of type: Indirectly called function tree that does not make
                    : indirect calls (Is not an interrupt and is not flagged
                    : as not overlayable)
    | Stack used          :  0000000C


  ->Sub-tree of type: Indirectly called function tree that does not make
                    : indirect calls (Is not an interrupt and is not flagged
                    : as not overlayable)
                             CSTACK
    | Stack used (prev) :  00000000
  01  CreateInputTextDialog_mod
      | Stack used (prev) :  00000000
      | + function block  :  00000024
  <-Sub-tree of type: Indirectly called function tree that does not make
                    : indirect calls (Is not an interrupt and is not flagged
                    : as not overlayable)
    | Stack used          :  00000024


  ->Sub-tree of type: Indirectly called function tree that does not make
                    : indirect calls (Is not an interrupt and is not flagged
                    : as not overlayable)
                             CSTACK
    | Stack used (prev) :  00000000
  01  CreateMenu_mod
      | Stack used (prev) :  00000000
      | + function block  :  00000034
  <-Sub-tree of type: Indirectly called function tree that does not make
                    : indirect calls (Is not an interrupt and is not flagged
                    : as not overlayable)
    | Stack used          :  00000034


  ->Sub-tree of type: Indirectly called function tree that does not make
                    : indirect calls (Is not an interrupt and is not flagged
                    : as not overlayable)
                             CSTACK
    | Stack used (prev) :  00000000
  01  CreateMultiLinesMenu_mod
      | Stack used (prev) :  00000000
      | + function block  :  00000024
  <-Sub-tree of type: Indirectly called function tree that does not make
                    : indirect calls (Is not an interrupt and is not flagged
                    : as not overlayable)
    | Stack used          :  00000024


  ->Sub-tree of type: Indirectly called function tree that does not make
                    : indirect calls (Is not an interrupt and is not flagged
                    : as not overlayable)
                             CSTACK
    | Stack used (prev) :  00000000
  01  PlayFile_mod
      | Stack used (prev) :  00000000
      | + function block  :  00000034
  <-Sub-tree of type: Indirectly called function tree that does not make
                    : indirect calls (Is not an interrupt and is not flagged
                    : as not overlayable)
    | Stack used          :  00000034


  ->Sub-tree of type: Indirectly called function tree that does not make
                    : indirect calls (Is not an interrupt and is not flagged
                    : as not overlayable)
                             CSTACK
    | Stack used (prev) :  00000000
  01  PlayMelodyInMem_mod
      | Stack used (prev) :  00000000
      | + function block  :  0000000C
  <-Sub-tree of type: Indirectly called function tree that does not make
                    : indirect calls (Is not an interrupt and is not flagged
                    : as not overlayable)
    | Stack used          :  0000000C


  ->Sub-tree of type: Indirectly called function tree that does not make
                    : indirect calls (Is not an interrupt and is not flagged
                    : as not overlayable)
                             CSTACK
    | Stack used (prev) :  00000000
  01  FindFirstFile_mod
      | Stack used (prev) :  00000000
      | + function block  :  00000014
  <-Sub-tree of type: Indirectly called function tree that does not make
                    : indirect calls (Is not an interrupt and is not flagged
                    : as not overlayable)
    | Stack used          :  00000014


  ->Sub-tree of type: Indirectly called function tree that does not make
                    : indirect calls (Is not an interrupt and is not flagged
                    : as not overlayable)
                             CSTACK
    | Stack used (prev) :  00000000
  01  FindNextFile_mod
      | Stack used (prev) :  00000000
      | + function block  :  00000010
  <-Sub-tree of type: Indirectly called function tree that does not make
                    : indirect calls (Is not an interrupt and is not flagged
                    : as not overlayable)
    | Stack used          :  00000010


  ->Sub-tree of type: Indirectly called function tree that does not make
                    : indirect calls (Is not an interrupt and is not flagged
                    : as not overlayable)
                             CSTACK
    | Stack used (prev) :  00000000
  01  FindClose_mod
      | Stack used (prev) :  00000000
      | + function block  :  00000010
  <-Sub-tree of type: Indirectly called function tree that does not make
                    : indirect calls (Is not an interrupt and is not flagged
                    : as not overlayable)
    | Stack used          :  00000010


  ->Sub-tree of type: Indirectly called function tree that does not make
                    : indirect calls (Is not an interrupt and is not flagged
                    : as not overlayable)
                             CSTACK
    | Stack used (prev) :  00000000
  01  nse_keyhook
      | Stack used (prev) :  00000000
      | + function block  :  0000002C
  <-Sub-tree of type: Indirectly called function tree that does not make
                    : indirect calls (Is not an interrupt and is not flagged
                    : as not overlayable)
    | Stack used          :  0000002C


  ->Sub-tree of type: Indirectly called function tree that does not make
                    : indirect calls (Is not an interrupt and is not flagged
                    : as not overlayable)
                             CSTACK
    | Stack used (prev) :  00000000
  01  nse_onkey
      | Stack used (prev) :  00000000
      | + function block  :  00000014
  <-Sub-tree of type: Indirectly called function tree that does not make
                    : indirect calls (Is not an interrupt and is not flagged
                    : as not overlayable)
    | Stack used          :  00000014


  ->Sub-tree of type: Indirectly called function tree that does not make
                    : indirect calls (Is not an interrupt and is not flagged
                    : as not overlayable)
                             CSTACK
    | Stack used (prev) :  00000000
  01  nse_onmessage
      | Stack used (prev) :  00000000
      | + function block  :  00000008
  <-Sub-tree of type: Indirectly called function tree that does not make
                    : indirect calls (Is not an interrupt and is not flagged
                    : as not overlayable)
    | Stack used          :  00000008


  ->Sub-tree of type: Indirectly called function tree that does not make
                    : indirect calls (Is not an interrupt and is not flagged
                    : as not overlayable)
                             CSTACK
    | Stack used (prev) :  00000000
  01  maincsm_onmessage
      | Stack used (prev) :  00000000
      | + function block  :  0000000C
  <-Sub-tree of type: Indirectly called function tree that does not make
                    : indirect calls (Is not an interrupt and is not flagged
                    : as not overlayable)
    | Stack used          :  0000000C


  ->Sub-tree of type: Indirectly called function tree that does not make
                    : indirect calls (Is not an interrupt and is not flagged
                    : as not overlayable)
                             CSTACK
    | Stack used (prev) :  00000000
  01  maincsm_oncreate
      | Stack used (prev) :  00000000
      | + function block  :  00000000
  <-Sub-tree of type: Indirectly called function tree that does not make
                    : indirect calls (Is not an interrupt and is not flagged
                    : as not overlayable)
    | Stack used          :  00000000


  ->Sub-tree of type: Indirectly called function tree that does not make
                    : indirect calls (Is not an interrupt and is not flagged
                    : as not overlayable)
                             CSTACK
    | Stack used (prev) :  00000000
  01  ELFUnload
      | Stack used (prev) :  00000000
      | + function block  :  00000004
  <-Sub-tree of type: Indirectly called function tree that does not make
                    : indirect calls (Is not an interrupt and is not flagged
                    : as not overlayable)
    | Stack used          :  00000004


  ->Sub-tree of type: Indirectly called function tree that does not make
                    : indirect calls (Is not an interrupt and is not flagged
                    : as not overlayable)
                             CSTACK
    | Stack used (prev) :  00000000
  01  maincsm_onclose
      | Stack used (prev) :  00000000
      | + function block  :  00000004
  <-Sub-tree of type: Indirectly called function tree that does not make
                    : indirect calls (Is not an interrupt and is not flagged
                    : as not overlayable)
    | Stack used          :  00000004


  ->Sub-tree of type: Function tree
                             CSTACK
    | Stack used (prev) :  00000034
  01  LoadConfigData
      | Stack used (prev) :  00000034
      | + function block  :  00000030
  <-Sub-tree of type: Function tree
    | Stack used          :  00000064


  ->Sub-tree of type: Function tree
                             CSTACK
    | Stack used (prev) :  00000064
  01  InitConfig
      | Stack used (prev) :  00000064
      | + function block  :  00000008
  <-Sub-tree of type: Function tree
    | Stack used          :  0000006C


  ->Sub-tree of type: Function tree
                             CSTACK
    | Stack used (prev) :  0000006C
  01  CreateSecondaryRamLib
      | Stack used (prev) :  0000006C
      | + function block  :  00000004
  <-Sub-tree of type: Function tree
    | Stack used          :  00000070


  ->Sub-tree of type: Function tree
                             CSTACK
    | Stack used (prev) :  00000070
  01  RepairRAMSWILib
      | Stack used (prev) :  00000070
      | + function block  :  00000004
  <-Sub-tree of type: Function tree
    | Stack used          :  00000074


  ->Sub-tree of type: Function tree
                             CSTACK
    | Stack used (prev) :  00000074
  01  main
      | Stack used (prev) :  00000074
      | + function block  :  00000040
  <-Sub-tree of type: Function tree
    | Stack used          :  000000B4




                ****************************************
                *                                      *
                *      SEGMENTS IN ADDRESS ORDER       *
                *                                      *
                ****************************************


SEGMENT              SPACE    START ADDRESS   END ADDRESS     SIZE  TYPE  ALIGN
=======              =====    =============   ===========     ====  ====  =====
ELFBEGIN             CODE_AREA           00000000                     rel    0
DATA_ID              CODE_AREA      00000000 - 00000007           8   rel    2
START                CODE_AREA           00000008                     dse    0
CODE                 CODE_AREA      00000008 - 000013A3        139C   rel    2
DATA_C               CODE_AREA      000013A4 - 000014CC         129   rel    2
INITTAB              CODE_AREA      000014D0 - 000014E7          18   rel    2
DATA_Z               CODE_AREA      000014E8 - 000017E3         2FC   rel    2
DATA_N               CODE_AREA           000017E4                     dse    0
CONFIG_C             CODE_AREA      000017E4 - 000021EB         A08   rel    2
DATA_I               DATA_AREA      00000000 - 00000007           8   rel    2

                ****************************************
                *                                      *
                *        END OF CROSS REFERENCE        *
                *                                      *
                ****************************************

 8 681 bytes of CODE memory
     8 bytes of DATA memory

Errors: none
Warnings: none

