###############################################################################
#                                                                             #
#     IAR Systems ARM Assembler V4.42A/W32 09/May/2010  02:40:20              #
#     Copyright 1999-2007 IAR Systems. All rights reserved.                   #
#                                                                             #
#           Source file   =  E:\ELFLoader\config\sub_S65sw58.asm              #
#           List file     =  E:\ELFLoader\CX6Cv50\List\sub_S65sw58.lst        #
#           Object file   =  E:\ELFLoader\CX6Cv50\Obj\sub_S65sw58.r79         #
#           Command line  =  E:\ELFLoader\config\sub_S65sw58.asm              #
#                            -OE:\ELFLoader\CX6Cv50\Obj\ -s+ -M<> -w+         #
#                            -DNOTALIGN -LE:\ELFLoader\CX6Cv50\List\ -cE -t8  #
#                            --cpu ARM926EJ-S --fpu None                      #
#                            -IF:\software\Embedded Workbench 4.0 Evaluation\ARM\INC\ #
#                                                                             #
###############################################################################

    1    00000000                      
    2    00000000                      RSEG    CODE:CODE
    3    00000000                      
    4    00000000                      PUBLIC  oldDrawObj_sub_1
    5    00000000              oldDrawObj_sub_1:
    6    00000000 ADE614A1             DCD 0xA114E6AC+1
    7    00000004                
    8    00000000                      PUBLIC  oldDrawObj_sub_2
    9    00000004              oldDrawObj_sub_2:
   10    00000004 955115A1             DCD 0xA1155194+1
   11    00000008              
   12    00000008              
   13    00000008                      END
##############################
#          CRC:71B9          #
#        Errors:   0         #
#        Warnings: 0         #
#          Bytes: 8          #
##############################



