###############################################################################
#                                                                             #
#     IAR Systems ARM Assembler V4.42A/W32 09/May/2010  02:40:20              #
#     Copyright 1999-2007 IAR Systems. All rights reserved.                   #
#                                                                             #
#           Source file   =  E:\ELFLoader\config\sub_SL65sw53.asm             #
#           List file     =  E:\ELFLoader\CX6Cv50\List\sub_SL65sw53.lst       #
#           Object file   =  E:\ELFLoader\CX6Cv50\Obj\sub_SL65sw53.r79        #
#           Command line  =  E:\ELFLoader\config\sub_SL65sw53.asm             #
#                            -OE:\ELFLoader\CX6Cv50\Obj\ -s+ -M<> -w+         #
#                            -DNOTALIGN -LE:\ELFLoader\CX6Cv50\List\ -cE -t8  #
#                            --cpu ARM926EJ-S --fpu None                      #
#                            -IF:\software\Embedded Workbench 4.0 Evaluation\ARM\INC\ #
#                                                                             #
###############################################################################

    1    00000000              //SL65v53
    2    00000000              
    3    00000000                      RSEG    CODE:CODE
    4    00000000                      
    5    00000000                      PUBLIC  oldDrawObj_sub_1
    6    00000000              oldDrawObj_sub_1:
    7    00000000 456514A1             DCD 0xA1146544+1
    8    00000004                
    9    00000000                      PUBLIC  oldDrawObj_sub_2
   10    00000004              oldDrawObj_sub_2:
   11    00000004 35D014A1             DCD 0xA114D034+1
   12    00000008              
   13    00000008              
   14    00000008                      END
##############################
#          CRC:8709          #
#        Errors:   0         #
#        Warnings: 0         #
#          Bytes: 8          #
##############################



